Archive member included to satisfy reference by file (symbol)

/home/ben/Toradex/LinuxDevelop/FreeRTOS/Colibri-iMX8X/gcc-arm-none-eabi-9-2020-q2-update/bin/../lib/gcc/arm-none-eabi/9.3.1/../../../../arm-none-eabi/lib/thumb/v7e-m+fp/hard/libc_nano.a(lib_a-errno.o)
                              CMakeFiles/freertos_hello.elf.dir/home/ben/Toradex/LinuxDevelop/FreeRTOS/Colibri-iMX8X/SDK_2_9_0_MEK-MIMX8QX/devices/MIMX8QX6/utilities/str/fsl_str.c.obj (__errno)
/home/ben/Toradex/LinuxDevelop/FreeRTOS/Colibri-iMX8X/gcc-arm-none-eabi-9-2020-q2-update/bin/../lib/gcc/arm-none-eabi/9.3.1/../../../../arm-none-eabi/lib/thumb/v7e-m+fp/hard/libc_nano.a(lib_a-exit.o)
                              /home/ben/Toradex/LinuxDevelop/FreeRTOS/Colibri-iMX8X/gcc-arm-none-eabi-9-2020-q2-update/bin/../lib/gcc/arm-none-eabi/9.3.1/../../../../arm-none-eabi/lib/thumb/v7e-m+fp/hard/crt0.o (exit)
/home/ben/Toradex/LinuxDevelop/FreeRTOS/Colibri-iMX8X/gcc-arm-none-eabi-9-2020-q2-update/bin/../lib/gcc/arm-none-eabi/9.3.1/../../../../arm-none-eabi/lib/thumb/v7e-m+fp/hard/libc_nano.a(lib_a-impure.o)
                              /home/ben/Toradex/LinuxDevelop/FreeRTOS/Colibri-iMX8X/gcc-arm-none-eabi-9-2020-q2-update/bin/../lib/gcc/arm-none-eabi/9.3.1/../../../../arm-none-eabi/lib/thumb/v7e-m+fp/hard/libc_nano.a(lib_a-exit.o) (_global_impure_ptr)
/home/ben/Toradex/LinuxDevelop/FreeRTOS/Colibri-iMX8X/gcc-arm-none-eabi-9-2020-q2-update/bin/../lib/gcc/arm-none-eabi/9.3.1/../../../../arm-none-eabi/lib/thumb/v7e-m+fp/hard/libc_nano.a(lib_a-init.o)
                              /home/ben/Toradex/LinuxDevelop/FreeRTOS/Colibri-iMX8X/gcc-arm-none-eabi-9-2020-q2-update/bin/../lib/gcc/arm-none-eabi/9.3.1/../../../../arm-none-eabi/lib/thumb/v7e-m+fp/hard/crt0.o (__libc_init_array)
/home/ben/Toradex/LinuxDevelop/FreeRTOS/Colibri-iMX8X/gcc-arm-none-eabi-9-2020-q2-update/bin/../lib/gcc/arm-none-eabi/9.3.1/../../../../arm-none-eabi/lib/thumb/v7e-m+fp/hard/libc_nano.a(lib_a-malloc.o)
                              CMakeFiles/freertos_hello.elf.dir/home/ben/Toradex/LinuxDevelop/FreeRTOS/Colibri-iMX8X/SDK_2_9_0_MEK-MIMX8QX/devices/MIMX8QX6/drivers/fsl_common.c.obj (malloc)
/home/ben/Toradex/LinuxDevelop/FreeRTOS/Colibri-iMX8X/gcc-arm-none-eabi-9-2020-q2-update/bin/../lib/gcc/arm-none-eabi/9.3.1/../../../../arm-none-eabi/lib/thumb/v7e-m+fp/hard/libc_nano.a(lib_a-memcpy-stub.o)
                              CMakeFiles/freertos_hello.elf.dir/home/ben/Toradex/LinuxDevelop/FreeRTOS/Colibri-iMX8X/SDK_2_9_0_MEK-MIMX8QX/rtos/freertos/freertos_kernel/queue.c.obj (memcpy)
/home/ben/Toradex/LinuxDevelop/FreeRTOS/Colibri-iMX8X/gcc-arm-none-eabi-9-2020-q2-update/bin/../lib/gcc/arm-none-eabi/9.3.1/../../../../arm-none-eabi/lib/thumb/v7e-m+fp/hard/libc_nano.a(lib_a-memset.o)
                              /home/ben/Toradex/LinuxDevelop/FreeRTOS/Colibri-iMX8X/gcc-arm-none-eabi-9-2020-q2-update/bin/../lib/gcc/arm-none-eabi/9.3.1/../../../../arm-none-eabi/lib/thumb/v7e-m+fp/hard/crt0.o (memset)
/home/ben/Toradex/LinuxDevelop/FreeRTOS/Colibri-iMX8X/gcc-arm-none-eabi-9-2020-q2-update/bin/../lib/gcc/arm-none-eabi/9.3.1/../../../../arm-none-eabi/lib/thumb/v7e-m+fp/hard/libc_nano.a(lib_a-nano-freer.o)
                              /home/ben/Toradex/LinuxDevelop/FreeRTOS/Colibri-iMX8X/gcc-arm-none-eabi-9-2020-q2-update/bin/../lib/gcc/arm-none-eabi/9.3.1/../../../../arm-none-eabi/lib/thumb/v7e-m+fp/hard/libc_nano.a(lib_a-malloc.o) (_free_r)
/home/ben/Toradex/LinuxDevelop/FreeRTOS/Colibri-iMX8X/gcc-arm-none-eabi-9-2020-q2-update/bin/../lib/gcc/arm-none-eabi/9.3.1/../../../../arm-none-eabi/lib/thumb/v7e-m+fp/hard/libc_nano.a(lib_a-nano-mallocr.o)
                              /home/ben/Toradex/LinuxDevelop/FreeRTOS/Colibri-iMX8X/gcc-arm-none-eabi-9-2020-q2-update/bin/../lib/gcc/arm-none-eabi/9.3.1/../../../../arm-none-eabi/lib/thumb/v7e-m+fp/hard/libc_nano.a(lib_a-malloc.o) (_malloc_r)
/home/ben/Toradex/LinuxDevelop/FreeRTOS/Colibri-iMX8X/gcc-arm-none-eabi-9-2020-q2-update/bin/../lib/gcc/arm-none-eabi/9.3.1/../../../../arm-none-eabi/lib/thumb/v7e-m+fp/hard/libc_nano.a(lib_a-sbrkr.o)
                              /home/ben/Toradex/LinuxDevelop/FreeRTOS/Colibri-iMX8X/gcc-arm-none-eabi-9-2020-q2-update/bin/../lib/gcc/arm-none-eabi/9.3.1/../../../../arm-none-eabi/lib/thumb/v7e-m+fp/hard/libc_nano.a(lib_a-nano-mallocr.o) (_sbrk_r)
/home/ben/Toradex/LinuxDevelop/FreeRTOS/Colibri-iMX8X/gcc-arm-none-eabi-9-2020-q2-update/bin/../lib/gcc/arm-none-eabi/9.3.1/../../../../arm-none-eabi/lib/thumb/v7e-m+fp/hard/libc_nano.a(lib_a-strlen.o)
                              CMakeFiles/freertos_hello.elf.dir/home/ben/Toradex/LinuxDevelop/FreeRTOS/Colibri-iMX8X/SDK_2_9_0_MEK-MIMX8QX/devices/MIMX8QX6/utilities/str/fsl_str.c.obj (strlen)
/home/ben/Toradex/LinuxDevelop/FreeRTOS/Colibri-iMX8X/gcc-arm-none-eabi-9-2020-q2-update/bin/../lib/gcc/arm-none-eabi/9.3.1/../../../../arm-none-eabi/lib/thumb/v7e-m+fp/hard/libc_nano.a(lib_a-strtoul.o)
[...]
Memory Configuration

Name             Origin             Length             Attributes
m_interrupts     0x000000001ffe0000 0x0000000000000a00 xr
m_text           0x000000001ffe0a00 0x000000000001f600 xr
m_data           0x0000000020000000 0x0000000000020000 rw
m_data2          0x0000000088000000 0x0000000008000000 rw
*default*        0x0000000000000000 0xffffffffffffffff

Linker script and memory map

LOAD /home/ben/Toradex/LinuxDevelop/FreeRTOS/Colibri-iMX8X/gcc-arm-none-eabi-9-2020-q2-update/bin/../lib/gcc/arm-none-eabi/9.3.1/thumb/v7e-m+fp/hard/crti.o
LOAD /home/ben/Toradex/LinuxDevelop/FreeRTOS/Colibri-iMX8X/gcc-arm-none-eabi-9-2020-q2-update/bin/../lib/gcc/arm-none-eabi/9.3.1/thumb/v7e-m+fp/hard/crtbegin.o
LOAD /home/ben/Toradex/LinuxDevelop/FreeRTOS/Colibri-iMX8X/gcc-arm-none-eabi-9-2020-q2-update/bin/../lib/gcc/arm-none-eabi/9.3.1/../../../../arm-none-eabi/lib/thumb/v7e-m+fp/hard/crt0.o
LOAD CMakeFiles/freertos_hello.elf.dir/home/ben/Toradex/LinuxDevelop/FreeRTOS/Colibri-iMX8X/SDK_2_9_0_MEK-MIMX8QX/boards/mekmimx8qx/rtos_examples/freertos_lpspi/freertos_hello.c.obj
LOAD CMakeFiles/freertos_hello.elf.dir/home/ben/Toradex/LinuxDevelop/FreeRTOS/Colibri-iMX8X/SDK_2_9_0_MEK-MIMX8QX/boards/mekmimx8qx/rtos_examples/freertos_lpspi/pin_mux.c.obj
LOAD CMakeFiles/freertos_hello.elf.dir/home/ben/Toradex/LinuxDevelop/FreeRTOS/Colibri-iMX8X/SDK_2_9_0_MEK-MIMX8QX/boards/mekmimx8qx/rtos_examples/freertos_lpspi/board.c.obj
LOAD CMakeFiles/freertos_hello.elf.dir/home/ben/Toradex/LinuxDevelop/FreeRTOS/Colibri-iMX8X/SDK_2_9_0_MEK-MIMX8QX/boards/mekmimx8qx/rtos_examples/freertos_lpspi/clock_config.c.obj
LOAD CMakeFiles/freertos_hello.elf.dir/home/ben/Toradex/LinuxDevelop/FreeRTOS/Colibri-iMX8X/SDK_2_9_0_MEK-MIMX8QX/boards/mekmimx8qx/rtos_examples/freertos_lpspi/empty_rsc_table.c.obj
LOAD CMakeFiles/freertos_hello.elf.dir/home/ben/Toradex/LinuxDevelop/FreeRTOS/Colibri-iMX8X/SDK_2_9_0_MEK-MIMX8QX/devices/MIMX8QX6/drivers/fsl_clock.c.obj
LOAD CMakeFiles/freertos_hello.elf.dir/home/ben/Toradex/LinuxDevelop/FreeRTOS/Colibri-iMX8X/SDK_2_9_0_MEK-MIMX8QX/devices/MIMX8QX6/drivers/fsl_common.c.obj
LOAD CMakeFiles/freertos_hello.elf.dir/home/ben/Toradex/LinuxDevelop/FreeRTOS/Colibri-iMX8X/SDK_2_9_0_MEK-MIMX8QX/devices/MIMX8QX6/scfw_api/main/ipc_imx8qx.c.obj
LOAD CMakeFiles/freertos_hello.elf.dir/home/ben/Toradex/LinuxDevelop/FreeRTOS/Colibri-iMX8X/SDK_2_9_0_MEK-MIMX8QX/devices/MIMX8QX6/scfw_api/svc/irq/irq_rpc_clnt.c.obj
LOAD CMakeFiles/freertos_hello.elf.dir/home/ben/Toradex/LinuxDevelop/FreeRTOS/Colibri-iMX8X/SDK_2_9_0_MEK-MIMX8QX/devices/MIMX8QX6/scfw_api/svc/misc/misc_rpc_clnt.c.obj
LOAD CMakeFiles/freertos_hello.elf.dir/home/ben/Toradex/LinuxDevelop/FreeRTOS/Colibri-iMX8X/SDK_2_9_0_MEK-MIMX8QX/devices/MIMX8QX6/scfw_api/svc/pad/pad_rpc_clnt.c.obj
LOAD CMakeFiles/freertos_hello.elf.dir/home/ben/Toradex/LinuxDevelop/FreeRTOS/Colibri-iMX8X/SDK_2_9_0_MEK-MIMX8QX/devices/MIMX8QX6/scfw_api/svc/pm/pm_rpc_clnt.c.obj
LOAD CMakeFiles/freertos_hello.elf.dir/home/ben/Toradex/LinuxDevelop/FreeRTOS/Colibri-iMX8X/SDK_2_9_0_MEK-MIMX8QX/devices/MIMX8QX6/scfw_api/svc/rm/rm_rpc_clnt.c.obj
LOAD CMakeFiles/freertos_hello.elf.dir/home/ben/Toradex/LinuxDevelop/FreeRTOS/Colibri-iMX8X/SDK_2_9_0_MEK-MIMX8QX/devices/MIMX8QX6/scfw_api/svc/seco/seco_rpc_clnt.c.obj
LOAD CMakeFiles/freertos_hello.elf.dir/home/ben/Toradex/LinuxDevelop/FreeRTOS/Colibri-iMX8X/SDK_2_9_0_MEK-MIMX8QX/devices/MIMX8QX6/scfw_api/svc/timer/timer_rpc_clnt.c.obj
LOAD CMakeFiles/freertos_hello.elf.dir/home/ben/Toradex/LinuxDevelop/FreeRTOS/Colibri-iMX8X/SDK_2_9_0_MEK-MIMX8QX/devices/MIMX8QX6/drivers/fsl_lpspi.c.obj
LOAD CMakeFiles/freertos_hello.elf.dir/home/ben/Toradex/LinuxDevelop/FreeRTOS/Colibri-iMX8X/SDK_2_9_0_MEK-MIMX8QX/devices/MIMX8QX6/drivers/fsl_lpspi_freertos.c.obj
LOAD CMakeFiles/freertos_hello.elf.dir/home/ben/Toradex/LinuxDevelop/FreeRTOS/Colibri-iMX8X/SDK_2_9_0_MEK-MIMX8QX/rtos/freertos/freertos_kernel/event_groups.c.obj
LOAD CMakeFiles/freertos_hello.elf.dir/home/ben/Toradex/LinuxDevelop/FreeRTOS/Colibri-iMX8X/SDK_2_9_0_MEK-MIMX8QX/rtos/freertos/freertos_kernel/croutine.c.obj
LOAD CMakeFiles/freertos_hello.elf.dir/home/ben/Toradex/LinuxDevelop/FreeRTOS/Colibri-iMX8X/SDK_2_9_0_MEK-MIMX8QX/rtos/freertos/freertos_kernel/list.c.obj
LOAD CMakeFiles/freertos_hello.elf.dir/home/ben/Toradex/LinuxDevelop/FreeRTOS/Colibri-iMX8X/SDK_2_9_0_MEK-MIMX8QX/rtos/freertos/freertos_kernel/portable/GCC/ARM_CM4F/port.c.obj
LOAD CMakeFiles/freertos_hello.elf.dir/home/ben/Toradex/LinuxDevelop/FreeRTOS/Colibri-iMX8X/SDK_2_9_0_MEK-MIMX8QX/rtos/freertos/freertos_kernel/queue.c.obj
LOAD CMakeFiles/freertos_hello.elf.dir/home/ben/Toradex/LinuxDevelop/FreeRTOS/Colibri-iMX8X/SDK_2_9_0_MEK-MIMX8QX/rtos/freertos/freertos_kernel/stream_buffer.c.obj
LOAD CMakeFiles/freertos_hello.elf.dir/home/ben/Toradex/LinuxDevelop/FreeRTOS/Colibri-iMX8X/SDK_2_9_0_MEK-MIMX8QX/rtos/freertos/freertos_kernel/tasks.c.obj
LOAD CMakeFiles/freertos_hello.elf.dir/home/ben/Toradex/LinuxDevelop/FreeRTOS/Colibri-iMX8X/SDK_2_9_0_MEK-MIMX8QX/rtos/freertos/freertos_kernel/timers.c.obj
LOAD CMakeFiles/freertos_hello.elf.dir/home/ben/Toradex/LinuxDevelop/FreeRTOS/Colibri-iMX8X/SDK_2_9_0_MEK-MIMX8QX/rtos/freertos/freertos_kernel/portable/MemMang/heap_4.c.obj
LOAD CMakeFiles/freertos_hello.elf.dir/home/ben/Toradex/LinuxDevelop/FreeRTOS/Colibri-iMX8X/SDK_2_9_0_MEK-MIMX8QX/devices/MIMX8QX6/utilities/str/fsl_str.c.obj
LOAD CMakeFiles/freertos_hello.elf.dir/home/ben/Toradex/LinuxDevelop/FreeRTOS/Colibri-iMX8X/SDK_2_9_0_MEK-MIMX8QX/devices/MIMX8QX6/utilities/debug_console/fsl_debug_console.c.obj
LOAD CMakeFiles/freertos_hello.elf.dir/home/ben/Toradex/LinuxDevelop/FreeRTOS/Colibri-iMX8X/SDK_2_9_0_MEK-MIMX8QX/components/serial_manager/fsl_component_serial_manager.c.obj
LOAD CMakeFiles/freertos_hello.elf.dir/home/ben/Toradex/LinuxDevelop/FreeRTOS/Colibri-iMX8X/SDK_2_9_0_MEK-MIMX8QX/components/serial_manager/fsl_component_serial_port_uart.c.obj
LOAD CMakeFiles/freertos_hello.elf.dir/home/ben/Toradex/LinuxDevelop/FreeRTOS/Colibri-iMX8X/SDK_2_9_0_MEK-MIMX8QX/devices/MIMX8QX6/drivers/fsl_lpuart.c.obj
LOAD CMakeFiles/freertos_hello.elf.dir/home/ben/Toradex/LinuxDevelop/FreeRTOS/Colibri-iMX8X/SDK_2_9_0_MEK-MIMX8QX/components/uart/fsl_adapter_lpuart.c.obj
LOAD CMakeFiles/freertos_hello.elf.dir/home/ben/Toradex/LinuxDevelop/FreeRTOS/Colibri-iMX8X/SDK_2_9_0_MEK-MIMX8QX/components/lists/fsl_component_generic_list.c.obj
LOAD CMakeFiles/freertos_hello.elf.dir/home/ben/Toradex/LinuxDevelop/FreeRTOS/Colibri-iMX8X/SDK_2_9_0_MEK-MIMX8QX/devices/MIMX8QX6/gcc/startup_MIMX8QX6_cm4.S.obj
LOAD CMakeFiles/freertos_hello.elf.dir/home/ben/Toradex/LinuxDevelop/FreeRTOS/Colibri-iMX8X/SDK_2_9_0_MEK-MIMX8QX/devices/MIMX8QX6/system_MIMX8QX6_cm4.c.obj
LOAD CMakeFiles/freertos_hello.elf.dir/home/ben/Toradex/LinuxDevelop/FreeRTOS/Colibri-iMX8X/SDK_2_9_0_MEK-MIMX8QX/devices/MIMX8QX6/drivers/fsl_gpio.c.obj
LOAD CMakeFiles/freertos_hello.elf.dir/home/ben/Toradex/LinuxDevelop/FreeRTOS/Colibri-iMX8X/SDK_2_9_0_MEK-MIMX8QX/devices/MIMX8QX6/utilities/fsl_assert.c.obj
LOAD CMakeFiles/freertos_hello.elf.dir/home/ben/Toradex/LinuxDevelop/FreeRTOS/Colibri-iMX8X/SDK_2_9_0_MEK-MIMX8QX/devices/MIMX8QX6/utilities/fsl_sbrk.c.obj
START GROUP
LOAD /home/ben/Toradex/LinuxDevelop/FreeRTOS/Colibri-iMX8X/gcc-arm-none-eabi-9-2020-q2-update/bin/../lib/gcc/arm-none-eabi/9.3.1/../../../../arm-none-eabi/lib/thumb/v7e-m+fp/hard/libm.a
LOAD /home/ben/Toradex/LinuxDevelop/FreeRTOS/Colibri-iMX8X/gcc-arm-none-eabi-9-2020-q2-update/bin/../lib/gcc/arm-none-eabi/9.3.1/../../../../arm-none-eabi/lib/thumb/v7e-m+fp/hard/libc_nano.a
LOAD /home/ben/Toradex/LinuxDevelop/FreeRTOS/Colibri-iMX8X/gcc-arm-none-eabi-9-2020-q2-update/bin/../lib/gcc/arm-none-eabi/9.3.1/thumb/v7e-m+fp/hard/libgcc.a
LOAD /home/ben/Toradex/LinuxDevelop/FreeRTOS/Colibri-iMX8X/gcc-arm-none-eabi-9-2020-q2-update/bin/../lib/gcc/arm-none-eabi/9.3.1/../../../../arm-none-eabi/lib/thumb/v7e-m+fp/hard/libnosys.a
END GROUP
START GROUP
LOAD /home/ben/Toradex/LinuxDevelop/FreeRTOS/Colibri-iMX8X/gcc-arm-none-eabi-9-2020-q2-update/bin/../lib/gcc/arm-none-eabi/9.3.1/thumb/v7e-m+fp/hard/libgcc.a
LOAD /home/ben/Toradex/LinuxDevelop/FreeRTOS/Colibri-iMX8X/gcc-arm-none-eabi-9-2020-q2-update/bin/../lib/gcc/arm-none-eabi/9.3.1/../../../../arm-none-eabi/lib/thumb/v7e-m+fp/hard/libc_nano.a
END GROUP
START GROUP
LOAD /home/ben/Toradex/LinuxDevelop/FreeRTOS/Colibri-iMX8X/gcc-arm-none-eabi-9-2020-q2-update/bin/../lib/gcc/arm-none-eabi/9.3.1/thumb/v7e-m+fp/hard/libgcc.a
LOAD /home/ben/Toradex/LinuxDevelop/FreeRTOS/Colibri-iMX8X/gcc-arm-none-eabi-9-2020-q2-update/bin/../lib/gcc/arm-none-eabi/9.3.1/../../../../arm-none-eabi/lib/thumb/v7e-m+fp/hard/libc_nano.a
LOAD /home/ben/Toradex/LinuxDevelop/FreeRTOS/Colibri-iMX8X/gcc-arm-none-eabi-9-2020-q2-update/bin/../lib/gcc/arm-none-eabi/9.3.1/../../../../arm-none-eabi/lib/thumb/v7e-m+fp/hard/libnosys.a
END GROUP
START GROUP
LOAD /home/ben/Toradex/LinuxDevelop/FreeRTOS/Colibri-iMX8X/gcc-arm-none-eabi-9-2020-q2-update/bin/../lib/gcc/arm-none-eabi/9.3.1/thumb/v7e-m+fp/hard/libgcc.a
LOAD /home/ben/Toradex/LinuxDevelop/FreeRTOS/Colibri-iMX8X/gcc-arm-none-eabi-9-2020-q2-update/bin/../lib/gcc/arm-none-eabi/9.3.1/../../../../arm-none-eabi/lib/thumb/v7e-m+fp/hard/libc_nano.a
LOAD /home/ben/Toradex/LinuxDevelop/FreeRTOS/Colibri-iMX8X/gcc-arm-none-eabi-9-2020-q2-update/bin/../lib/gcc/arm-none-eabi/9.3.1/../../../../arm-none-eabi/lib/thumb/v7e-m+fp/hard/libnosys.a
END GROUP
LOAD /home/ben/Toradex/LinuxDevelop/FreeRTOS/Colibri-iMX8X/gcc-arm-none-eabi-9-2020-q2-update/bin/../lib/gcc/arm-none-eabi/9.3.1/thumb/v7e-m+fp/hard/crtend.o
LOAD /home/ben/Toradex/LinuxDevelop/FreeRTOS/Colibri-iMX8X/gcc-arm-none-eabi-9-2020-q2-update/bin/../lib/gcc/arm-none-eabi/9.3.1/thumb/v7e-m+fp/hard/crtn.o
                0x0000000000000400                HEAP_SIZE = DEFINED (__heap_size__)?__heap_size__:0x400
                0x0000000000000400                STACK_SIZE = DEFINED (__stack_size__)?__stack_size__:0x400

.interrupts     0x000000001ffe0000      0xa00
                0x000000001ffe0000                . = ALIGN (0x8)
 *(.isr_vector)
 .isr_vector    0x000000001ffe0000      0xa00 CMakeFiles/freertos_hello.elf.dir/home/ben/Toradex/LinuxDevelop/FreeRTOS/Colibri-iMX8X/SDK_2_9_0_MEK-MIMX8QX/devices/MIMX8QX6/gcc/startup_MIMX8QX6_cm4.S.obj
                0x000000001ffe0000                __isr_vector
                0x000000001ffe0a00                . = ALIGN (0x8)

.resource_table
                0x000000001ffe0a00       0x10
                0x000000001ffe0a00                . = ALIGN (0x8)
 *(.resource_table)
 .resource_table
                0x000000001ffe0a00       0x10 CMakeFiles/freertos_hello.elf.dir/home/ben/Toradex/LinuxDevelop/FreeRTOS/Colibri-iMX8X/SDK_2_9_0_MEK-MIMX8QX/boards/mekmimx8qx/rtos_examples/freertos_lpspi/empty_rsc_table.c.obj
                0x000000001ffe0a00                resource_table
                0x000000001ffe0a10                . = ALIGN (0x8)

.text           0x000000001ffe0a10     0x3e90
                0x000000001ffe0a10                . = ALIGN (0x8)
 *(.text)
 .text          0x000000001ffe0a10       0x40 /home/ben/Toradex/LinuxDevelop/FreeRTOS/Colibri-iMX8X/gcc-arm-none-eabi-9-2020-q2-update/bin/../lib/gcc/arm-none-eabi/9.3.1/thumb/v7e-m+fp/hard/crtbegin.o
 .text          0x000000001ffe0a50       0x7c /home/ben/Toradex/LinuxDevelop/FreeRTOS/Colibri-iMX8X/gcc-arm-none-eabi-9-2020-q2-update/bin/../lib/gcc/arm-none-eabi/9.3.1/../../../../arm-none-eabi/lib/thumb/v7e-m+fp/hard/crt0.o
                0x000000001ffe0a50                _stack_init
                0x000000001ffe0a58                _mainCRTStartup
                0x000000001ffe0a58                _start
 .text          0x000000001ffe0acc      0x564 CMakeFiles/freertos_hello.elf.dir/home/ben/Toradex/LinuxDevelop/FreeRTOS/Colibri-iMX8X/SDK_2_9_0_MEK-MIMX8QX/devices/MIMX8QX6/gcc/startup_MIMX8QX6_cm4.S.obj
                0x000000001ffe0acc                Reset_Handler
                0x000000001ffe0b8c                Reserved18_IRQHandler
                0x000000001ffe0b8c                Reserved96_IRQHandler
                0x000000001ffe0b8c                IMAGING_MJPEG_DEC2_INT_IRQHandler
                0x000000001ffe0b8c                CONNECTIVITY_USB3_INT_IRQHandler
                0x000000001ffe0b8c                LSIO_MU10_INT_B_IRQHandler
                0x000000001ffe0b8c                Reserved512_IRQHandler
                0x000000001ffe0b8c                CONNECTIVITY_USDHC1_INT_DriverIRQHandler
                0x000000001ffe0b8c                Reserved134_IRQHandler
                0x000000001ffe0b8c                ADMA_GPT3_INT_DriverIRQHandler
                0x000000001ffe0b8c                LSIO_MU2_INT_IRQHandler
                0x000000001ffe0b8c                Reserved16_IRQHandler
                0x000000001ffe0b8c                ADMA_ADC0_INT_DriverIRQHandler
                0x000000001ffe0b8c                Reserved448_IRQHandler
                0x000000001ffe0b8c                Reserved111_IRQHandler
                0x000000001ffe0b8c                DebugMon_Handler
                0x000000001ffe0b8c                IRQSTEER_1_DriverIRQHandler
                0x000000001ffe0b8c                Reserved178_IRQHandler
                0x000000001ffe0b8c                Reserved88_IRQHandler
                0x000000001ffe0b8c                DRC_SBR_DONE_INT_IRQHandler
                0x000000001ffe0b8c                ADMA_EDMA1_INT_DriverIRQHandler
                0x000000001ffe0b8c                Reserved243_IRQHandler
                0x000000001ffe0b8c                SECURITY_MU2_A_INT_IRQHandler
                0x000000001ffe0b8c                M4_MU0_B3_IRQHandler
                0x000000001ffe0b8c                ADMA_SPDIF0_RX_MOD_INT_DriverIRQHandler
                0x000000001ffe0b8c                Reserved347_IRQHandler
                0x000000001ffe0b8c                Reserved153_IRQHandler
                0x000000001ffe0b8c                DISPLAY0_INT_OUT1_IRQHandler
                0x000000001ffe0b8c                ADMA_I2C2_MOD_INT_DriverIRQHandler
                0x000000001ffe0b8c                ADMA_SPDIF0_TX_INT_DriverIRQHandler
                0x000000001ffe0b8c                LSIO_MU13_INT_B_IRQHandler
                0x000000001ffe0b8c                ADMA_UART1_MOD_INT_DriverIRQHandler
                0x000000001ffe0b8c                HSIO_PCIEB_DMA_INT_DriverIRQHandler
                0x000000001ffe0b8c                Reserved76_IRQHandler
                0x000000001ffe0b8c                Reserved86_IRQHandler
                0x000000001ffe0b8c                Reserved295_IRQHandler
                0x000000001ffe0b8c                Reserved506_IRQHandler
                0x000000001ffe0b8c                LSIO_PWM1_INT_IRQHandler
                0x000000001ffe0b8c                Reserved248_IRQHandler
                0x000000001ffe0b8c                Reserved85_IRQHandler
                0x000000001ffe0b8c                Reserved64_IRQHandler
                0x000000001ffe0b8c                Reserved376_IRQHandler
                0x000000001ffe0b8c                Reserved234_IRQHandler
                0x000000001ffe0b8c                Reserved225_IRQHandler
                0x000000001ffe0b8c                ADMA_ESAI0_INT_DriverIRQHandler
                0x000000001ffe0b8c                M4_INTMUX_SOURCE_MU0_A2_DriverIRQHandler
                0x000000001ffe0b8c                ADMA_SAI1_MOD_INT_DriverIRQHandler
                0x000000001ffe0b8c                Reserved188_IRQHandler
                0x000000001ffe0b8c                Reserved545_IRQHandler
                0x000000001ffe0b8c                IRQSTEER_5_DriverIRQHandler
                0x000000001ffe0b8c                Reserved103_IRQHandler
                0x000000001ffe0b8c                ADMA_SAI3_INT_DriverIRQHandler
                0x000000001ffe0b8c                IMAGING_MJPEG_DEC1_INT_IRQHandler
                0x000000001ffe0b8c                Reserved308_IRQHandler
                0x000000001ffe0b8c                Reserved293_IRQHandler
                0x000000001ffe0b8c                IRQSTEER_4_DriverIRQHandler
                0x000000001ffe0b8c                Reserved114_IRQHandler
                0x000000001ffe0b8c                ADMA_I2C3_MOD_INT_DriverIRQHandler
                0x000000001ffe0b8c                LSIO_MU6_INT_B_IRQHandler
                0x000000001ffe0b8c                Reserved604_IRQHandler
                0x000000001ffe0b8c                SCU_INT_OUT4_IRQHandler
                0x000000001ffe0b8c                Reserved19_IRQHandler
                0x000000001ffe0b8c                LSIO_GPIO_INT3_IRQHandler
                0x000000001ffe0b8c                Reserved578_IRQHandler
                0x000000001ffe0b8c                LSIO_MU8_INT_A_IRQHandler
                0x000000001ffe0b8c                Reserved74_IRQHandler
                0x000000001ffe0b8c                Reserved89_IRQHandler
                0x000000001ffe0b8c                LSIO_KPP_INT_IRQHandler
                0x000000001ffe0b8c                Reserved59_IRQHandler
                0x000000001ffe0b8c                ADMA_SAI0_INT_DriverIRQHandler
                0x000000001ffe0b8c                Reserved79_IRQHandler
                0x000000001ffe0b8c                Reserved137_IRQHandler
                0x000000001ffe0b8c                DISPLAY0_INT_OUT9_IRQHandler
                0x000000001ffe0b8c                LSIO_MU11_INT_B_IRQHandler
                0x000000001ffe0b8c                Reserved29_IRQHandler
                0x000000001ffe0b8c                Reserved272_IRQHandler
                0x000000001ffe0b8c                IMAGING_PDMA_STREAM3_INT_DriverIRQHandler
                0x000000001ffe0b8c                Reserved263_IRQHandler
                0x000000001ffe0b8c                SCU_SYS_COUNT_INT3_IRQHandler
                0x000000001ffe0b8c                M4_INTMUX_SOURCE_LPIT_DriverIRQHandler
                0x000000001ffe0b8c                Reserved571_IRQHandler
                0x000000001ffe0b8c                ADMA_FLEXCAN1_INT_DriverIRQHandler
                0x000000001ffe0b8c                ADMA_I2C0_INT_DriverIRQHandler
                0x000000001ffe0b8c                ADMA_UART3_MOD_INT_DriverIRQHandler
                0x000000001ffe0b8c                SECURITY_MU1_A_INT_IRQHandler
                0x000000001ffe0b8c                Reserved309_IRQHandler
                0x000000001ffe0b8c                DISPLAY0_INT_OUT2_IRQHandler
                0x000000001ffe0b8c                Reserved68_IRQHandler
                0x000000001ffe0b8c                IMAGING_MJPEG_DEC0_INT_IRQHandler
                0x000000001ffe0b8c                Reserved77_IRQHandler
                0x000000001ffe0b8c                Reserved559_IRQHandler
                0x000000001ffe0b8c                Reserved424_IRQHandler
                0x000000001ffe0b8c                Reserved560_IRQHandler
                0x000000001ffe0b8c                Reserved84_IRQHandler
                0x000000001ffe0b8c                Reserved381_IRQHandler
                0x000000001ffe0b8c                LSIO_MU4_INT_IRQHandler
                0x000000001ffe0b8c                Reserved426_IRQHandler
                0x000000001ffe0b8c                Reserved450_IRQHandler
                0x000000001ffe0b8c                Reserved155_IRQHandler
                0x000000001ffe0b8c                Reserved157_IRQHandler
                0x000000001ffe0b8c                IMAGING_MJPEG_ENC3_INT_IRQHandler
                0x000000001ffe0b8c                Reserved92_IRQHandler
                0x000000001ffe0b8c                ADMA_SAI4_INT_DriverIRQHandler
                0x000000001ffe0b8c                M4_MU0_B1_IRQHandler
                0x000000001ffe0b8c                IMAGING_PDMA_STREAM5_INT_DriverIRQHandler
                0x000000001ffe0b8c                Reserved42_IRQHandler
                0x000000001ffe0b8c                Reserved36_IRQHandler
                0x000000001ffe0b8c                Reserved22_IRQHandler
                0x000000001ffe0b8c                CONNECTIVITY_ENET1_FRAME1_INT_DriverIRQHandler
                0x000000001ffe0b8c                SCU_INT_OUT3_IRQHandler
                0x000000001ffe0b8c                Reserved75_IRQHandler
                0x000000001ffe0b8c                DRC_ECC_NCORRECT_INT_IRQHandler
                0x000000001ffe0b8c                Reserved280_IRQHandler
                0x000000001ffe0b8c                LSIO_MU7_INT_A_IRQHandler
                0x000000001ffe0b8c                Reserved268_IRQHandler
                0x000000001ffe0b8c                LSIO_PWM2_INT_IRQHandler
                0x000000001ffe0b8c                ADMA_SAI5_INT_DriverIRQHandler
                0x000000001ffe0b8c                Reserved176_IRQHandler
                0x000000001ffe0b8c                Reserved294_IRQHandler
                0x000000001ffe0b8c                ADMA_FLEXCAN2_INT_DriverIRQHandler
                0x000000001ffe0b8c                Reserved233_IRQHandler
                0x000000001ffe0b8c                ADMA_UART2_MOD_INT_DriverIRQHandler
                0x000000001ffe0b8c                Reserved596_IRQHandler
                0x000000001ffe0b8c                Reserved224_IRQHandler
                0x000000001ffe0b8c                Reserved489_IRQHandler
                0x000000001ffe0b8c                Reserved39_IRQHandler
                0x000000001ffe0b8c                Reserved427_IRQHandler
                0x000000001ffe0b8c                Reserved310_IRQHandler
                0x000000001ffe0b8c                DRC_PERF_CNT_INT_IRQHandler
                0x000000001ffe0b8c                VPU_VPU_INT_0_IRQHandler
                0x000000001ffe0b8c                UsageFault_Handler
                0x000000001ffe0b8c                Reserved562_IRQHandler
                0x000000001ffe0b8c                ADMA_ASRC0_INT2_DriverIRQHandler
                0x000000001ffe0b8c                Reserved265_IRQHandler
                0x000000001ffe0b8c                LSIO_MU9_INT_A_IRQHandler
                0x000000001ffe0b8c                Reserved330_IRQHandler
                0x000000001ffe0b8c                Reserved156_IRQHandler
                0x000000001ffe0b8c                M4_INTMUX_SOURCE_TPM_DriverIRQHandler
                0x000000001ffe0b8c                LSIO_MU11_INT_A_IRQHandler
                0x000000001ffe0b8c                Reserved57_IRQHandler
                0x000000001ffe0b8c                Reserved257_IRQHandler
                0x000000001ffe0b8c                ADMA_SPI0_MOD_INT_DriverIRQHandler
                0x000000001ffe0b8c                Reserved500_IRQHandler
                0x000000001ffe0b8c                ADMA_FLEXCAN1_MOD_INT_DriverIRQHandler
                0x000000001ffe0b8c                VPU_VPU_INT_1_IRQHandler
                0x000000001ffe0b8c                DefaultISR
                0x000000001ffe0b8c                MIPI_DSI0_INT_OUT_DriverIRQHandler
                0x000000001ffe0b8c                Reserved250_IRQHandler
                0x000000001ffe0b8c                Reserved34_IRQHandler
                0x000000001ffe0b8c                Reserved58_IRQHandler
                0x000000001ffe0b8c                Reserved264_IRQHandler
                0x000000001ffe0b8c                Reserved261_IRQHandler
                0x000000001ffe0b8c                ADMA_SPI2_MOD_INT_DriverIRQHandler
                0x000000001ffe0b8c                Reserved392_IRQHandler
                0x000000001ffe0b8c                Reserved82_IRQHandler
                0x000000001ffe0b8c                Reserved25_IRQHandler
                0x000000001ffe0b8c                Reserved298_IRQHandler
                0x000000001ffe0b8c                Reserved24_IRQHandler
                0x000000001ffe0b8c                Reserved582_IRQHandler
                0x000000001ffe0b8c                Reserved581_IRQHandler
                0x000000001ffe0b8c                Reserved129_IRQHandler
                0x000000001ffe0b8c                Reserved591_IRQHandler
                0x000000001ffe0b8c                Reserved267_IRQHandler
                0x000000001ffe0b8c                Reserved71_IRQHandler
                0x000000001ffe0b8c                LSIO_PWM4_INT_IRQHandler
                0x000000001ffe0b8c                Reserved177_IRQHandler
                0x000000001ffe0b8c                Reserved69_IRQHandler
                0x000000001ffe0b8c                Reserved132_IRQHandler
                0x000000001ffe0b8c                DISPLAY0_INT_OUT12_IRQHandler
                0x000000001ffe0b8c                IRQSTEER_2_DriverIRQHandler
                0x000000001ffe0b8c                ADMA_EDMA3_INT_DriverIRQHandler
                0x000000001ffe0b8c                SCU_SYS_COUNT_INT2_IRQHandler
                0x000000001ffe0b8c                Reserved33_IRQHandler
                0x000000001ffe0b8c                ADMA_I2C3_INT_DriverIRQHandler
                0x000000001ffe0b8c                ADMA_GPT4_INT_DriverIRQHandler
                0x000000001ffe0b8c                ADMA_SPDIF0_TX_MOD_INT_DriverIRQHandler
                0x000000001ffe0b8c                Reserved253_IRQHandler
                0x000000001ffe0b8c                Reserved449_IRQHandler
                0x000000001ffe0b8c                Reserved164_IRQHandler
                0x000000001ffe0b8c                Reserved274_IRQHandler
                0x000000001ffe0b8c                Reserved70_IRQHandler
                0x000000001ffe0b8c                HSIO_PCIEB_MSI_CTRL_INT_IRQHandler
                0x000000001ffe0b8c                LSIO_GPT0_INT_IRQHandler
                0x000000001ffe0b8c                Reserved590_IRQHandler
                0x000000001ffe0b8c                M4_INT_OUT4_IRQHandler
                0x000000001ffe0b8c                SCU_SYS_COUNT_INT0_IRQHandler
                0x000000001ffe0b8c                Reserved377_IRQHandler
                0x000000001ffe0b8c                MIPI_CSI0_OUT_INT_IRQHandler
                0x000000001ffe0b8c                LSIO_GPT3_INT_IRQHandler
                0x000000001ffe0b8c                ADMA_EDMA0_INT_DriverIRQHandler
                0x000000001ffe0b8c                Reserved232_IRQHandler
                0x000000001ffe0b8c                Reserved389_IRQHandler
                0x000000001ffe0b8c                HSIO_PCIEB_INT_D_IRQHandler
                0x000000001ffe0b8c                LSIO_PWM5_INT_IRQHandler
                0x000000001ffe0b8c                LSIO_GPIO_INT5_IRQHandler
                0x000000001ffe0b8c                Reserved510_IRQHandler
                0x000000001ffe0b8c                CONNECTIVITY_ENET0_FRAME0_EVENT_INT_DriverIRQHandler
                0x000000001ffe0b8c                DISPLAY0_INT_OUT10_IRQHandler
                0x000000001ffe0b8c                Reserved128_IRQHandler
                0x000000001ffe0b8c                Reserved78_IRQHandler
                0x000000001ffe0b8c                LSIO_OCTASPI0_INT_DriverIRQHandler
                0x000000001ffe0b8c                Reserved501_IRQHandler
                0x000000001ffe0b8c                IMAGING_PDMA_STREAM2_INT_DriverIRQHandler
                0x000000001ffe0b8c                Reserved606_IRQHandler
                0x000000001ffe0b8c                Reserved95_IRQHandler
                0x000000001ffe0b8c                LSIO_PWM6_INT_IRQHandler
                0x000000001ffe0b8c                Reserved384_IRQHandler
                0x000000001ffe0b8c                Reserved27_IRQHandler
                0x000000001ffe0b8c                Reserved154_IRQHandler
                0x000000001ffe0b8c                LSIO_GPIO_INT1_IRQHandler
                0x000000001ffe0b8c                LSIO_MU12_INT_A_IRQHandler
                0x000000001ffe0b8c                Reserved126_IRQHandler
                0x000000001ffe0b8c                Reserved561_IRQHandler
                0x000000001ffe0b8c                IMAGING_PDMA_STREAM6_INT_DriverIRQHandler
                0x000000001ffe0b8c                M4_TPM_IRQHandler
                0x000000001ffe0b8c                Reserved256_IRQHandler
                0x000000001ffe0b8c                DISPLAY0_INT_OUT3_IRQHandler
                0x000000001ffe0b8c                ADMA_SAI4_MOD_INT_DriverIRQHandler
                0x000000001ffe0b8c                Reserved252_IRQHandler
                0x000000001ffe0b8c                M4_SW_IRQHandler
                0x000000001ffe0b8c                Reserved579_IRQHandler
                0x000000001ffe0b8c                SECURITY_MU3_A_INT_IRQHandler
                0x000000001ffe0b8c                IMAGING_MSI_INT_IRQHandler
                0x000000001ffe0b8c                Reserved532_IRQHandler
                0x000000001ffe0b8c                Reserved297_IRQHandler
                0x000000001ffe0b8c                LSIO_GPIO_INT7_IRQHandler
                0x000000001ffe0b8c                Reserved172_IRQHandler
                0x000000001ffe0b8c                M4_MU0_B0_IRQHandler
                0x000000001ffe0b8c                M4_INT_OUT3_IRQHandler
                0x000000001ffe0b8c                Reserved108_IRQHandler
                0x000000001ffe0b8c                M4_MCM_IRQHandler
                0x000000001ffe0b8c                ADMA_FTM0_MOD_INT_DriverIRQHandler
                0x000000001ffe0b8c                LSIO_MU8_INT_B_IRQHandler
                0x000000001ffe0b8c                Reserved72_IRQHandler
                0x000000001ffe0b8c                ADMA_ASRC0_INT1_DriverIRQHandler
                0x000000001ffe0b8c                Reserved585_IRQHandler
                0x000000001ffe0b8c                Reserved259_IRQHandler
                0x000000001ffe0b8c                Reserved296_IRQHandler
                0x000000001ffe0b8c                DISPLAY0_INT_OUT4_IRQHandler
                0x000000001ffe0b8c                Reserved110_IRQHandler
                0x000000001ffe0b8c                Reserved187_IRQHandler
                0x000000001ffe0b8c                DISPLAY0_INT_OUT11_IRQHandler
                0x000000001ffe0b8c                Reserved174_IRQHandler
                0x000000001ffe0b8c                Reserved464_IRQHandler
                0x000000001ffe0b8c                Reserved603_IRQHandler
                0x000000001ffe0b8c                Reserved382_IRQHandler
                0x000000001ffe0b8c                LSIO_OCTASPI1_INT_DriverIRQHandler
                0x000000001ffe0b8c                Reserved20_IRQHandler
                0x000000001ffe0b8c                Reserved249_IRQHandler
                0x000000001ffe0b8c                Reserved107_IRQHandler
                0x000000001ffe0b8c                Reserved352_IRQHandler
                0x000000001ffe0b8c                Reserved37_IRQHandler
                0x000000001ffe0b8c                CONNECTIVITY_USB_OTG_INT_IRQHandler
                0x000000001ffe0b8c                Reserved173_IRQHandler
                0x000000001ffe0b8c                ADMA_SPI3_MOD_INT_DriverIRQHandler
                0x000000001ffe0b8c                Reserved125_IRQHandler
                0x000000001ffe0b8c                ADMA_ASRC1_INT2_DriverIRQHandler
                0x000000001ffe0b8c                M4_INTMUX_SOURCE_LPUART_DriverIRQHandler
                0x000000001ffe0b8c                IMAGING_MJPEG_DEC3_INT_IRQHandler
                0x000000001ffe0b8c                M4_INTMUX_SOURCE_MU0_A1_DriverIRQHandler
                0x000000001ffe0b8c                Reserved98_IRQHandler
                0x000000001ffe0b8c                Reserved17_IRQHandler
                0x000000001ffe0b8c                CONNECTIVITY_USDHC2_INT_DriverIRQHandler
                0x000000001ffe0b8c                CONNECTIVITY_ND_FLASH_GPMI_INT_IRQHandler
                0x000000001ffe0b8c                ADMA_FTM1_INT_DriverIRQHandler
                0x000000001ffe0b8c                IMAGING_PDMA_STREAM4_INT_DriverIRQHandler
                0x000000001ffe0b8c                Reserved189_IRQHandler
                0x000000001ffe0b8c                Reserved443_IRQHandler
                0x000000001ffe0b8c                SCU_INT_OUT6_IRQHandler
                0x000000001ffe0b8c                Reserved595_IRQHandler
                0x000000001ffe0b8c                Reserved47_IRQHandler
                0x000000001ffe0b8c                Reserved271_IRQHandler
                0x000000001ffe0b8c                Reserved258_IRQHandler
                0x000000001ffe0b8c                ADMA_EDMA2_INT_DriverIRQHandler
                0x000000001ffe0b8c                Reserved102_IRQHandler
                0x000000001ffe0b8c                M4_INT_OUT5_IRQHandler
                0x000000001ffe0b8c                IMAGING_PDMA_STREAM0_INT_DriverIRQHandler
                0x000000001ffe0b8c                Reserved599_IRQHandler
                0x000000001ffe0b8c                CONNECTIVITY_UTMI_INT_IRQHandler
                0x000000001ffe0b8c                Reserved32_IRQHandler
                0x000000001ffe0b8c                Reserved311_IRQHandler
                0x000000001ffe0b8c                Reserved354_IRQHandler
                0x000000001ffe0b8c                Reserved542_IRQHandler
                0x000000001ffe0b8c                Reserved190_IRQHandler
                0x000000001ffe0b8c                Reserved231_IRQHandler
                0x000000001ffe0b8c                Reserved282_IRQHandler
                0x000000001ffe0b8c                Reserved260_IRQHandler
                0x000000001ffe0b8c                Reserved386_IRQHandler
                0x000000001ffe0b8c                Reserved513_IRQHandler
                0x000000001ffe0b8c                DISPLAY0_INT_OUT6_IRQHandler
                0x000000001ffe0b8c                Reserved594_IRQHandler
                0x000000001ffe0b8c                Reserved105_IRQHandler
                0x000000001ffe0b8c                SECURITY_CAAM_RTIC_INT_IRQHandler
                0x000000001ffe0b8c                Reserved573_IRQHandler
                0x000000001ffe0b8c                ADMA_UART0_MOD_INT_DriverIRQHandler
                0x000000001ffe0b8c                Reserved269_IRQHandler
                0x000000001ffe0b8c                Reserved570_IRQHandler
                0x000000001ffe0b8c                IMAGING_MJPEG_ENC0_INT_IRQHandler
                0x000000001ffe0b8c                Reserved104_IRQHandler
                0x000000001ffe0b8c                Reserved31_IRQHandler
                0x000000001ffe0b8c                LSIO_MU10_INT_A_IRQHandler
                0x000000001ffe0b8c                Reserved101_IRQHandler
                0x000000001ffe0b8c                Reserved223_IRQHandler
                0x000000001ffe0b8c                HSIO_PCIEB_GPIO_WAKEUP0_IRQHandler
                0x000000001ffe0b8c                SCU_INT_OUT7_IRQHandler
                0x000000001ffe0b8c                Reserved569_IRQHandler
                0x000000001ffe0b8c                CONNECTIVITY_USDHC0_INT_DriverIRQHandler
                0x000000001ffe0b8c                ADMA_FTM1_MOD_INT_DriverIRQHandler
                0x000000001ffe0b8c                ADMA_ASRC1_INT1_DriverIRQHandler
                0x000000001ffe0b8c                HSIO_PCIEB_GPIO_WAKEUP1_IRQHandler
                0x000000001ffe0b8c                Reserved135_IRQHandler
                0x000000001ffe0b8c                IMAGING_MJPEG_ENC1_INT_IRQHandler
                0x000000001ffe0b8c                CONNECTIVITY_USB_HOST_INT_IRQHandler
                0x000000001ffe0b8c                A35_NEXTERRIRQ_IRQHandler
                0x000000001ffe0b8c                CONNECTIVITY_ENET0_FRAME1_INT_DriverIRQHandler
                0x000000001ffe0b8c                M4_INT_OUT2_IRQHandler
                0x000000001ffe0b8c                CONNECTIVITY_ENET0_FRAME2_INT_DriverIRQHandler
                0x000000001ffe0b8c                M4_INT_OUT6_IRQHandler
                0x000000001ffe0b8c                ADMA_SPDIF0_RX_INT_DriverIRQHandler
                0x000000001ffe0b8c                SECURITY_CAAM_INT2_IRQHandler
                0x000000001ffe0b8c                M4_LPIT_IRQHandler
                0x000000001ffe0b8c                Reserved511_IRQHandler
                0x000000001ffe0b8c                LSIO_MU13_INT_A_IRQHandler
                0x000000001ffe0b8c                CONNECTIVITY_MLB_AHB_INT_IRQHandler
                0x000000001ffe0b8c                MemManage_Handler
                0x000000001ffe0b8c                Reserved90_IRQHandler
                0x000000001ffe0b8c                HSIO_PCIEB_INT_B_IRQHandler
                0x000000001ffe0b8c                Reserved83_IRQHandler
                0x000000001ffe0b8c                LSIO_MU7_INT_B_IRQHandler
                0x000000001ffe0b8c                ADMA_GPT5_INT_DriverIRQHandler
                0x000000001ffe0b8c                Reserved133_IRQHandler
                0x000000001ffe0b8c                Reserved425_IRQHandler
                0x000000001ffe0b8c                CONNECTIVITY_DTCP_INT_IRQHandler
                0x000000001ffe0b8c                Reserved185_IRQHandler
                0x000000001ffe0b8c                Reserved421_IRQHandler
                0x000000001ffe0b8c                Reserved254_IRQHandler
                0x000000001ffe0b8c                Reserved109_IRQHandler
                0x000000001ffe0b8c                IRQSTEER_7_DriverIRQHandler
                0x000000001ffe0b8c                Reserved514_IRQHandler
                0x000000001ffe0b8c                Reserved379_IRQHandler
                0x000000001ffe0b8c                Reserved432_IRQHandler
                0x000000001ffe0b8c                Reserved244_IRQHandler
                0x000000001ffe0b8c                Reserved340_IRQHandler
                0x000000001ffe0b8c                Reserved255_IRQHandler
                0x000000001ffe0b8c                Reserved541_IRQHandler
                0x000000001ffe0b8c                Reserved420_IRQHandler
                0x000000001ffe0b8c                ADMA_SAI5_MOD_INT_DriverIRQHandler
                0x000000001ffe0b8c                Reserved160_IRQHandler
                0x000000001ffe0b8c                LSIO_PWM3_INT_IRQHandler
                0x000000001ffe0b8c                LSIO_GPT2_INT_IRQHandler
                0x000000001ffe0b8c                Reserved262_IRQHandler
                0x000000001ffe0b8c                Reserved171_IRQHandler
                0x000000001ffe0b8c                Reserved123_IRQHandler
                0x000000001ffe0b8c                DISPLAY0_INT_OUT7_IRQHandler
                0x000000001ffe0b8c                Reserved378_IRQHandler
                0x000000001ffe0b8c                ADMA_I2C2_INT_DriverIRQHandler
                0x000000001ffe0b8c                M4_INT_OUT1_IRQHandler
                0x000000001ffe0b8c                Reserved97_IRQHandler
                0x000000001ffe0b8c                LSIO_MU5_INT_A_IRQHandler
                0x000000001ffe0b8c                CONNECTIVITY_WAKEUP_INT_IRQHandler
                0x000000001ffe0b8c                Reserved91_IRQHandler
                0x000000001ffe0b8c                Reserved127_IRQHandler
                0x000000001ffe0b8c                ADMA_I2C1_INT_DriverIRQHandler
                0x000000001ffe0b8c                M4_INT_OUT7_IRQHandler
                0x000000001ffe0b8c                VPU_VPU_INT_4_IRQHandler
                0x000000001ffe0b8c                Reserved390_IRQHandler
                0x000000001ffe0b8c                Reserved391_IRQHandler
                0x000000001ffe0b8c                Reserved26_IRQHandler
                0x000000001ffe0b8c                Reserved152_IRQHandler
                0x000000001ffe0b8c                Reserved245_IRQHandler
                0x000000001ffe0b8c                LCD_MOD_INT_IRQHandler
                0x000000001ffe0b8c                GPU0_XAQ2_INTR_IRQHandler
                0x000000001ffe0b8c                Reserved131_IRQHandler
                0x000000001ffe0b8c                M4_INTMUX_SOURCE_MU0_A3_DriverIRQHandler
                0x000000001ffe0b8c                Reserved81_IRQHandler
                0x000000001ffe0b8c                M4_INTMUX_SOURCE_MU0_A0_DriverIRQHandler
                0x000000001ffe0b8c                Reserved251_IRQHandler
                0x000000001ffe0b8c                Reserved46_IRQHandler
                0x000000001ffe0b8c                Reserved273_IRQHandler
                0x000000001ffe0b8c                SECURITY_CAAM_INT0_IRQHandler
                0x000000001ffe0b8c                Reserved246_IRQHandler
                0x000000001ffe0b8c                Reserved314_IRQHandler
                0x000000001ffe0b8c                A35_NINTERRIRQ_IRQHandler
                0x000000001ffe0b8c                Reserved597_IRQHandler
                0x000000001ffe0b8c                M4_MU1_A_IRQHandler
                0x000000001ffe0b8c                Reserved598_IRQHandler
                0x000000001ffe0b8c                CONNECTIVITY_APBHDMA_DriverIRQHandler
                0x000000001ffe0b8c                Reserved394_IRQHandler
                0x000000001ffe0b8c                Reserved270_IRQHandler
                0x000000001ffe0b8c                Reserved23_IRQHandler
                0x000000001ffe0b8c                IMAGING_MJPEG_ENC2_INT_IRQHandler
                0x000000001ffe0b8c                Reserved266_IRQHandler
                0x000000001ffe0b8c                LSIO_MU1_INT_IRQHandler
                0x000000001ffe0b8c                Reserved94_IRQHandler
                0x000000001ffe0b8c                M4_MU0_B2_IRQHandler
                0x000000001ffe0b8c                Reserved226_IRQHandler
                0x000000001ffe0b8c                LSIO_PWM7_INT_IRQHandler
                0x000000001ffe0b8c                ADMA_I2C1_MOD_INT_DriverIRQHandler
                0x000000001ffe0b8c                Reserved488_IRQHandler
                0x000000001ffe0b8c                Reserved574_IRQHandler
                0x000000001ffe0b8c                Reserved323_IRQHandler
                0x000000001ffe0b8c                IRQSTEER_3_DriverIRQHandler
                0x000000001ffe0b8c                LSIO_MU0_INT_IRQHandler
                0x000000001ffe0b8c                ADMA_GPT2_INT_DriverIRQHandler
                0x000000001ffe0b8c                ADMA_FLEXCAN0_INT_DriverIRQHandler
                0x000000001ffe0b8c                Reserved136_IRQHandler
                0x000000001ffe0b8c                ADMA_GPT1_INT_DriverIRQHandler
                0x000000001ffe0b8c                Reserved138_IRQHandler
                0x000000001ffe0b8c                VPU_VPU_INT_3_IRQHandler
                0x000000001ffe0b8c                Reserved112_IRQHandler
                0x000000001ffe0b8c                Reserved587_IRQHandler
                0x000000001ffe0b8c                Reserved434_IRQHandler
                0x000000001ffe0b8c                Reserved30_IRQHandler
                0x000000001ffe0b8c                ADMA_SAI2_MOD_INT_DriverIRQHandler
                0x000000001ffe0b8c                Reserved73_IRQHandler
                0x000000001ffe0b8c                Reserved605_IRQHandler
                0x000000001ffe0b8c                HSIO_PCIEB_INT_A_IRQHandler
                0x000000001ffe0b8c                Reserved393_IRQHandler
                0x000000001ffe0b8c                Reserved130_IRQHandler
                0x000000001ffe0b8c                Reserved600_IRQHandler
                0x000000001ffe0b8c                Reserved546_IRQHandler
                0x000000001ffe0b8c                Reserved531_IRQHandler
                0x000000001ffe0b8c                LSIO_MU3_INT_IRQHandler
                0x000000001ffe0b8c                SCU_SYS_COUNT_INT1_IRQHandler
                0x000000001ffe0b8c                CONNECTIVITY_ENET0_TIMER_INT_DriverIRQHandler
                0x000000001ffe0b8c                Reserved186_IRQHandler
                0x000000001ffe0b8c                LSIO_GPT4_INT_IRQHandler
                0x000000001ffe0b8c                SCU_INT_OUT1_IRQHandler
                0x000000001ffe0b8c                DISPLAY0_INT_OUT5_IRQHandler
                0x000000001ffe0b8c                VPU_VPU_INT_2_IRQHandler
                0x000000001ffe0b8c                Reserved169_IRQHandler
                0x000000001ffe0b8c                SCU_INT_OUT0_IRQHandler
                0x000000001ffe0b8c                LSIO_MU9_INT_B_IRQHandler
                0x000000001ffe0b8c                LSIO_MU6_INT_A_IRQHandler
                0x000000001ffe0b8c                Reserved385_IRQHandler
                0x000000001ffe0b8c                Reserved601_IRQHandler
                0x000000001ffe0b8c                Reserved575_IRQHandler
                0x000000001ffe0b8c                Reserved106_IRQHandler
                0x000000001ffe0b8c                Reserved312_IRQHandler
                0x000000001ffe0b8c                Reserved313_IRQHandler
                0x000000001ffe0b8c                Reserved592_IRQHandler
                0x000000001ffe0b8c                ADMA_ADC0_MOD_INT_DriverIRQHandler
                0x000000001ffe0b8c                ADMA_SPI1_MOD_INT_DriverIRQHandler
                0x000000001ffe0b8c                LSIO_MU12_INT_B_IRQHandler
                0x000000001ffe0b8c                Reserved577_IRQHandler
                0x000000001ffe0b8c                LSIO_PWM0_INT_IRQHandler
                0x000000001ffe0b8c                SCU_INT_OUT5_IRQHandler
                0x000000001ffe0b8c                Reserved412_IRQHandler
                0x000000001ffe0b8c                M4_INTMUX_SOURCE_LPI2C_DriverIRQHandler
                0x000000001ffe0b8c                ADMA_SAI1_INT_DriverIRQHandler
                0x000000001ffe0b8c                Reserved175_IRQHandler
                0x000000001ffe0b8c                Reserved170_IRQHandler
                0x000000001ffe0b8c                Reserved292_IRQHandler
                0x000000001ffe0b8c                CONNECTIVITY_ENET1_FRAME0_EVENT_INT_DriverIRQHandler
                0x000000001ffe0b8c                Reserved28_IRQHandler
                0x000000001ffe0b8c                Reserved544_IRQHandler
                0x000000001ffe0b8c                Reserved80_IRQHandler
                0x000000001ffe0b8c                LSIO_GPIO_INT6_IRQHandler
                0x000000001ffe0b8c                LSIO_GPT1_INT_IRQHandler
                0x000000001ffe0b8c                Reserved353_IRQHandler
                0x000000001ffe0b8c                M4_LPI2C_DriverIRQHandler
                0x000000001ffe0b8c                Reserved543_IRQHandler
                0x000000001ffe0b8c                CONNECTIVITY_DMA_INT_DriverIRQHandler
                0x000000001ffe0b8c                Reserved124_IRQHandler
                0x000000001ffe0b8c                Reserved44_IRQHandler
                0x000000001ffe0b8c                Reserved63_IRQHandler
                0x000000001ffe0b8c                ADMA_FLEXCAN0_MOD_INT_DriverIRQHandler
                0x000000001ffe0b8c                HSIO_PCIEB_SMLH_REQ_RST_IRQHandler
                0x000000001ffe0b8c                Reserved507_IRQHandler
                0x000000001ffe0b8c                Reserved247_IRQHandler
                0x000000001ffe0b8c                Reserved40_IRQHandler
                0x000000001ffe0b8c                LSIO_GPIO_INT0_IRQHandler
                0x000000001ffe0b8c                ADMA_SAI0_MOD_INT_DriverIRQHandler
                0x000000001ffe0b8c                IRQSTEER_0_DriverIRQHandler
                0x000000001ffe0b8c                Reserved329_IRQHandler
                0x000000001ffe0b8c                Reserved351_IRQHandler
                0x000000001ffe0b8c                CONNECTIVITY_MLB_INT_IRQHandler
                0x000000001ffe0b8c                SECURITY_CAAM_INT3_IRQHandler
                0x000000001ffe0b8c                Reserved350_IRQHandler
                0x000000001ffe0b8c                SECURITY_CAAM_INT1_IRQHandler
                0x000000001ffe0b8c                M4_INT_OUT0_IRQHandler
                0x000000001ffe0b8c                IRQSTEER_6_DriverIRQHandler
                0x000000001ffe0b8c                Reserved56_IRQHandler
                0x000000001ffe0b8c                Reserved465_IRQHandler
                0x000000001ffe0b8c                DISPLAY0_INT_OUT0_IRQHandler
                0x000000001ffe0b8c                BusFault_Handler
                0x000000001ffe0b8c                Reserved87_IRQHandler
                0x000000001ffe0b8c                Reserved93_IRQHandler
                0x000000001ffe0b8c                DISPLAY0_RESERVED_IRQHandler
                0x000000001ffe0b8c                Reserved395_IRQHandler
                0x000000001ffe0b8c                CONNECTIVITY_ND_FLASH_BCH_INT_IRQHandler
                0x000000001ffe0b8c                MIPI_DSI1_INT_OUT_DriverIRQHandler
                0x000000001ffe0b8c                Reserved388_IRQHandler
                0x000000001ffe0b8c                Reserved383_IRQHandler
                0x000000001ffe0b8c                Reserved433_IRQHandler
                0x000000001ffe0b8c                DRC_ECC_CORRECT_INT_IRQHandler
                0x000000001ffe0b8c                Reserved593_IRQHandler
                0x000000001ffe0b8c                Reserved457_IRQHandler
                0x000000001ffe0b8c                HSIO_PCIEB_CLK_REQ_INT_IRQHandler
                0x000000001ffe0b8c                Reserved589_IRQHandler
                0x000000001ffe0b8c                IMAGING_PDMA_STREAM1_INT_DriverIRQHandler
                0x000000001ffe0b8c                ADMA_GPT0_INT_DriverIRQHandler
                0x000000001ffe0b8c                ADMA_FTM0_INT_DriverIRQHandler
                0x000000001ffe0b8c                Reserved348_IRQHandler
                0x000000001ffe0b8c                ADMA_I2C0_MOD_INT_DriverIRQHandler
                0x000000001ffe0b8c                CONNECTIVITY_ENET1_FRAME2_INT_DriverIRQHandler
                0x000000001ffe0b8c                Reserved568_IRQHandler
                0x000000001ffe0b8c                Reserved328_IRQHandler
                0x000000001ffe0b8c                LSIO_GPIO_INT4_IRQHandler
                0x000000001ffe0b8c                LSIO_GPIO_INT2_IRQHandler
                0x000000001ffe0b8c                Reserved281_IRQHandler
                0x000000001ffe0b8c                LCD_PWM_INT_IRQHandler
                0x000000001ffe0b8c                LSIO_MU5_INT_B_IRQHandler
                0x000000001ffe0b8c                Reserved380_IRQHandler
                0x000000001ffe0b8c                Reserved349_IRQHandler
                0x000000001ffe0b8c                CONNECTIVITY_ENET1_TIMER_INT_DriverIRQHandler
                0x000000001ffe0b8c                SCU_INT_OUT2_IRQHandler
                0x000000001ffe0b8c                ADMA_SAI3_MOD_INT_DriverIRQHandler
                0x000000001ffe0b8c                ADMA_ESAI0_MOD_INT_DriverIRQHandler
                0x000000001ffe0b8c                Reserved584_IRQHandler
                0x000000001ffe0b8c                Reserved572_IRQHandler
                0x000000001ffe0b8c                Reserved466_IRQHandler
                0x000000001ffe0b8c                ADMA_SAI2_INT_DriverIRQHandler
                0x000000001ffe0b8c                Reserved602_IRQHandler
                0x000000001ffe0b8c                HSIO_PCIEB_INT_C_IRQHandler
                0x000000001ffe0b8c                Reserved576_IRQHandler
                0x000000001ffe0b8c                ADMA_FLEXCAN2_MOD_INT_DriverIRQHandler
                0x000000001ffe0b8c                Reserved113_IRQHandler
                0x000000001ffe0b8c                IMAGING_PDMA_STREAM7_INT_DriverIRQHandler
                0x000000001ffe0b8c                Reserved67_IRQHandler
                0x000000001ffe0b90                NMI_Handler
                0x000000001ffe0b94                HardFault_Handler
                0x000000001ffe0ba4                M4_LPUART_IRQHandler
                0x000000001ffe0ba8                M4_LPI2C_IRQHandler
                0x000000001ffe0bac                IRQSTEER_0_IRQHandler
                0x000000001ffe0bb0                IRQSTEER_1_IRQHandler
                0x000000001ffe0bb4                IRQSTEER_2_IRQHandler
                0x000000001ffe0bb8                IRQSTEER_3_IRQHandler
                0x000000001ffe0bbc                IRQSTEER_4_IRQHandler
                0x000000001ffe0bc0                IRQSTEER_5_IRQHandler
                0x000000001ffe0bc4                IRQSTEER_6_IRQHandler
                0x000000001ffe0bc8                IRQSTEER_7_IRQHandler
                0x000000001ffe0bcc                MIPI_DSI0_INT_OUT_IRQHandler
                0x000000001ffe0bd0                MIPI_DSI1_INT_OUT_IRQHandler
                0x000000001ffe0bd4                ADMA_EDMA2_INT_IRQHandler
                0x000000001ffe0bd8                ADMA_EDMA2_ERR_INT_IRQHandler
                0x000000001ffe0bdc                ADMA_EDMA3_INT_IRQHandler
                0x000000001ffe0be0                ADMA_EDMA3_ERR_INT_IRQHandler
                0x000000001ffe0be4                LSIO_OCTASPI0_INT_IRQHandler
                0x000000001ffe0be8                LSIO_OCTASPI1_INT_IRQHandler
                0x000000001ffe0bec                HSIO_PCIEB_DMA_INT_IRQHandler
                0x000000001ffe0bf0                ADMA_SPI0_INT_IRQHandler
                0x000000001ffe0bf4                ADMA_SPI1_INT_IRQHandler
                0x000000001ffe0bf8                ADMA_SPI2_INT_IRQHandler
                0x000000001ffe0bfc                ADMA_SPI3_INT_IRQHandler
                0x000000001ffe0c00                ADMA_I2C0_INT_IRQHandler
                0x000000001ffe0c04                ADMA_I2C1_INT_IRQHandler
                0x000000001ffe0c08                ADMA_I2C2_INT_IRQHandler
                0x000000001ffe0c0c                ADMA_I2C3_INT_IRQHandler
                0x000000001ffe0c10                ADMA_UART0_INT_IRQHandler
                0x000000001ffe0c14                ADMA_UART1_INT_IRQHandler
                0x000000001ffe0c18                ADMA_UART2_INT_IRQHandler
                0x000000001ffe0c1c                ADMA_UART3_INT_IRQHandler
                0x000000001ffe0c20                CONNECTIVITY_USDHC0_INT_IRQHandler
                0x000000001ffe0c24                CONNECTIVITY_USDHC1_INT_IRQHandler
                0x000000001ffe0c28                CONNECTIVITY_USDHC2_INT_IRQHandler
                0x000000001ffe0c2c                ADMA_FLEXCAN0_INT_IRQHandler
                0x000000001ffe0c30                ADMA_FLEXCAN1_INT_IRQHandler
                0x000000001ffe0c34                ADMA_FLEXCAN2_INT_IRQHandler
                0x000000001ffe0c38                ADMA_FTM0_INT_IRQHandler
                0x000000001ffe0c3c                ADMA_FTM1_INT_IRQHandler
                0x000000001ffe0c40                ADMA_ADC0_INT_IRQHandler
                0x000000001ffe0c44                ADMA_EXTERNAL_DMA_INT_0_IRQHandler
                0x000000001ffe0c48                ADMA_EXTERNAL_DMA_INT_1_IRQHandler
                0x000000001ffe0c4c                ADMA_EXTERNAL_DMA_INT_2_IRQHandler
                0x000000001ffe0c50                ADMA_EXTERNAL_DMA_INT_3_IRQHandler
                0x000000001ffe0c54                ADMA_EXTERNAL_DMA_INT_4_IRQHandler
                0x000000001ffe0c58                ADMA_EXTERNAL_DMA_INT_5_IRQHandler
                0x000000001ffe0c5c                CONNECTIVITY_ENET0_FRAME1_INT_IRQHandler
                0x000000001ffe0c60                CONNECTIVITY_ENET0_FRAME2_INT_IRQHandler
                0x000000001ffe0c64                CONNECTIVITY_ENET0_FRAME0_EVENT_INT_IRQHandler
                0x000000001ffe0c68                CONNECTIVITY_ENET0_TIMER_INT_IRQHandler
                0x000000001ffe0c6c                CONNECTIVITY_ENET1_FRAME1_INT_IRQHandler
                0x000000001ffe0c70                CONNECTIVITY_ENET1_FRAME2_INT_IRQHandler
                0x000000001ffe0c74                CONNECTIVITY_ENET1_FRAME0_EVENT_INT_IRQHandler
                0x000000001ffe0c78                CONNECTIVITY_ENET1_TIMER_INT_IRQHandler
                0x000000001ffe0c7c                CONNECTIVITY_APBHDMA_IRQHandler
                0x000000001ffe0c80                CONNECTIVITY_DMA_INT_IRQHandler
                0x000000001ffe0c84                CONNECTIVITY_DMA_ERR_INT_IRQHandler
                0x000000001ffe0c88                IMAGING_PDMA_STREAM0_INT_IRQHandler
                0x000000001ffe0c8c                IMAGING_PDMA_STREAM1_INT_IRQHandler
                0x000000001ffe0c90                IMAGING_PDMA_STREAM2_INT_IRQHandler
                0x000000001ffe0c94                IMAGING_PDMA_STREAM3_INT_IRQHandler
                0x000000001ffe0c98                IMAGING_PDMA_STREAM4_INT_IRQHandler
                0x000000001ffe0c9c                IMAGING_PDMA_STREAM5_INT_IRQHandler
                0x000000001ffe0ca0                IMAGING_PDMA_STREAM6_INT_IRQHandler
                0x000000001ffe0ca4                IMAGING_PDMA_STREAM7_INT_IRQHandler
                0x000000001ffe0ca8                ADMA_SAI0_MOD_INT_IRQHandler
                0x000000001ffe0cac                ADMA_SAI0_DMA_INT_IRQHandler
                0x000000001ffe0cb0                ADMA_SAI1_MOD_INT_IRQHandler
                0x000000001ffe0cb4                ADMA_SAI1_DMA_INT_IRQHandler
                0x000000001ffe0cb8                ADMA_SAI2_MOD_INT_IRQHandler
                0x000000001ffe0cbc                ADMA_SAI2_DMA_INT_IRQHandler
                0x000000001ffe0cc0                ADMA_SAI3_MOD_INT_IRQHandler
                0x000000001ffe0cc4                ADMA_SAI3_DMA_INT_IRQHandler
                0x000000001ffe0cc8                ADMA_SAI4_MOD_INT_IRQHandler
                0x000000001ffe0ccc                ADMA_SAI4_DMA_INT_IRQHandler
                0x000000001ffe0cd0                ADMA_SAI5_MOD_INT_IRQHandler
                0x000000001ffe0cd4                ADMA_SAI5_DMA_INT_IRQHandler
                0x000000001ffe0cd8                ADMA_SPI0_MOD_INT_IRQHandler
                0x000000001ffe0cdc                ADMA_SPI1_MOD_INT_IRQHandler
                0x000000001ffe0ce0                ADMA_SPI2_MOD_INT_IRQHandler
                0x000000001ffe0ce4                ADMA_SPI3_MOD_INT_IRQHandler
                0x000000001ffe0ce8                ADMA_I2C0_MOD_INT_IRQHandler
                0x000000001ffe0cec                ADMA_I2C1_MOD_INT_IRQHandler
                0x000000001ffe0cf0                ADMA_I2C2_MOD_INT_IRQHandler
                0x000000001ffe0cf4                ADMA_I2C3_MOD_INT_IRQHandler
                0x000000001ffe0cf8                ADMA_UART0_MOD_INT_IRQHandler
                0x000000001ffe0cfc                ADMA_UART1_MOD_INT_IRQHandler
                0x000000001ffe0d00                ADMA_UART2_MOD_INT_IRQHandler
                0x000000001ffe0d04                ADMA_UART3_MOD_INT_IRQHandler
                0x000000001ffe0d08                ADMA_FLEXCAN0_MOD_INT_IRQHandler
                0x000000001ffe0d0c                ADMA_FLEXCAN1_MOD_INT_IRQHandler
                0x000000001ffe0d10                ADMA_FLEXCAN2_MOD_INT_IRQHandler
                0x000000001ffe0d14                ADMA_FTM0_MOD_INT_IRQHandler
                0x000000001ffe0d18                ADMA_FTM1_MOD_INT_IRQHandler
                0x000000001ffe0d1c                ADMA_ADC0_MOD_INT_IRQHandler
                0x000000001ffe0d20                ADMA_FLEXCAN0_DMA_INT_IRQHandler
                0x000000001ffe0d24                ADMA_FLEXCAN1_DMA_INT_IRQHandler
                0x000000001ffe0d28                ADMA_FLEXCAN2_DMA_INT_IRQHandler
                0x000000001ffe0d2c                ADMA_FTM0_DMA_INT_IRQHandler
                0x000000001ffe0d30                ADMA_FTM1_DMA_INT_IRQHandler
                0x000000001ffe0d34                ADMA_ADC0_DMA_INT_IRQHandler
                0x000000001ffe0d38                ADMA_EDMA0_INT_IRQHandler
                0x000000001ffe0d3c                ADMA_EDMA0_ERR_INT_IRQHandler
                0x000000001ffe0d40                ADMA_EDMA1_INT_IRQHandler
                0x000000001ffe0d44                ADMA_EDMA1_ERR_INT_IRQHandler
                0x000000001ffe0d48                ADMA_ASRC0_INT1_IRQHandler
                0x000000001ffe0d4c                ADMA_ASRC0_INT2_IRQHandler
                0x000000001ffe0d50                ADMA_DMA0_CH0_INT_IRQHandler
                0x000000001ffe0d54                ADMA_DMA0_CH1_INT_IRQHandler
                0x000000001ffe0d58                ADMA_DMA0_CH2_INT_IRQHandler
                0x000000001ffe0d5c                ADMA_DMA0_CH3_INT_IRQHandler
                0x000000001ffe0d60                ADMA_DMA0_CH4_INT_IRQHandler
                0x000000001ffe0d64                ADMA_DMA0_CH5_INT_IRQHandler
                0x000000001ffe0d68                ADMA_ASRC1_INT1_IRQHandler
                0x000000001ffe0d6c                ADMA_ASRC1_INT2_IRQHandler
                0x000000001ffe0d70                ADMA_DMA1_CH0_INT_IRQHandler
                0x000000001ffe0d74                ADMA_DMA1_CH1_INT_IRQHandler
                0x000000001ffe0d78                ADMA_DMA1_CH2_INT_IRQHandler
                0x000000001ffe0d7c                ADMA_DMA1_CH3_INT_IRQHandler
                0x000000001ffe0d80                ADMA_DMA1_CH4_INT_IRQHandler
                0x000000001ffe0d84                ADMA_DMA1_CH5_INT_IRQHandler
                0x000000001ffe0d88                ADMA_ESAI0_INT_IRQHandler
                0x000000001ffe0d8c                ADMA_GPT0_INT_IRQHandler
                0x000000001ffe0d90                ADMA_GPT1_INT_IRQHandler
                0x000000001ffe0d94                ADMA_GPT2_INT_IRQHandler
                0x000000001ffe0d98                ADMA_GPT3_INT_IRQHandler
                0x000000001ffe0d9c                ADMA_GPT4_INT_IRQHandler
                0x000000001ffe0da0                ADMA_GPT5_INT_IRQHandler
                0x000000001ffe0da4                ADMA_SAI0_INT_IRQHandler
                0x000000001ffe0da8                ADMA_SAI1_INT_IRQHandler
                0x000000001ffe0dac                ADMA_SAI2_INT_IRQHandler
                0x000000001ffe0db0                ADMA_SAI3_INT_IRQHandler
                0x000000001ffe0db4                ADMA_SAI4_INT_IRQHandler
                0x000000001ffe0db8                ADMA_SAI5_INT_IRQHandler
                0x000000001ffe0dbc                ADMA_SPDIF0_RX_INT_IRQHandler
                0x000000001ffe0dc0                ADMA_SPDIF0_TX_INT_IRQHandler
                0x000000001ffe0dc4                ADMA_ESAI0_MOD_INT_IRQHandler
                0x000000001ffe0dc8                ADMA_ESAI0_DMA_INT_IRQHandler
                0x000000001ffe0dcc                ADMA_SPI0_DMA_RX_INT_IRQHandler
                0x000000001ffe0dd0                ADMA_SPI0_DMA_TX_INT_IRQHandler
                0x000000001ffe0dd4                ADMA_SPI1_DMA_RX_INT_IRQHandler
                0x000000001ffe0dd8                ADMA_SPI1_DMA_TX_INT_IRQHandler
                0x000000001ffe0ddc                ADMA_SPI2_DMA_RX_INT_IRQHandler
                0x000000001ffe0de0                ADMA_SPI2_DMA_TX_INT_IRQHandler
                0x000000001ffe0de4                ADMA_SPI3_DMA_RX_INT_IRQHandler
                0x000000001ffe0de8                ADMA_SPI3_DMA_TX_INT_IRQHandler
                0x000000001ffe0dec                ADMA_I2C0_DMA_RX_INT_IRQHandler
                0x000000001ffe0df0                ADMA_I2C0_DMA_TX_INT_IRQHandler
                0x000000001ffe0df4                ADMA_I2C1_DMA_RX_INT_IRQHandler
                0x000000001ffe0df8                ADMA_I2C1_DMA_TX_INT_IRQHandler
                0x000000001ffe0dfc                ADMA_I2C2_DMA_RX_INT_IRQHandler
                0x000000001ffe0e00                ADMA_I2C2_DMA_TX_INT_IRQHandler
                0x000000001ffe0e04                ADMA_I2C3_DMA_RX_INT_IRQHandler
                0x000000001ffe0e08                ADMA_I2C3_DMA_TX_INT_IRQHandler
                0x000000001ffe0e0c                ADMA_UART0_DMA_RX_INT_IRQHandler
                0x000000001ffe0e10                ADMA_UART0_DMA_TX_INT_IRQHandler
                0x000000001ffe0e14                ADMA_UART1_DMA_RX_INT_IRQHandler
                0x000000001ffe0e18                ADMA_UART1_DMA_TX_INT_IRQHandler
                0x000000001ffe0e1c                ADMA_UART2_DMA_RX_INT_IRQHandler
                0x000000001ffe0e20                ADMA_UART2_DMA_TX_INT_IRQHandler
                0x000000001ffe0e24                ADMA_UART3_DMA_RX_INT_IRQHandler
                0x000000001ffe0e28                ADMA_UART3_DMA_TX_INT_IRQHandler
                0x000000001ffe0e2c                ADMA_SPDIF0_RX_MOD_INT_IRQHandler
                0x000000001ffe0e30                ADMA_SPDIF0_RX_DMA_INT_IRQHandler
                0x000000001ffe0e34                ADMA_SPDIF0_TX_MOD_INT_IRQHandler
                0x000000001ffe0e38                ADMA_SPDIF0_TX_DMA_INT_IRQHandler
                0x000000001ffe0e3c                M4_INTMUX_SOURCE_TPM_IRQHandler
                0x000000001ffe0e40                M4_INTMUX_SOURCE_LPIT_IRQHandler
                0x000000001ffe0e44                M4_INTMUX_SOURCE_LPUART_IRQHandler
                0x000000001ffe0e48                M4_INTMUX_SOURCE_LPI2C_IRQHandler
                0x000000001ffe0e4c                M4_INTMUX_SOURCE_MU0_A3_IRQHandler
                0x000000001ffe0e50                M4_INTMUX_SOURCE_MU0_A2_IRQHandler
                0x000000001ffe0e54                M4_INTMUX_SOURCE_MU0_A1_IRQHandler
                0x000000001ffe0e58                M4_INTMUX_SOURCE_MU0_A0_IRQHandler
 .text          0x000000001ffe1030       0x10 /home/ben/Toradex/LinuxDevelop/FreeRTOS/Colibri-iMX8X/gcc-arm-none-eabi-9-2020-q2-update/bin/../lib/gcc/arm-none-eabi/9.3.1/../../../../arm-none-eabi/lib/thumb/v7e-m+fp/hard/libc_nano.a(lib_a-strlen.o)
                0x000000001ffe1030                strlen
 .text          0x000000001ffe1040       0x30 /home/ben/Toradex/LinuxDevelop/FreeRTOS/Colibri-iMX8X/gcc-arm-none-eabi-9-2020-q2-update/bin/../lib/gcc/arm-none-eabi/9.3.1/thumb/v7e-m+fp/hard/libgcc.a(_aeabi_uldivmod.o)
                0x000000001ffe1040                __aeabi_uldivmod
 .text          0x000000001ffe1070      0x2c4 /home/ben/Toradex/LinuxDevelop/FreeRTOS/Colibri-iMX8X/gcc-arm-none-eabi-9-2020-q2-update/bin/../lib/gcc/arm-none-eabi/9.3.1/thumb/v7e-m+fp/hard/libgcc.a(_udivmoddi4.o)
                0x000000001ffe1070                __udivmoddi4
 .text          0x000000001ffe1334        0x4 /home/ben/Toradex/LinuxDevelop/FreeRTOS/Colibri-iMX8X/gcc-arm-none-eabi-9-2020-q2-update/bin/../lib/gcc/arm-none-eabi/9.3.1/thumb/v7e-m+fp/hard/libgcc.a(_dvmd_tls.o)
                0x000000001ffe1334                __aeabi_ldiv0
                0x000000001ffe1334                __aeabi_idiv0
 *(.text*)
 .text.spi_task
                0x000000001ffe1338       0x7c CMakeFiles/freertos_hello.elf.dir/home/ben/Toradex/LinuxDevelop/FreeRTOS/Colibri-iMX8X/SDK_2_9_0_MEK-MIMX8QX/boards/mekmimx8qx/rtos_examples/freertos_lpspi/freertos_hello.c.obj
 .text.startup.main
                0x000000001ffe13b4       0x8c CMakeFiles/freertos_hello.elf.dir/home/ben/Toradex/LinuxDevelop/FreeRTOS/Colibri-iMX8X/SDK_2_9_0_MEK-MIMX8QX/boards/mekmimx8qx/rtos_examples/freertos_lpspi/freertos_hello.c.obj
                0x000000001ffe13b4                main
 .text.BOARD_InitPins
                0x000000001ffe1440       0x9a CMakeFiles/freertos_hello.elf.dir/home/ben/Toradex/LinuxDevelop/FreeRTOS/Colibri-iMX8X/SDK_2_9_0_MEK-MIMX8QX/boards/mekmimx8qx/rtos_examples/freertos_lpspi/pin_mux.c.obj
                0x000000001ffe1440                BOARD_InitPins
 *fill*         0x000000001ffe14da        0x2 
 .text.BOARD_InitRpc
                0x000000001ffe14dc       0x28 CMakeFiles/freertos_hello.elf.dir/home/ben/Toradex/LinuxDevelop/FreeRTOS/Colibri-iMX8X/SDK_2_9_0_MEK-MIMX8QX/boards/mekmimx8qx/rtos_examples/freertos_lpspi/board.c.obj
                0x000000001ffe14dc                BOARD_InitRpc
 .text.BOARD_InitDebugConsole
                0x000000001ffe1504       0x40 CMakeFiles/freertos_hello.elf.dir/home/ben/Toradex/LinuxDevelop/FreeRTOS/Colibri-iMX8X/SDK_2_9_0_MEK-MIMX8QX/boards/mekmimx8qx/rtos_examples/freertos_lpspi/board.c.obj
                0x000000001ffe1504                BOARD_InitDebugConsole
 .text.BOARD_InitMemory
                0x000000001ffe1544       0x70 CMakeFiles/freertos_hello.elf.dir/home/ben/Toradex/LinuxDevelop/FreeRTOS/Colibri-iMX8X/SDK_2_9_0_MEK-MIMX8QX/boards/mekmimx8qx/rtos_examples/freertos_lpspi/board.c.obj
                0x000000001ffe1544                BOARD_InitMemory
 .text.BOARD_BootClockRUN
                0x000000001ffe15b4        0x4 CMakeFiles/freertos_hello.elf.dir/home/ben/Toradex/LinuxDevelop/FreeRTOS/Colibri-iMX8X/SDK_2_9_0_MEK-MIMX8QX/boards/mekmimx8qx/rtos_examples/freertos_lpspi/clock_config.c.obj
                0x000000001ffe15b4                BOARD_BootClockRUN
 .text.CLOCK_Init
                0x000000001ffe15b8        0xc CMakeFiles/freertos_hello.elf.dir/home/ben/Toradex/LinuxDevelop/FreeRTOS/Colibri-iMX8X/SDK_2_9_0_MEK-MIMX8QX/devices/MIMX8QX6/drivers/fsl_clock.c.obj
                0x000000001ffe15b8                CLOCK_Init
 .text.CLOCK_SetIpFreq
                0x000000001ffe15c4       0x28 CMakeFiles/freertos_hello.elf.dir/home/ben/Toradex/LinuxDevelop/FreeRTOS/Colibri-iMX8X/SDK_2_9_0_MEK-MIMX8QX/devices/MIMX8QX6/drivers/fsl_clock.c.obj
                0x000000001ffe15c4                CLOCK_SetIpFreq
 .text.CLOCK_GetIpFreq
                0x000000001ffe15ec       0x24 CMakeFiles/freertos_hello.elf.dir/home/ben/Toradex/LinuxDevelop/FreeRTOS/Colibri-iMX8X/SDK_2_9_0_MEK-MIMX8QX/devices/MIMX8QX6/drivers/fsl_clock.c.obj
                0x000000001ffe15ec                CLOCK_GetIpFreq
 .text.CLOCK_SetLpcgGate
                0x000000001ffe1610       0x2e CMakeFiles/freertos_hello.elf.dir/home/ben/Toradex/LinuxDevelop/FreeRTOS/Colibri-iMX8X/SDK_2_9_0_MEK-MIMX8QX/devices/MIMX8QX6/drivers/fsl_clock.c.obj
                0x000000001ffe1610                CLOCK_SetLpcgGate
 *fill*         0x000000001ffe163e        0x2 
 .text.CLOCK_ConfigLPCG
                0x000000001ffe1640      0x37c CMakeFiles/freertos_hello.elf.dir/home/ben/Toradex/LinuxDevelop/FreeRTOS/Colibri-iMX8X/SDK_2_9_0_MEK-MIMX8QX/devices/MIMX8QX6/drivers/fsl_clock.c.obj
                0x000000001ffe1640                CLOCK_ConfigLPCG
 .text.CLOCK_EnableClockExt
                0x000000001ffe19bc       0x38 CMakeFiles/freertos_hello.elf.dir/home/ben/Toradex/LinuxDevelop/FreeRTOS/Colibri-iMX8X/SDK_2_9_0_MEK-MIMX8QX/devices/MIMX8QX6/drivers/fsl_clock.c.obj
                0x000000001ffe19bc                CLOCK_EnableClockExt
 .text.sc_ipc_open
                0x000000001ffe19f4       0x1a CMakeFiles/freertos_hello.elf.dir/home/ben/Toradex/LinuxDevelop/FreeRTOS/Colibri-iMX8X/SDK_2_9_0_MEK-MIMX8QX/devices/MIMX8QX6/scfw_api/main/ipc_imx8qx.c.obj
                0x000000001ffe19f4                sc_ipc_open
 .text.sc_ipc_read
                0x000000001ffe1a0e       0x48 CMakeFiles/freertos_hello.elf.dir/home/ben/Toradex/LinuxDevelop/FreeRTOS/Colibri-iMX8X/SDK_2_9_0_MEK-MIMX8QX/devices/MIMX8QX6/scfw_api/main/ipc_imx8qx.c.obj
                0x000000001ffe1a0e                sc_ipc_read
 .text.sc_ipc_write
                0x000000001ffe1a56       0x42 CMakeFiles/freertos_hello.elf.dir/home/ben/Toradex/LinuxDevelop/FreeRTOS/Colibri-iMX8X/SDK_2_9_0_MEK-MIMX8QX/devices/MIMX8QX6/scfw_api/main/ipc_imx8qx.c.obj
                0x000000001ffe1a56                sc_ipc_write
 .text.sc_call_rpc
                0x000000001ffe1a98       0x34 CMakeFiles/freertos_hello.elf.dir/home/ben/Toradex/LinuxDevelop/FreeRTOS/Colibri-iMX8X/SDK_2_9_0_MEK-MIMX8QX/devices/MIMX8QX6/scfw_api/main/ipc_imx8qx.c.obj
                0x000000001ffe1a98                sc_call_rpc
 .text.sc_misc_boot_done
                0x000000001ffe1acc       0x24 CMakeFiles/freertos_hello.elf.dir/home/ben/Toradex/LinuxDevelop/FreeRTOS/Colibri-iMX8X/SDK_2_9_0_MEK-MIMX8QX/devices/MIMX8QX6/scfw_api/svc/misc/misc_rpc_clnt.c.obj
                0x000000001ffe1acc                sc_misc_boot_done
 .text.sc_pad_set_all
                0x000000001ffe1af0       0x3c CMakeFiles/freertos_hello.elf.dir/home/ben/Toradex/LinuxDevelop/FreeRTOS/Colibri-iMX8X/SDK_2_9_0_MEK-MIMX8QX/devices/MIMX8QX6/scfw_api/svc/pad/pad_rpc_clnt.c.obj
                0x000000001ffe1af0                sc_pad_set_all
 .text.sc_pm_set_resource_power_mode
                0x000000001ffe1b2c       0x28 CMakeFiles/freertos_hello.elf.dir/home/ben/Toradex/LinuxDevelop/FreeRTOS/Colibri-iMX8X/SDK_2_9_0_MEK-MIMX8QX/devices/MIMX8QX6/scfw_api/svc/pm/pm_rpc_clnt.c.obj
                0x000000001ffe1b2c                sc_pm_set_resource_power_mode
 .text.sc_pm_set_clock_rate
                0x000000001ffe1b54       0x30 CMakeFiles/freertos_hello.elf.dir/home/ben/Toradex/LinuxDevelop/FreeRTOS/Colibri-iMX8X/SDK_2_9_0_MEK-MIMX8QX/devices/MIMX8QX6/scfw_api/svc/pm/pm_rpc_clnt.c.obj
                0x000000001ffe1b54                sc_pm_set_clock_rate
 .text.sc_pm_get_clock_rate
                0x000000001ffe1b84       0x2c CMakeFiles/freertos_hello.elf.dir/home/ben/Toradex/LinuxDevelop/FreeRTOS/Colibri-iMX8X/SDK_2_9_0_MEK-MIMX8QX/devices/MIMX8QX6/scfw_api/svc/pm/pm_rpc_clnt.c.obj
                0x000000001ffe1b84                sc_pm_get_clock_rate
 .text.sc_pm_clock_enable
                0x000000001ffe1bb0       0x3c CMakeFiles/freertos_hello.elf.dir/home/ben/Toradex/LinuxDevelop/FreeRTOS/Colibri-iMX8X/SDK_2_9_0_MEK-MIMX8QX/devices/MIMX8QX6/scfw_api/svc/pm/pm_rpc_clnt.c.obj
                0x000000001ffe1bb0                sc_pm_clock_enable
 .text.LPSPI_MasterTransferComplete
                0x000000001ffe1bec       0x28 CMakeFiles/freertos_hello.elf.dir/home/ben/Toradex/LinuxDevelop/FreeRTOS/Colibri-iMX8X/SDK_2_9_0_MEK-MIMX8QX/devices/MIMX8QX6/drivers/fsl_lpspi.c.obj
 .text.LPSPI_CombineWriteData
                0x000000001ffe1c14       0x48 CMakeFiles/freertos_hello.elf.dir/home/ben/Toradex/LinuxDevelop/FreeRTOS/Colibri-iMX8X/SDK_2_9_0_MEK-MIMX8QX/devices/MIMX8QX6/drivers/fsl_lpspi.c.obj
 .text.LPSPI_MasterTransferFillUpTxFifo
                0x000000001ffe1c5c       0x92 CMakeFiles/freertos_hello.elf.dir/home/ben/Toradex/LinuxDevelop/FreeRTOS/Colibri-iMX8X/SDK_2_9_0_MEK-MIMX8QX/devices/MIMX8QX6/drivers/fsl_lpspi.c.obj
 *fill*         0x000000001ffe1cee        0x2 
 .text.LPSPI_CommonIRQHandler
                0x000000001ffe1cf0       0x20 CMakeFiles/freertos_hello.elf.dir/home/ben/Toradex/LinuxDevelop/FreeRTOS/Colibri-iMX8X/SDK_2_9_0_MEK-MIMX8QX/devices/MIMX8QX6/drivers/fsl_lpspi.c.obj
 .text.LPSPI_SeparateReadData
                0x000000001ffe1d10       0x66 CMakeFiles/freertos_hello.elf.dir/home/ben/Toradex/LinuxDevelop/FreeRTOS/Colibri-iMX8X/SDK_2_9_0_MEK-MIMX8QX/devices/MIMX8QX6/drivers/fsl_lpspi.c.obj
 .text.LPSPI_MasterTransferHandleIRQ
                0x000000001ffe1d76       0xfe CMakeFiles/freertos_hello.elf.dir/home/ben/Toradex/LinuxDevelop/FreeRTOS/Colibri-iMX8X/SDK_2_9_0_MEK-MIMX8QX/devices/MIMX8QX6/drivers/fsl_lpspi.c.obj
                0x000000001ffe1d76                LPSPI_MasterTransferHandleIRQ
 .text.LPSPI_GetInstance
                0x000000001ffe1e74       0x34 CMakeFiles/freertos_hello.elf.dir/home/ben/Toradex/LinuxDevelop/FreeRTOS/Colibri-iMX8X/SDK_2_9_0_MEK-MIMX8QX/devices/MIMX8QX6/drivers/fsl_lpspi.c.obj
                0x000000001ffe1e74                LPSPI_GetInstance
 .text.LPSPI_SetDummyData
                0x000000001ffe1ea8       0x10 CMakeFiles/freertos_hello.elf.dir/home/ben/Toradex/LinuxDevelop/FreeRTOS/Colibri-iMX8X/SDK_2_9_0_MEK-MIMX8QX/devices/MIMX8QX6/drivers/fsl_lpspi.c.obj
                0x000000001ffe1ea8                LPSPI_SetDummyData
 .text.LPSPI_MasterSetBaudRate
                0x000000001ffe1eb8       0x88 CMakeFiles/freertos_hello.elf.dir/home/ben/Toradex/LinuxDevelop/FreeRTOS/Colibri-iMX8X/SDK_2_9_0_MEK-MIMX8QX/devices/MIMX8QX6/drivers/fsl_lpspi.c.obj
                0x000000001ffe1eb8                LPSPI_MasterSetBaudRate
 .text.LPSPI_MasterSetDelayScaler
                0x000000001ffe1f40       0x36 CMakeFiles/freertos_hello.elf.dir/home/ben/Toradex/LinuxDevelop/FreeRTOS/Colibri-iMX8X/SDK_2_9_0_MEK-MIMX8QX/devices/MIMX8QX6/drivers/fsl_lpspi.c.obj
                0x000000001ffe1f40                LPSPI_MasterSetDelayScaler
 *fill*         0x000000001ffe1f76        0x2 
 .text.LPSPI_MasterSetDelayTimes
                0x000000001ffe1f78      0x10c CMakeFiles/freertos_hello.elf.dir/home/ben/Toradex/LinuxDevelop/FreeRTOS/Colibri-iMX8X/SDK_2_9_0_MEK-MIMX8QX/devices/MIMX8QX6/drivers/fsl_lpspi.c.obj
                0x000000001ffe1f78                LPSPI_MasterSetDelayTimes
 .text.LPSPI_MasterInit
                0x000000001ffe2084       0xe8 CMakeFiles/freertos_hello.elf.dir/home/ben/Toradex/LinuxDevelop/FreeRTOS/Colibri-iMX8X/SDK_2_9_0_MEK-MIMX8QX/devices/MIMX8QX6/drivers/fsl_lpspi.c.obj
                0x000000001ffe2084                LPSPI_MasterInit
 .text.LPSPI_MasterTransferCreateHandle
                0x000000001ffe216c       0x38 CMakeFiles/freertos_hello.elf.dir/home/ben/Toradex/LinuxDevelop/FreeRTOS/Colibri-iMX8X/SDK_2_9_0_MEK-MIMX8QX/devices/MIMX8QX6/drivers/fsl_lpspi.c.obj
                0x000000001ffe216c                LPSPI_MasterTransferCreateHandle
 .text.LPSPI_CheckTransferArgument
                0x000000001ffe21a4       0x40 CMakeFiles/freertos_hello.elf.dir/home/ben/Toradex/LinuxDevelop/FreeRTOS/Colibri-iMX8X/SDK_2_9_0_MEK-MIMX8QX/devices/MIMX8QX6/drivers/fsl_lpspi.c.obj
                0x000000001ffe21a4                LPSPI_CheckTransferArgument
 .text.LPSPI_MasterTransferBlocking
                0x000000001ffe21e4      0x1d0 CMakeFiles/freertos_hello.elf.dir/home/ben/Toradex/LinuxDevelop/FreeRTOS/Colibri-iMX8X/SDK_2_9_0_MEK-MIMX8QX/devices/MIMX8QX6/drivers/fsl_lpspi.c.obj
                0x000000001ffe21e4                LPSPI_MasterTransferBlocking
 .text.ADMA_SPI0_INT_DriverIRQHandler
                0x000000001ffe23b4       0x20 CMakeFiles/freertos_hello.elf.dir/home/ben/Toradex/LinuxDevelop/FreeRTOS/Colibri-iMX8X/SDK_2_9_0_MEK-MIMX8QX/devices/MIMX8QX6/drivers/fsl_lpspi.c.obj
                0x000000001ffe23b4                ADMA_SPI0_INT_DriverIRQHandler
 .text.ADMA_SPI1_INT_DriverIRQHandler
                0x000000001ffe23d4       0x24 CMakeFiles/freertos_hello.elf.dir/home/ben/Toradex/LinuxDevelop/FreeRTOS/Colibri-iMX8X/SDK_2_9_0_MEK-MIMX8QX/devices/MIMX8QX6/drivers/fsl_lpspi.c.obj
                0x000000001ffe23d4                ADMA_SPI1_INT_DriverIRQHandler
 .text.ADMA_SPI2_INT_DriverIRQHandler
                0x000000001ffe23f8       0x24 CMakeFiles/freertos_hello.elf.dir/home/ben/Toradex/LinuxDevelop/FreeRTOS/Colibri-iMX8X/SDK_2_9_0_MEK-MIMX8QX/devices/MIMX8QX6/drivers/fsl_lpspi.c.obj
                0x000000001ffe23f8                ADMA_SPI2_INT_DriverIRQHandler
 .text.ADMA_SPI3_INT_DriverIRQHandler
                0x000000001ffe241c       0x24 CMakeFiles/freertos_hello.elf.dir/home/ben/Toradex/LinuxDevelop/FreeRTOS/Colibri-iMX8X/SDK_2_9_0_MEK-MIMX8QX/devices/MIMX8QX6/drivers/fsl_lpspi.c.obj
                0x000000001ffe241c                ADMA_SPI3_INT_DriverIRQHandler
 .text.LPSPI_RTOS_Callback
                0x000000001ffe2440       0x2c CMakeFiles/freertos_hello.elf.dir/home/ben/Toradex/LinuxDevelop/FreeRTOS/Colibri-iMX8X/SDK_2_9_0_MEK-MIMX8QX/devices/MIMX8QX6/drivers/fsl_lpspi_freertos.c.obj
 .text.LPSPI_RTOS_Init
                0x000000001ffe246c       0x64 CMakeFiles/freertos_hello.elf.dir/home/ben/Toradex/LinuxDevelop/FreeRTOS/Colibri-iMX8X/SDK_2_9_0_MEK-MIMX8QX/devices/MIMX8QX6/drivers/fsl_lpspi_freertos.c.obj
                0x000000001ffe246c                LPSPI_RTOS_Init
 .text.LPSPI_RTOS_TransferBlocking
                0x000000001ffe24d0        0x6 CMakeFiles/freertos_hello.elf.dir/home/ben/Toradex/LinuxDevelop/FreeRTOS/Colibri-iMX8X/SDK_2_9_0_MEK-MIMX8QX/devices/MIMX8QX6/drivers/fsl_lpspi_freertos.c.obj
                0x000000001ffe24d0                LPSPI_RTOS_TransferBlocking
 .text.vListInitialise
                0x000000001ffe24d6       0x16 CMakeFiles/freertos_hello.elf.dir/home/ben/Toradex/LinuxDevelop/FreeRTOS/Colibri-iMX8X/SDK_2_9_0_MEK-MIMX8QX/rtos/freertos/freertos_kernel/list.c.obj
                0x000000001ffe24d6                vListInitialise
 .text.vListInitialiseItem
                0x000000001ffe24ec        0x6 CMakeFiles/freertos_hello.elf.dir/home/ben/Toradex/LinuxDevelop/FreeRTOS/Colibri-iMX8X/SDK_2_9_0_MEK-MIMX8QX/rtos/freertos/freertos_kernel/list.c.obj
                0x000000001ffe24ec                vListInitialiseItem
 .text.vListInsertEnd
                0x000000001ffe24f2       0x16 CMakeFiles/freertos_hello.elf.dir/home/ben/Toradex/LinuxDevelop/FreeRTOS/Colibri-iMX8X/SDK_2_9_0_MEK-MIMX8QX/rtos/freertos/freertos_kernel/list.c.obj
                0x000000001ffe24f2                vListInsertEnd
 .text.vListInsert
                0x000000001ffe2508       0x2e CMakeFiles/freertos_hello.elf.dir/home/ben/Toradex/LinuxDevelop/FreeRTOS/Colibri-iMX8X/SDK_2_9_0_MEK-MIMX8QX/rtos/freertos/freertos_kernel/list.c.obj
                0x000000001ffe2508                vListInsert
 .text.uxListRemove
                0x000000001ffe2536       0x24 CMakeFiles/freertos_hello.elf.dir/home/ben/Toradex/LinuxDevelop/FreeRTOS/Colibri-iMX8X/SDK_2_9_0_MEK-MIMX8QX/rtos/freertos/freertos_kernel/list.c.obj
                0x000000001ffe2536                uxListRemove
 *fill*         0x000000001ffe255a        0x2 
 .text.prvPortStartFirstTask
                0x000000001ffe255c       0x28 CMakeFiles/freertos_hello.elf.dir/home/ben/Toradex/LinuxDevelop/FreeRTOS/Colibri-iMX8X/SDK_2_9_0_MEK-MIMX8QX/rtos/freertos/freertos_kernel/portable/GCC/ARM_CM4F/port.c.obj
 .text.vPortEnableVFP
                0x000000001ffe2584       0x14 CMakeFiles/freertos_hello.elf.dir/home/ben/Toradex/LinuxDevelop/FreeRTOS/Colibri-iMX8X/SDK_2_9_0_MEK-MIMX8QX/rtos/freertos/freertos_kernel/portable/GCC/ARM_CM4F/port.c.obj
 .text.prvTaskExitError
                0x000000001ffe2598       0x40 CMakeFiles/freertos_hello.elf.dir/home/ben/Toradex/LinuxDevelop/FreeRTOS/Colibri-iMX8X/SDK_2_9_0_MEK-MIMX8QX/rtos/freertos/freertos_kernel/portable/GCC/ARM_CM4F/port.c.obj
 .text.pxPortInitialiseStack
                0x000000001ffe25d8       0x2c CMakeFiles/freertos_hello.elf.dir/home/ben/Toradex/LinuxDevelop/FreeRTOS/Colibri-iMX8X/SDK_2_9_0_MEK-MIMX8QX/rtos/freertos/freertos_kernel/portable/GCC/ARM_CM4F/port.c.obj
                0x000000001ffe25d8                pxPortInitialiseStack
 *fill*         0x000000001ffe2604        0xc 
 .text.SVC_Handler
                0x000000001ffe2610       0x24 CMakeFiles/freertos_hello.elf.dir/home/ben/Toradex/LinuxDevelop/FreeRTOS/Colibri-iMX8X/SDK_2_9_0_MEK-MIMX8QX/rtos/freertos/freertos_kernel/portable/GCC/ARM_CM4F/port.c.obj
                0x000000001ffe2610                SVC_Handler
 .text.vPortEnterCritical
                0x000000001ffe2634       0x44 CMakeFiles/freertos_hello.elf.dir/home/ben/Toradex/LinuxDevelop/FreeRTOS/Colibri-iMX8X/SDK_2_9_0_MEK-MIMX8QX/rtos/freertos/freertos_kernel/portable/GCC/ARM_CM4F/port.c.obj
                0x000000001ffe2634                vPortEnterCritical
 .text.vPortExitCritical
                0x000000001ffe2678       0x28 CMakeFiles/freertos_hello.elf.dir/home/ben/Toradex/LinuxDevelop/FreeRTOS/Colibri-iMX8X/SDK_2_9_0_MEK-MIMX8QX/rtos/freertos/freertos_kernel/portable/GCC/ARM_CM4F/port.c.obj
                0x000000001ffe2678                vPortExitCritical
 .text.PendSV_Handler
                0x000000001ffe26a0       0x64 CMakeFiles/freertos_hello.elf.dir/home/ben/Toradex/LinuxDevelop/FreeRTOS/Colibri-iMX8X/SDK_2_9_0_MEK-MIMX8QX/rtos/freertos/freertos_kernel/portable/GCC/ARM_CM4F/port.c.obj
                0x000000001ffe26a0                PendSV_Handler
 .text.SysTick_Handler
                0x000000001ffe2704       0x2c CMakeFiles/freertos_hello.elf.dir/home/ben/Toradex/LinuxDevelop/FreeRTOS/Colibri-iMX8X/SDK_2_9_0_MEK-MIMX8QX/rtos/freertos/freertos_kernel/portable/GCC/ARM_CM4F/port.c.obj
                0x000000001ffe2704                SysTick_Handler
 .text.vPortSetupTimerInterrupt
                0x000000001ffe2730       0x30 CMakeFiles/freertos_hello.elf.dir/home/ben/Toradex/LinuxDevelop/FreeRTOS/Colibri-iMX8X/SDK_2_9_0_MEK-MIMX8QX/rtos/freertos/freertos_kernel/portable/GCC/ARM_CM4F/port.c.obj
                0x000000001ffe2730                vPortSetupTimerInterrupt
 .text.xPortStartScheduler
                0x000000001ffe2760      0x108 CMakeFiles/freertos_hello.elf.dir/home/ben/Toradex/LinuxDevelop/FreeRTOS/Colibri-iMX8X/SDK_2_9_0_MEK-MIMX8QX/rtos/freertos/freertos_kernel/portable/GCC/ARM_CM4F/port.c.obj
                0x000000001ffe2760                xPortStartScheduler
 .text.vPortValidateInterruptPriority
                0x000000001ffe2868       0x5c CMakeFiles/freertos_hello.elf.dir/home/ben/Toradex/LinuxDevelop/FreeRTOS/Colibri-iMX8X/SDK_2_9_0_MEK-MIMX8QX/rtos/freertos/freertos_kernel/portable/GCC/ARM_CM4F/port.c.obj
                0x000000001ffe2868                vPortValidateInterruptPriority
 .text.prvIsQueueEmpty
                0x000000001ffe28c4       0x16 CMakeFiles/freertos_hello.elf.dir/home/ben/Toradex/LinuxDevelop/FreeRTOS/Colibri-iMX8X/SDK_2_9_0_MEK-MIMX8QX/rtos/freertos/freertos_kernel/queue.c.obj
 .text.prvCopyDataToQueue
                0x000000001ffe28da       0x6a CMakeFiles/freertos_hello.elf.dir/home/ben/Toradex/LinuxDevelop/FreeRTOS/Colibri-iMX8X/SDK_2_9_0_MEK-MIMX8QX/rtos/freertos/freertos_kernel/queue.c.obj
 .text.prvCopyDataFromQueue
                0x000000001ffe2944       0x2c CMakeFiles/freertos_hello.elf.dir/home/ben/Toradex/LinuxDevelop/FreeRTOS/Colibri-iMX8X/SDK_2_9_0_MEK-MIMX8QX/rtos/freertos/freertos_kernel/queue.c.obj
 .text.prvUnlockQueue
                0x000000001ffe2970       0x70 CMakeFiles/freertos_hello.elf.dir/home/ben/Toradex/LinuxDevelop/FreeRTOS/Colibri-iMX8X/SDK_2_9_0_MEK-MIMX8QX/rtos/freertos/freertos_kernel/queue.c.obj
 .text.xQueueGenericReset
                0x000000001ffe29e0       0x80 CMakeFiles/freertos_hello.elf.dir/home/ben/Toradex/LinuxDevelop/FreeRTOS/Colibri-iMX8X/SDK_2_9_0_MEK-MIMX8QX/rtos/freertos/freertos_kernel/queue.c.obj
                0x000000001ffe29e0                xQueueGenericReset
 .text.xQueueGenericCreate
                0x000000001ffe2a60       0x48 CMakeFiles/freertos_hello.elf.dir/home/ben/Toradex/LinuxDevelop/FreeRTOS/Colibri-iMX8X/SDK_2_9_0_MEK-MIMX8QX/rtos/freertos/freertos_kernel/queue.c.obj
                0x000000001ffe2a60                xQueueGenericCreate
 .text.xQueueGenericSend
                0x000000001ffe2aa8      0x164 CMakeFiles/freertos_hello.elf.dir/home/ben/Toradex/LinuxDevelop/FreeRTOS/Colibri-iMX8X/SDK_2_9_0_MEK-MIMX8QX/rtos/freertos/freertos_kernel/queue.c.obj
                0x000000001ffe2aa8                xQueueGenericSend
 .text.xQueueCreateMutex
                0x000000001ffe2c0c       0x36 CMakeFiles/freertos_hello.elf.dir/home/ben/Toradex/LinuxDevelop/FreeRTOS/Colibri-iMX8X/SDK_2_9_0_MEK-MIMX8QX/rtos/freertos/freertos_kernel/queue.c.obj
                0x000000001ffe2c0c                xQueueCreateMutex
 .text.xQueueGenericSendFromISR
                0x000000001ffe2c42       0xc4 CMakeFiles/freertos_hello.elf.dir/home/ben/Toradex/LinuxDevelop/FreeRTOS/Colibri-iMX8X/SDK_2_9_0_MEK-MIMX8QX/rtos/freertos/freertos_kernel/queue.c.obj
                0x000000001ffe2c42                xQueueGenericSendFromISR
 .text.xQueueGiveFromISR
                0x000000001ffe2d06       0xa8 CMakeFiles/freertos_hello.elf.dir/home/ben/Toradex/LinuxDevelop/FreeRTOS/Colibri-iMX8X/SDK_2_9_0_MEK-MIMX8QX/rtos/freertos/freertos_kernel/queue.c.obj
                0x000000001ffe2d06                xQueueGiveFromISR
 *fill*         0x000000001ffe2dae        0x2 
 .text.xQueueReceive
                0x000000001ffe2db0      0x140 CMakeFiles/freertos_hello.elf.dir/home/ben/Toradex/LinuxDevelop/FreeRTOS/Colibri-iMX8X/SDK_2_9_0_MEK-MIMX8QX/rtos/freertos/freertos_kernel/queue.c.obj
                0x000000001ffe2db0                xQueueReceive
 .text.vQueueAddToRegistry
                0x000000001ffe2ef0       0x24 CMakeFiles/freertos_hello.elf.dir/home/ben/Toradex/LinuxDevelop/FreeRTOS/Colibri-iMX8X/SDK_2_9_0_MEK-MIMX8QX/rtos/freertos/freertos_kernel/queue.c.obj
                0x000000001ffe2ef0                vQueueAddToRegistry
 .text.vQueueUnregisterQueue
                0x000000001ffe2f14       0x28 CMakeFiles/freertos_hello.elf.dir/home/ben/Toradex/LinuxDevelop/FreeRTOS/Colibri-iMX8X/SDK_2_9_0_MEK-MIMX8QX/rtos/freertos/freertos_kernel/queue.c.obj
                0x000000001ffe2f14                vQueueUnregisterQueue
 .text.vQueueDelete
                0x000000001ffe2f3c       0x26 CMakeFiles/freertos_hello.elf.dir/home/ben/Toradex/LinuxDevelop/FreeRTOS/Colibri-iMX8X/SDK_2_9_0_MEK-MIMX8QX/rtos/freertos/freertos_kernel/queue.c.obj
                0x000000001ffe2f3c                vQueueDelete
 .text.vQueueWaitForMessageRestricted
                0x000000001ffe2f62       0x46 CMakeFiles/freertos_hello.elf.dir/home/ben/Toradex/LinuxDevelop/FreeRTOS/Colibri-iMX8X/SDK_2_9_0_MEK-MIMX8QX/rtos/freertos/freertos_kernel/queue.c.obj
                0x000000001ffe2f62                vQueueWaitForMessageRestricted
 .text.prvResetNextTaskUnblockTime
                0x000000001ffe2fa8       0x24 CMakeFiles/freertos_hello.elf.dir/home/ben/Toradex/LinuxDevelop/FreeRTOS/Colibri-iMX8X/SDK_2_9_0_MEK-MIMX8QX/rtos/freertos/freertos_kernel/tasks.c.obj
 .text.prvAddCurrentTaskToDelayedList
                0x000000001ffe2fcc       0x8c CMakeFiles/freertos_hello.elf.dir/home/ben/Toradex/LinuxDevelop/FreeRTOS/Colibri-iMX8X/SDK_2_9_0_MEK-MIMX8QX/rtos/freertos/freertos_kernel/tasks.c.obj
 .text.prvIdleTask
                0x000000001ffe3058       0x6c CMakeFiles/freertos_hello.elf.dir/home/ben/Toradex/LinuxDevelop/FreeRTOS/Colibri-iMX8X/SDK_2_9_0_MEK-MIMX8QX/rtos/freertos/freertos_kernel/tasks.c.obj
 .text.xTaskCreate
                0x000000001ffe30c4      0x1dc CMakeFiles/freertos_hello.elf.dir/home/ben/Toradex/LinuxDevelop/FreeRTOS/Colibri-iMX8X/SDK_2_9_0_MEK-MIMX8QX/rtos/freertos/freertos_kernel/tasks.c.obj
                0x000000001ffe30c4                xTaskCreate
 .text.vTaskStartScheduler
                0x000000001ffe32a0       0x80 CMakeFiles/freertos_hello.elf.dir/home/ben/Toradex/LinuxDevelop/FreeRTOS/Colibri-iMX8X/SDK_2_9_0_MEK-MIMX8QX/rtos/freertos/freertos_kernel/tasks.c.obj
                0x000000001ffe32a0                vTaskStartScheduler
 .text.vTaskSuspendAll
                0x000000001ffe3320       0x10 CMakeFiles/freertos_hello.elf.dir/home/ben/Toradex/LinuxDevelop/FreeRTOS/Colibri-iMX8X/SDK_2_9_0_MEK-MIMX8QX/rtos/freertos/freertos_kernel/tasks.c.obj
                0x000000001ffe3320                vTaskSuspendAll
 .text.xTaskGetTickCount
                0x000000001ffe3330        0xc CMakeFiles/freertos_hello.elf.dir/home/ben/Toradex/LinuxDevelop/FreeRTOS/Colibri-iMX8X/SDK_2_9_0_MEK-MIMX8QX/rtos/freertos/freertos_kernel/tasks.c.obj
                0x000000001ffe3330                xTaskGetTickCount
 .text.xTaskIncrementTick
                0x000000001ffe333c      0x108 CMakeFiles/freertos_hello.elf.dir/home/ben/Toradex/LinuxDevelop/FreeRTOS/Colibri-iMX8X/SDK_2_9_0_MEK-MIMX8QX/rtos/freertos/freertos_kernel/tasks.c.obj
                0x000000001ffe333c                xTaskIncrementTick
 .text.xTaskResumeAll
                0x000000001ffe3444       0xf0 CMakeFiles/freertos_hello.elf.dir/home/ben/Toradex/LinuxDevelop/FreeRTOS/Colibri-iMX8X/SDK_2_9_0_MEK-MIMX8QX/rtos/freertos/freertos_kernel/tasks.c.obj
                0x000000001ffe3444                xTaskResumeAll
 .text.vTaskSwitchContext
                0x000000001ffe3534       0x74 CMakeFiles/freertos_hello.elf.dir/home/ben/Toradex/LinuxDevelop/FreeRTOS/Colibri-iMX8X/SDK_2_9_0_MEK-MIMX8QX/rtos/freertos/freertos_kernel/tasks.c.obj
                0x000000001ffe3534                vTaskSwitchContext
 .text.vTaskSuspend
                0x000000001ffe35a8       0xd8 CMakeFiles/freertos_hello.elf.dir/home/ben/Toradex/LinuxDevelop/FreeRTOS/Colibri-iMX8X/SDK_2_9_0_MEK-MIMX8QX/rtos/freertos/freertos_kernel/tasks.c.obj
                0x000000001ffe35a8                vTaskSuspend
 .text.vTaskPlaceOnEventList
                0x000000001ffe3680       0x34 CMakeFiles/freertos_hello.elf.dir/home/ben/Toradex/LinuxDevelop/FreeRTOS/Colibri-iMX8X/SDK_2_9_0_MEK-MIMX8QX/rtos/freertos/freertos_kernel/tasks.c.obj
                0x000000001ffe3680                vTaskPlaceOnEventList
 .text.vTaskPlaceOnEventListRestricted
                0x000000001ffe36b4       0x3c CMakeFiles/freertos_hello.elf.dir/home/ben/Toradex/LinuxDevelop/FreeRTOS/Colibri-iMX8X/SDK_2_9_0_MEK-MIMX8QX/rtos/freertos/freertos_kernel/tasks.c.obj
                0x000000001ffe36b4                vTaskPlaceOnEventListRestricted
 .text.xTaskRemoveFromEventList
                0x000000001ffe36f0       0x88 CMakeFiles/freertos_hello.elf.dir/home/ben/Toradex/LinuxDevelop/FreeRTOS/Colibri-iMX8X/SDK_2_9_0_MEK-MIMX8QX/rtos/freertos/freertos_kernel/tasks.c.obj
                0x000000001ffe36f0                xTaskRemoveFromEventList
 .text.vTaskInternalSetTimeOutState
                0x000000001ffe3778       0x18 CMakeFiles/freertos_hello.elf.dir/home/ben/Toradex/LinuxDevelop/FreeRTOS/Colibri-iMX8X/SDK_2_9_0_MEK-MIMX8QX/rtos/freertos/freertos_kernel/tasks.c.obj
                0x000000001ffe3778                vTaskInternalSetTimeOutState
 .text.xTaskCheckForTimeOut
                0x000000001ffe3790       0x78 CMakeFiles/freertos_hello.elf.dir/home/ben/Toradex/LinuxDevelop/FreeRTOS/Colibri-iMX8X/SDK_2_9_0_MEK-MIMX8QX/rtos/freertos/freertos_kernel/tasks.c.obj
                0x000000001ffe3790                xTaskCheckForTimeOut
 .text.vTaskMissedYield
                0x000000001ffe3808        0xc CMakeFiles/freertos_hello.elf.dir/home/ben/Toradex/LinuxDevelop/FreeRTOS/Colibri-iMX8X/SDK_2_9_0_MEK-MIMX8QX/rtos/freertos/freertos_kernel/tasks.c.obj
                0x000000001ffe3808                vTaskMissedYield
 .text.xTaskGetSchedulerState