Archive member included to satisfy reference by file (symbol)

/home/ben/Toradex/LinuxDevelop/FreeRTOS/Colibri-iMX8X/gcc-arm-none-eabi-9-2020-q2-update/bin/../lib/gcc/arm-none-eabi/9.3.1/../../../../arm-none-eabi/lib/thumb/v7e-m+fp/hard/libc_nano.a(lib_a-errno.o)
                              CMakeFiles/igpio_led_output.elf.dir/home/ben/Toradex/LinuxDevelop/FreeRTOS/Colibri-iMX8X/SDK_2_9_0_MEK-MIMX8QX/devices/MIMX8QX6/utilities/fsl_sbrk.c.obj (__errno)
/home/ben/Toradex/LinuxDevelop/FreeRTOS/Colibri-iMX8X/gcc-arm-none-eabi-9-2020-q2-update/bin/../lib/gcc/arm-none-eabi/9.3.1/../../../../arm-none-eabi/lib/thumb/v7e-m+fp/hard/libc_nano.a(lib_a-exit.o)
                              /home/ben/Toradex/LinuxDevelop/FreeRTOS/Colibri-iMX8X/gcc-arm-none-eabi-9-2020-q2-update/bin/../lib/gcc/arm-none-eabi/9.3.1/../../../../arm-none-eabi/lib/thumb/v7e-m+fp/hard/crt0.o (exit)
/home/ben/Toradex/LinuxDevelop/FreeRTOS/Colibri-iMX8X/gcc-arm-none-eabi-9-2020-q2-update/bin/../lib/gcc/arm-none-eabi/9.3.1/../../../../arm-none-eabi/lib/thumb/v7e-m+fp/hard/libc_nano.a(lib_a-impure.o)
                              /home/ben/Toradex/LinuxDevelop/FreeRTOS/Colibri-iMX8X/gcc-arm-none-eabi-9-2020-q2-update/bin/../lib/gcc/arm-none-eabi/9.3.1/../../../../arm-none-eabi/lib/thumb/v7e-m+fp/hard/libc_nano.a(lib_a-exit.o) (_global_impure_ptr)
/home/ben/Toradex/LinuxDevelop/FreeRTOS/Colibri-iMX8X/gcc-arm-none-eabi-9-2020-q2-update/bin/../lib/gcc/arm-none-eabi/9.3.1/../../../../arm-none-eabi/lib/thumb/v7e-m+fp/hard/libc_nano.a(lib_a-init.o)
                              /home/ben/Toradex/LinuxDevelop/FreeRTOS/Colibri-iMX8X/gcc-arm-none-eabi-9-2020-q2-update/bin/../lib/gcc/arm-none-eabi/9.3.1/../../../../arm-none-eabi/lib/thumb/v7e-m+fp/hard/crt0.o (__libc_init_array)
/home/ben/Toradex/LinuxDevelop/FreeRTOS/Colibri-iMX8X/gcc-arm-none-eabi-9-2020-q2-update/bin/../lib/gcc/arm-none-eabi/9.3.1/../../../../arm-none-eabi/lib/thumb/v7e-m+fp/hard/libc_nano.a(lib_a-malloc.o)
                              CMakeFiles/igpio_led_output.elf.dir/home/ben/Toradex/LinuxDevelop/FreeRTOS/Colibri-iMX8X/SDK_2_9_0_MEK-MIMX8QX/devices/MIMX8QX6/drivers/fsl_common.c.obj (malloc)
/home/ben/Toradex/LinuxDevelop/FreeRTOS/Colibri-iMX8X/gcc-arm-none-eabi-9-2020-q2-update/bin/../lib/gcc/arm-none-eabi/9.3.1/../../../../arm-none-eabi/lib/thumb/v7e-m+fp/hard/libc_nano.a(lib_a-memset.o)
                              /home/ben/Toradex/LinuxDevelop/FreeRTOS/Colibri-iMX8X/gcc-arm-none-eabi-9-2020-q2-update/bin/../lib/gcc/arm-none-eabi/9.3.1/../../../../arm-none-eabi/lib/thumb/v7e-m+fp/hard/crt0.o (memset)
/home/ben/Toradex/LinuxDevelop/FreeRTOS/Colibri-iMX8X/gcc-arm-none-eabi-9-2020-q2-update/bin/../lib/gcc/arm-none-eabi/9.3.1/../../../../arm-none-eabi/lib/thumb/v7e-m+fp/hard/libc_nano.a(lib_a-nano-freer.o)
                              /home/ben/Toradex/LinuxDevelop/FreeRTOS/Colibri-iMX8X/gcc-arm-none-eabi-9-2020-q2-update/bin/../lib/gcc/arm-none-eabi/9.3.1/../../../../arm-none-eabi/lib/thumb/v7e-m+fp/hard/libc_nano.a(lib_a-malloc.o) (_free_r)
/home/ben/Toradex/LinuxDevelop/FreeRTOS/Colibri-iMX8X/gcc-arm-none-eabi-9-2020-q2-update/bin/../lib/gcc/arm-none-eabi/9.3.1/../../../../arm-none-eabi/lib/thumb/v7e-m+fp/hard/libc_nano.a(lib_a-nano-mallocr.o)
                              /home/ben/Toradex/LinuxDevelop/FreeRTOS/Colibri-iMX8X/gcc-arm-none-eabi-9-2020-q2-update/bin/../lib/gcc/arm-none-eabi/9.3.1/../../../../arm-none-eabi/lib/thumb/v7e-m+fp/hard/libc_nano.a(lib_a-malloc.o) (_malloc_r)
/home/ben/Toradex/LinuxDevelop/FreeRTOS/Colibri-iMX8X/gcc-arm-none-eabi-9-2020-q2-update/bin/../lib/gcc/arm-none-eabi/9.3.1/../../../../arm-none-eabi/lib/thumb/v7e-m+fp/hard/libc_nano.a(lib_a-sbrkr.o)
                              /home/ben/Toradex/LinuxDevelop/FreeRTOS/Colibri-iMX8X/gcc-arm-none-eabi-9-2020-q2-update/bin/../lib/gcc/arm-none-eabi/9.3.1/../../../../arm-none-eabi/lib/thumb/v7e-m+fp/hard/libc_nano.a(lib_a-nano-mallocr.o) (_sbrk_r)
/home/ben/Toradex/LinuxDevelop/FreeRTOS/Colibri-iMX8X/gcc-arm-none-eabi-9-2020-q2-update/bin/../lib/gcc/arm-none-eabi/9.3.1/../../../../arm-none-eabi/lib/thumb/v7e-m+fp/hard/libc_nano.a(lib_a-strlen.o)
                              CMakeFiles/igpio_led_output.elf.dir/home/ben/Toradex/LinuxDevelop/FreeRTOS/Colibri-iMX8X/SDK_2_9_0_MEK-MIMX8QX/devices/MIMX8QX6/utilities/debug_console_lite/fsl_debug_console.c.obj (strlen)
/home/ben/Toradex/LinuxDevelop/FreeRTOS/Colibri-iMX8X/gcc-arm-none-eabi-9-2020-q2-update/bin/../lib/gcc/arm-none-eabi/9.3.1/../../../../arm-none-eabi/lib/thumb/v7e-m+fp/hard/libc_nano.a(lib_a-mlock.o)
                              /home/ben/Toradex/LinuxDevelop/FreeRTOS/Colibri-iMX8X/gcc-arm-none-eabi-9-2020-q2-update/bin/../lib/gcc/arm-none-eabi/9.3.1/../../../../arm-none-eabi/lib/thumb/v7e-m+fp/hard/libc_nano.a(lib_a-nano-freer.o) (__malloc_lock)
/home/ben/Toradex/LinuxDevelop/FreeRTOS/Colibri-iMX8X/gcc-arm-none-eabi-9-2020-q2-update/bin/../lib/gcc/arm-none-eabi/9.3.1/../../../../arm-none-eabi/lib/thumb/v7e-m+fp/hard/libc_nano.a(lib_a-reent.o)
[...]
Memory Configuration

Name             Origin             Length             Attributes
m_interrupts     0x0000000008081000 0x0000000000000a00 xr
m_text           0x0000000008081a00 0x00000000000ff600 xr
m_data           0x0000000020000000 0x0000000000020000 rw
m_data2          0x0000000088000000 0x0000000008000000 rw
m_tcml           0x000000001ffe0020 0x000000000001ffe0 rw
*default*        0x0000000000000000 0xffffffffffffffff

Linker script and memory map

LOAD /home/ben/Toradex/LinuxDevelop/FreeRTOS/Colibri-iMX8X/gcc-arm-none-eabi-9-2020-q2-update/bin/../lib/gcc/arm-none-eabi/9.3.1/thumb/v7e-m+fp/hard/crti.o
LOAD /home/ben/Toradex/LinuxDevelop/FreeRTOS/Colibri-iMX8X/gcc-arm-none-eabi-9-2020-q2-update/bin/../lib/gcc/arm-none-eabi/9.3.1/thumb/v7e-m+fp/hard/crtbegin.o
LOAD /home/ben/Toradex/LinuxDevelop/FreeRTOS/Colibri-iMX8X/gcc-arm-none-eabi-9-2020-q2-update/bin/../lib/gcc/arm-none-eabi/9.3.1/../../../../arm-none-eabi/lib/thumb/v7e-m+fp/hard/crt0.o
LOAD CMakeFiles/igpio_led_output.elf.dir/home/ben/Toradex/LinuxDevelop/FreeRTOS/Colibri-iMX8X/SDK_2_9_0_MEK-MIMX8QX/boards/mekmimx8qx/driver_examples/gpio/led_output/gpio_led_output.c.obj
LOAD CMakeFiles/igpio_led_output.elf.dir/home/ben/Toradex/LinuxDevelop/FreeRTOS/Colibri-iMX8X/SDK_2_9_0_MEK-MIMX8QX/boards/mekmimx8qx/driver_examples/gpio/led_output/pin_mux.c.obj
LOAD CMakeFiles/igpio_led_output.elf.dir/home/ben/Toradex/LinuxDevelop/FreeRTOS/Colibri-iMX8X/SDK_2_9_0_MEK-MIMX8QX/boards/mekmimx8qx/driver_examples/gpio/led_output/board.c.obj
LOAD CMakeFiles/igpio_led_output.elf.dir/home/ben/Toradex/LinuxDevelop/FreeRTOS/Colibri-iMX8X/SDK_2_9_0_MEK-MIMX8QX/boards/mekmimx8qx/driver_examples/gpio/led_output/clock_config.c.obj
LOAD CMakeFiles/igpio_led_output.elf.dir/home/ben/Toradex/LinuxDevelop/FreeRTOS/Colibri-iMX8X/SDK_2_9_0_MEK-MIMX8QX/boards/mekmimx8qx/driver_examples/gpio/led_output/empty_rsc_table.c.obj
LOAD CMakeFiles/igpio_led_output.elf.dir/home/ben/Toradex/LinuxDevelop/FreeRTOS/Colibri-iMX8X/SDK_2_9_0_MEK-MIMX8QX/devices/MIMX8QX6/utilities/debug_console_lite/fsl_debug_console.c.obj
LOAD CMakeFiles/igpio_led_output.elf.dir/home/ben/Toradex/LinuxDevelop/FreeRTOS/Colibri-iMX8X/SDK_2_9_0_MEK-MIMX8QX/components/uart/fsl_adapter_lpuart.c.obj
LOAD CMakeFiles/igpio_led_output.elf.dir/home/ben/Toradex/LinuxDevelop/FreeRTOS/Colibri-iMX8X/SDK_2_9_0_MEK-MIMX8QX/devices/MIMX8QX6/drivers/fsl_common.c.obj
LOAD CMakeFiles/igpio_led_output.elf.dir/home/ben/Toradex/LinuxDevelop/FreeRTOS/Colibri-iMX8X/SDK_2_9_0_MEK-MIMX8QX/devices/MIMX8QX6/drivers/fsl_clock.c.obj
LOAD CMakeFiles/igpio_led_output.elf.dir/home/ben/Toradex/LinuxDevelop/FreeRTOS/Colibri-iMX8X/SDK_2_9_0_MEK-MIMX8QX/devices/MIMX8QX6/scfw_api/main/ipc_imx8qx.c.obj
LOAD CMakeFiles/igpio_led_output.elf.dir/home/ben/Toradex/LinuxDevelop/FreeRTOS/Colibri-iMX8X/SDK_2_9_0_MEK-MIMX8QX/devices/MIMX8QX6/scfw_api/svc/irq/irq_rpc_clnt.c.obj
LOAD CMakeFiles/igpio_led_output.elf.dir/home/ben/Toradex/LinuxDevelop/FreeRTOS/Colibri-iMX8X/SDK_2_9_0_MEK-MIMX8QX/devices/MIMX8QX6/scfw_api/svc/misc/misc_rpc_clnt.c.obj
LOAD CMakeFiles/igpio_led_output.elf.dir/home/ben/Toradex/LinuxDevelop/FreeRTOS/Colibri-iMX8X/SDK_2_9_0_MEK-MIMX8QX/devices/MIMX8QX6/scfw_api/svc/pad/pad_rpc_clnt.c.obj
LOAD CMakeFiles/igpio_led_output.elf.dir/home/ben/Toradex/LinuxDevelop/FreeRTOS/Colibri-iMX8X/SDK_2_9_0_MEK-MIMX8QX/devices/MIMX8QX6/scfw_api/svc/pm/pm_rpc_clnt.c.obj
LOAD CMakeFiles/igpio_led_output.elf.dir/home/ben/Toradex/LinuxDevelop/FreeRTOS/Colibri-iMX8X/SDK_2_9_0_MEK-MIMX8QX/devices/MIMX8QX6/scfw_api/svc/rm/rm_rpc_clnt.c.obj
LOAD CMakeFiles/igpio_led_output.elf.dir/home/ben/Toradex/LinuxDevelop/FreeRTOS/Colibri-iMX8X/SDK_2_9_0_MEK-MIMX8QX/devices/MIMX8QX6/scfw_api/svc/seco/seco_rpc_clnt.c.obj
LOAD CMakeFiles/igpio_led_output.elf.dir/home/ben/Toradex/LinuxDevelop/FreeRTOS/Colibri-iMX8X/SDK_2_9_0_MEK-MIMX8QX/devices/MIMX8QX6/scfw_api/svc/timer/timer_rpc_clnt.c.obj
LOAD CMakeFiles/igpio_led_output.elf.dir/home/ben/Toradex/LinuxDevelop/FreeRTOS/Colibri-iMX8X/SDK_2_9_0_MEK-MIMX8QX/devices/MIMX8QX6/drivers/fsl_lpuart.c.obj
LOAD CMakeFiles/igpio_led_output.elf.dir/home/ben/Toradex/LinuxDevelop/FreeRTOS/Colibri-iMX8X/SDK_2_9_0_MEK-MIMX8QX/devices/MIMX8QX6/utilities/debug_console_lite/fsl_assert.c.obj
LOAD CMakeFiles/igpio_led_output.elf.dir/home/ben/Toradex/LinuxDevelop/FreeRTOS/Colibri-iMX8X/SDK_2_9_0_MEK-MIMX8QX/devices/MIMX8QX6/drivers/fsl_gpio.c.obj
LOAD CMakeFiles/igpio_led_output.elf.dir/home/ben/Toradex/LinuxDevelop/FreeRTOS/Colibri-iMX8X/SDK_2_9_0_MEK-MIMX8QX/components/lists/fsl_component_generic_list.c.obj
LOAD CMakeFiles/igpio_led_output.elf.dir/home/ben/Toradex/LinuxDevelop/FreeRTOS/Colibri-iMX8X/SDK_2_9_0_MEK-MIMX8QX/devices/MIMX8QX6/gcc/startup_MIMX8QX6_cm4.S.obj
LOAD CMakeFiles/igpio_led_output.elf.dir/home/ben/Toradex/LinuxDevelop/FreeRTOS/Colibri-iMX8X/SDK_2_9_0_MEK-MIMX8QX/devices/MIMX8QX6/system_MIMX8QX6_cm4.c.obj
LOAD CMakeFiles/igpio_led_output.elf.dir/home/ben/Toradex/LinuxDevelop/FreeRTOS/Colibri-iMX8X/SDK_2_9_0_MEK-MIMX8QX/devices/MIMX8QX6/utilities/fsl_sbrk.c.obj
START GROUP
LOAD /home/ben/Toradex/LinuxDevelop/FreeRTOS/Colibri-iMX8X/gcc-arm-none-eabi-9-2020-q2-update/bin/../lib/gcc/arm-none-eabi/9.3.1/../../../../arm-none-eabi/lib/thumb/v7e-m+fp/hard/libm.a
LOAD /home/ben/Toradex/LinuxDevelop/FreeRTOS/Colibri-iMX8X/gcc-arm-none-eabi-9-2020-q2-update/bin/../lib/gcc/arm-none-eabi/9.3.1/../../../../arm-none-eabi/lib/thumb/v7e-m+fp/hard/libc_nano.a
LOAD /home/ben/Toradex/LinuxDevelop/FreeRTOS/Colibri-iMX8X/gcc-arm-none-eabi-9-2020-q2-update/bin/../lib/gcc/arm-none-eabi/9.3.1/thumb/v7e-m+fp/hard/libgcc.a
LOAD /home/ben/Toradex/LinuxDevelop/FreeRTOS/Colibri-iMX8X/gcc-arm-none-eabi-9-2020-q2-update/bin/../lib/gcc/arm-none-eabi/9.3.1/../../../../arm-none-eabi/lib/thumb/v7e-m+fp/hard/libnosys.a
END GROUP
START GROUP
LOAD /home/ben/Toradex/LinuxDevelop/FreeRTOS/Colibri-iMX8X/gcc-arm-none-eabi-9-2020-q2-update/bin/../lib/gcc/arm-none-eabi/9.3.1/thumb/v7e-m+fp/hard/libgcc.a
LOAD /home/ben/Toradex/LinuxDevelop/FreeRTOS/Colibri-iMX8X/gcc-arm-none-eabi-9-2020-q2-update/bin/../lib/gcc/arm-none-eabi/9.3.1/../../../../arm-none-eabi/lib/thumb/v7e-m+fp/hard/libc_nano.a
END GROUP
START GROUP
LOAD /home/ben/Toradex/LinuxDevelop/FreeRTOS/Colibri-iMX8X/gcc-arm-none-eabi-9-2020-q2-update/bin/../lib/gcc/arm-none-eabi/9.3.1/thumb/v7e-m+fp/hard/libgcc.a
LOAD /home/ben/Toradex/LinuxDevelop/FreeRTOS/Colibri-iMX8X/gcc-arm-none-eabi-9-2020-q2-update/bin/../lib/gcc/arm-none-eabi/9.3.1/../../../../arm-none-eabi/lib/thumb/v7e-m+fp/hard/libc_nano.a
LOAD /home/ben/Toradex/LinuxDevelop/FreeRTOS/Colibri-iMX8X/gcc-arm-none-eabi-9-2020-q2-update/bin/../lib/gcc/arm-none-eabi/9.3.1/../../../../arm-none-eabi/lib/thumb/v7e-m+fp/hard/libnosys.a
END GROUP
START GROUP
LOAD /home/ben/Toradex/LinuxDevelop/FreeRTOS/Colibri-iMX8X/gcc-arm-none-eabi-9-2020-q2-update/bin/../lib/gcc/arm-none-eabi/9.3.1/thumb/v7e-m+fp/hard/libgcc.a
LOAD /home/ben/Toradex/LinuxDevelop/FreeRTOS/Colibri-iMX8X/gcc-arm-none-eabi-9-2020-q2-update/bin/../lib/gcc/arm-none-eabi/9.3.1/../../../../arm-none-eabi/lib/thumb/v7e-m+fp/hard/libc_nano.a
LOAD /home/ben/Toradex/LinuxDevelop/FreeRTOS/Colibri-iMX8X/gcc-arm-none-eabi-9-2020-q2-update/bin/../lib/gcc/arm-none-eabi/9.3.1/../../../../arm-none-eabi/lib/thumb/v7e-m+fp/hard/libnosys.a
END GROUP
LOAD /home/ben/Toradex/LinuxDevelop/FreeRTOS/Colibri-iMX8X/gcc-arm-none-eabi-9-2020-q2-update/bin/../lib/gcc/arm-none-eabi/9.3.1/thumb/v7e-m+fp/hard/crtend.o
LOAD /home/ben/Toradex/LinuxDevelop/FreeRTOS/Colibri-iMX8X/gcc-arm-none-eabi-9-2020-q2-update/bin/../lib/gcc/arm-none-eabi/9.3.1/thumb/v7e-m+fp/hard/crtn.o
                0x0000000000000400                HEAP_SIZE = DEFINED (__heap_size__)?__heap_size__:0x400
                0x0000000000000400                STACK_SIZE = DEFINED (__stack_size__)?__stack_size__:0x400
                0x000000000000000c                SAFE_BOUNDARY_LEN = 0xc

.interrupts     0x0000000008081000      0xa00
                0x0000000008081000                . = ALIGN (0x8)
 *(.isr_vector)
 .isr_vector    0x0000000008081000      0xa00 CMakeFiles/igpio_led_output.elf.dir/home/ben/Toradex/LinuxDevelop/FreeRTOS/Colibri-iMX8X/SDK_2_9_0_MEK-MIMX8QX/devices/MIMX8QX6/gcc/startup_MIMX8QX6_cm4.S.obj
                0x0000000008081000                __isr_vector
                0x0000000008081a00                . = ALIGN (0x8)

.resource_table
                0x0000000008081a00       0x10
                0x0000000008081a00                . = ALIGN (0x8)
 *(.resource_table)
 .resource_table
                0x0000000008081a00       0x10 CMakeFiles/igpio_led_output.elf.dir/home/ben/Toradex/LinuxDevelop/FreeRTOS/Colibri-iMX8X/SDK_2_9_0_MEK-MIMX8QX/boards/mekmimx8qx/driver_examples/gpio/led_output/empty_rsc_table.c.obj
                0x0000000008081a00                resource_table
                0x0000000008081a10                . = ALIGN (0x8)

.text           0x0000000008081a10     0x3998
                0x0000000008081a10                . = ALIGN (0x8)
 *(.text)
 .text          0x0000000008081a10       0x40 /home/ben/Toradex/LinuxDevelop/FreeRTOS/Colibri-iMX8X/gcc-arm-none-eabi-9-2020-q2-update/bin/../lib/gcc/arm-none-eabi/9.3.1/thumb/v7e-m+fp/hard/crtbegin.o
 .text          0x0000000008081a50       0x7c /home/ben/Toradex/LinuxDevelop/FreeRTOS/Colibri-iMX8X/gcc-arm-none-eabi-9-2020-q2-update/bin/../lib/gcc/arm-none-eabi/9.3.1/../../../../arm-none-eabi/lib/thumb/v7e-m+fp/hard/crt0.o
                0x0000000008081a50                _stack_init
                0x0000000008081a58                _mainCRTStartup
                0x0000000008081a58                _start
 .text          0x0000000008081acc      0x580 CMakeFiles/igpio_led_output.elf.dir/home/ben/Toradex/LinuxDevelop/FreeRTOS/Colibri-iMX8X/SDK_2_9_0_MEK-MIMX8QX/devices/MIMX8QX6/gcc/startup_MIMX8QX6_cm4.S.obj
                0x0000000008081acc                Reset_Handler
                0x0000000008081ba8                Reserved18_IRQHandler
                0x0000000008081ba8                Reserved96_IRQHandler
                0x0000000008081ba8                IMAGING_MJPEG_DEC2_INT_IRQHandler
                0x0000000008081ba8                CONNECTIVITY_USB3_INT_IRQHandler
                0x0000000008081ba8                LSIO_MU10_INT_B_IRQHandler
                0x0000000008081ba8                Reserved512_IRQHandler
                0x0000000008081ba8                CONNECTIVITY_USDHC1_INT_DriverIRQHandler
                0x0000000008081ba8                Reserved134_IRQHandler
                0x0000000008081ba8                ADMA_GPT3_INT_DriverIRQHandler
                0x0000000008081ba8                LSIO_MU2_INT_IRQHandler
                0x0000000008081ba8                Reserved16_IRQHandler
                0x0000000008081ba8                ADMA_ADC0_INT_DriverIRQHandler
                0x0000000008081ba8                Reserved448_IRQHandler
                0x0000000008081ba8                Reserved111_IRQHandler
                0x0000000008081ba8                DebugMon_Handler
                0x0000000008081ba8                IRQSTEER_1_DriverIRQHandler
                0x0000000008081ba8                Reserved178_IRQHandler
                0x0000000008081ba8                Reserved88_IRQHandler
                0x0000000008081ba8                DRC_SBR_DONE_INT_IRQHandler
                0x0000000008081ba8                ADMA_EDMA1_INT_DriverIRQHandler
                0x0000000008081ba8                Reserved243_IRQHandler
                0x0000000008081ba8                SECURITY_MU2_A_INT_IRQHandler
                0x0000000008081ba8                M4_MU0_B3_IRQHandler
                0x0000000008081ba8                ADMA_SPDIF0_RX_MOD_INT_DriverIRQHandler
                0x0000000008081ba8                Reserved347_IRQHandler
                0x0000000008081ba8                Reserved153_IRQHandler
                0x0000000008081ba8                DISPLAY0_INT_OUT1_IRQHandler
                0x0000000008081ba8                ADMA_I2C2_MOD_INT_DriverIRQHandler
                0x0000000008081ba8                ADMA_SPI1_INT_DriverIRQHandler
                0x0000000008081ba8                ADMA_SPDIF0_TX_INT_DriverIRQHandler
                0x0000000008081ba8                LSIO_MU13_INT_B_IRQHandler
                0x0000000008081ba8                ADMA_UART1_MOD_INT_DriverIRQHandler
                0x0000000008081ba8                HSIO_PCIEB_DMA_INT_DriverIRQHandler
                0x0000000008081ba8                Reserved76_IRQHandler
                0x0000000008081ba8                Reserved86_IRQHandler
                0x0000000008081ba8                Reserved295_IRQHandler
                0x0000000008081ba8                Reserved506_IRQHandler
                0x0000000008081ba8                LSIO_PWM1_INT_IRQHandler
                0x0000000008081ba8                Reserved248_IRQHandler
                0x0000000008081ba8                Reserved85_IRQHandler
                0x0000000008081ba8                Reserved64_IRQHandler
                0x0000000008081ba8                Reserved376_IRQHandler
                0x0000000008081ba8                Reserved234_IRQHandler
                0x0000000008081ba8                Reserved225_IRQHandler
                0x0000000008081ba8                ADMA_ESAI0_INT_DriverIRQHandler
                0x0000000008081ba8                M4_INTMUX_SOURCE_MU0_A2_DriverIRQHandler
                0x0000000008081ba8                ADMA_SAI1_MOD_INT_DriverIRQHandler
                0x0000000008081ba8                Reserved188_IRQHandler
                0x0000000008081ba8                Reserved545_IRQHandler
                0x0000000008081ba8                IRQSTEER_5_DriverIRQHandler
                0x0000000008081ba8                Reserved103_IRQHandler
                0x0000000008081ba8                ADMA_SAI3_INT_DriverIRQHandler
                0x0000000008081ba8                IMAGING_MJPEG_DEC1_INT_IRQHandler
                0x0000000008081ba8                ADMA_SPI0_INT_DriverIRQHandler
                0x0000000008081ba8                Reserved308_IRQHandler
                0x0000000008081ba8                Reserved293_IRQHandler
                0x0000000008081ba8                IRQSTEER_4_DriverIRQHandler
                0x0000000008081ba8                Reserved114_IRQHandler
                0x0000000008081ba8                ADMA_I2C3_MOD_INT_DriverIRQHandler
                0x0000000008081ba8                LSIO_MU6_INT_B_IRQHandler
                0x0000000008081ba8                Reserved604_IRQHandler
                0x0000000008081ba8                SCU_INT_OUT4_IRQHandler
                0x0000000008081ba8                Reserved19_IRQHandler
                0x0000000008081ba8                LSIO_GPIO_INT3_IRQHandler
                0x0000000008081ba8                Reserved578_IRQHandler
                0x0000000008081ba8                LSIO_MU8_INT_A_IRQHandler
                0x0000000008081ba8                Reserved74_IRQHandler
                0x0000000008081ba8                Reserved89_IRQHandler
                0x0000000008081ba8                LSIO_KPP_INT_IRQHandler
                0x0000000008081ba8                Reserved59_IRQHandler
                0x0000000008081ba8                ADMA_SAI0_INT_DriverIRQHandler
                0x0000000008081ba8                Reserved79_IRQHandler
                0x0000000008081ba8                Reserved137_IRQHandler
                0x0000000008081ba8                DISPLAY0_INT_OUT9_IRQHandler
                0x0000000008081ba8                LSIO_MU11_INT_B_IRQHandler
                0x0000000008081ba8                Reserved29_IRQHandler
                0x0000000008081ba8                Reserved272_IRQHandler
                0x0000000008081ba8                IMAGING_PDMA_STREAM3_INT_DriverIRQHandler
                0x0000000008081ba8                Reserved263_IRQHandler
                0x0000000008081ba8                SCU_SYS_COUNT_INT3_IRQHandler
                0x0000000008081ba8                M4_INTMUX_SOURCE_LPIT_DriverIRQHandler
                0x0000000008081ba8                Reserved571_IRQHandler
                0x0000000008081ba8                ADMA_FLEXCAN1_INT_DriverIRQHandler
                0x0000000008081ba8                ADMA_I2C0_INT_DriverIRQHandler
                0x0000000008081ba8                ADMA_UART3_MOD_INT_DriverIRQHandler
                0x0000000008081ba8                SECURITY_MU1_A_INT_IRQHandler
                0x0000000008081ba8                Reserved309_IRQHandler
                0x0000000008081ba8                DISPLAY0_INT_OUT2_IRQHandler
                0x0000000008081ba8                Reserved68_IRQHandler
                0x0000000008081ba8                IMAGING_MJPEG_DEC0_INT_IRQHandler
                0x0000000008081ba8                Reserved77_IRQHandler
                0x0000000008081ba8                Reserved559_IRQHandler
                0x0000000008081ba8                Reserved424_IRQHandler
                0x0000000008081ba8                Reserved560_IRQHandler
                0x0000000008081ba8                Reserved84_IRQHandler
                0x0000000008081ba8                Reserved381_IRQHandler
                0x0000000008081ba8                LSIO_MU4_INT_IRQHandler
                0x0000000008081ba8                Reserved426_IRQHandler
                0x0000000008081ba8                Reserved450_IRQHandler
                0x0000000008081ba8                Reserved155_IRQHandler
                0x0000000008081ba8                Reserved157_IRQHandler
                0x0000000008081ba8                IMAGING_MJPEG_ENC3_INT_IRQHandler
                0x0000000008081ba8                Reserved92_IRQHandler
                0x0000000008081ba8                ADMA_SAI4_INT_DriverIRQHandler
                0x0000000008081ba8                M4_MU0_B1_IRQHandler
                0x0000000008081ba8                IMAGING_PDMA_STREAM5_INT_DriverIRQHandler
                0x0000000008081ba8                Reserved42_IRQHandler
                0x0000000008081ba8                Reserved36_IRQHandler
                0x0000000008081ba8                Reserved22_IRQHandler
                0x0000000008081ba8                CONNECTIVITY_ENET1_FRAME1_INT_DriverIRQHandler
                0x0000000008081ba8                SCU_INT_OUT3_IRQHandler
                0x0000000008081ba8                Reserved75_IRQHandler
                0x0000000008081ba8                DRC_ECC_NCORRECT_INT_IRQHandler
                0x0000000008081ba8                Reserved280_IRQHandler
                0x0000000008081ba8                LSIO_MU7_INT_A_IRQHandler
                0x0000000008081ba8                Reserved268_IRQHandler
                0x0000000008081ba8                LSIO_PWM2_INT_IRQHandler
                0x0000000008081ba8                ADMA_SAI5_INT_DriverIRQHandler
                0x0000000008081ba8                Reserved176_IRQHandler
                0x0000000008081ba8                Reserved294_IRQHandler
                0x0000000008081ba8                ADMA_FLEXCAN2_INT_DriverIRQHandler
                0x0000000008081ba8                Reserved233_IRQHandler
                0x0000000008081ba8                ADMA_UART2_MOD_INT_DriverIRQHandler
                0x0000000008081ba8                Reserved596_IRQHandler
                0x0000000008081ba8                Reserved224_IRQHandler
                0x0000000008081ba8                Reserved489_IRQHandler
                0x0000000008081ba8                Reserved39_IRQHandler
                0x0000000008081ba8                Reserved427_IRQHandler
                0x0000000008081ba8                Reserved310_IRQHandler
                0x0000000008081ba8                DRC_PERF_CNT_INT_IRQHandler
                0x0000000008081ba8                VPU_VPU_INT_0_IRQHandler
                0x0000000008081ba8                UsageFault_Handler
                0x0000000008081ba8                Reserved562_IRQHandler
                0x0000000008081ba8                ADMA_ASRC0_INT2_DriverIRQHandler
                0x0000000008081ba8                Reserved265_IRQHandler
                0x0000000008081ba8                LSIO_MU9_INT_A_IRQHandler
                0x0000000008081ba8                Reserved330_IRQHandler
                0x0000000008081ba8                Reserved156_IRQHandler
                0x0000000008081ba8                M4_INTMUX_SOURCE_TPM_DriverIRQHandler
                0x0000000008081ba8                LSIO_MU11_INT_A_IRQHandler
                0x0000000008081ba8                Reserved57_IRQHandler
                0x0000000008081ba8                Reserved257_IRQHandler
                0x0000000008081ba8                ADMA_SPI0_MOD_INT_DriverIRQHandler
                0x0000000008081ba8                Reserved500_IRQHandler
                0x0000000008081ba8                ADMA_FLEXCAN1_MOD_INT_DriverIRQHandler
                0x0000000008081ba8                VPU_VPU_INT_1_IRQHandler
                0x0000000008081ba8                DefaultISR
                0x0000000008081ba8                MIPI_DSI0_INT_OUT_DriverIRQHandler
                0x0000000008081ba8                Reserved250_IRQHandler
                0x0000000008081ba8                Reserved34_IRQHandler
                0x0000000008081ba8                Reserved58_IRQHandler
                0x0000000008081ba8                Reserved264_IRQHandler
                0x0000000008081ba8                Reserved261_IRQHandler
                0x0000000008081ba8                ADMA_SPI2_MOD_INT_DriverIRQHandler
                0x0000000008081ba8                Reserved392_IRQHandler
                0x0000000008081ba8                Reserved82_IRQHandler
                0x0000000008081ba8                Reserved25_IRQHandler
                0x0000000008081ba8                Reserved298_IRQHandler
                0x0000000008081ba8                Reserved24_IRQHandler
                0x0000000008081ba8                Reserved582_IRQHandler
                0x0000000008081ba8                Reserved581_IRQHandler
                0x0000000008081ba8                Reserved129_IRQHandler
                0x0000000008081ba8                Reserved591_IRQHandler
                0x0000000008081ba8                Reserved267_IRQHandler
                0x0000000008081ba8                Reserved71_IRQHandler
                0x0000000008081ba8                LSIO_PWM4_INT_IRQHandler
                0x0000000008081ba8                Reserved177_IRQHandler
                0x0000000008081ba8                Reserved69_IRQHandler
                0x0000000008081ba8                Reserved132_IRQHandler
                0x0000000008081ba8                DISPLAY0_INT_OUT12_IRQHandler
                0x0000000008081ba8                IRQSTEER_2_DriverIRQHandler
                0x0000000008081ba8                ADMA_EDMA3_INT_DriverIRQHandler
                0x0000000008081ba8                SCU_SYS_COUNT_INT2_IRQHandler
                0x0000000008081ba8                Reserved33_IRQHandler
                0x0000000008081ba8                ADMA_I2C3_INT_DriverIRQHandler
                0x0000000008081ba8                ADMA_GPT4_INT_DriverIRQHandler
                0x0000000008081ba8                ADMA_SPDIF0_TX_MOD_INT_DriverIRQHandler
                0x0000000008081ba8                Reserved253_IRQHandler
                0x0000000008081ba8                Reserved449_IRQHandler
                0x0000000008081ba8                Reserved164_IRQHandler
                0x0000000008081ba8                Reserved274_IRQHandler
                0x0000000008081ba8                Reserved70_IRQHandler
                0x0000000008081ba8                HSIO_PCIEB_MSI_CTRL_INT_IRQHandler
                0x0000000008081ba8                LSIO_GPT0_INT_IRQHandler
                0x0000000008081ba8                Reserved590_IRQHandler
                0x0000000008081ba8                M4_INT_OUT4_IRQHandler
                0x0000000008081ba8                SCU_SYS_COUNT_INT0_IRQHandler
                0x0000000008081ba8                Reserved377_IRQHandler
                0x0000000008081ba8                MIPI_CSI0_OUT_INT_IRQHandler
                0x0000000008081ba8                LSIO_GPT3_INT_IRQHandler
                0x0000000008081ba8                ADMA_EDMA0_INT_DriverIRQHandler
                0x0000000008081ba8                Reserved232_IRQHandler
                0x0000000008081ba8                Reserved389_IRQHandler
                0x0000000008081ba8                HSIO_PCIEB_INT_D_IRQHandler
                0x0000000008081ba8                LSIO_PWM5_INT_IRQHandler
                0x0000000008081ba8                LSIO_GPIO_INT5_IRQHandler
                0x0000000008081ba8                Reserved510_IRQHandler
                0x0000000008081ba8                CONNECTIVITY_ENET0_FRAME0_EVENT_INT_DriverIRQHandler
                0x0000000008081ba8                DISPLAY0_INT_OUT10_IRQHandler
                0x0000000008081ba8                Reserved128_IRQHandler
                0x0000000008081ba8                Reserved78_IRQHandler
                0x0000000008081ba8                LSIO_OCTASPI0_INT_DriverIRQHandler
                0x0000000008081ba8                Reserved501_IRQHandler
                0x0000000008081ba8                IMAGING_PDMA_STREAM2_INT_DriverIRQHandler
                0x0000000008081ba8                Reserved606_IRQHandler
                0x0000000008081ba8                Reserved95_IRQHandler
                0x0000000008081ba8                LSIO_PWM6_INT_IRQHandler
                0x0000000008081ba8                Reserved384_IRQHandler
                0x0000000008081ba8                Reserved27_IRQHandler
                0x0000000008081ba8                Reserved154_IRQHandler
                0x0000000008081ba8                LSIO_GPIO_INT1_IRQHandler
                0x0000000008081ba8                LSIO_MU12_INT_A_IRQHandler
                0x0000000008081ba8                Reserved126_IRQHandler
                0x0000000008081ba8                Reserved561_IRQHandler
                0x0000000008081ba8                IMAGING_PDMA_STREAM6_INT_DriverIRQHandler
                0x0000000008081ba8                M4_TPM_IRQHandler
                0x0000000008081ba8                Reserved256_IRQHandler
                0x0000000008081ba8                DISPLAY0_INT_OUT3_IRQHandler
                0x0000000008081ba8                ADMA_SAI4_MOD_INT_DriverIRQHandler
                0x0000000008081ba8                Reserved252_IRQHandler
                0x0000000008081ba8                M4_SW_IRQHandler
                0x0000000008081ba8                Reserved579_IRQHandler
                0x0000000008081ba8                SECURITY_MU3_A_INT_IRQHandler
                0x0000000008081ba8                IMAGING_MSI_INT_IRQHandler
                0x0000000008081ba8                Reserved532_IRQHandler
                0x0000000008081ba8                Reserved297_IRQHandler
                0x0000000008081ba8                LSIO_GPIO_INT7_IRQHandler
                0x0000000008081ba8                Reserved172_IRQHandler
                0x0000000008081ba8                M4_MU0_B0_IRQHandler
                0x0000000008081ba8                M4_INT_OUT3_IRQHandler
                0x0000000008081ba8                Reserved108_IRQHandler
                0x0000000008081ba8                M4_MCM_IRQHandler
                0x0000000008081ba8                ADMA_FTM0_MOD_INT_DriverIRQHandler
                0x0000000008081ba8                LSIO_MU8_INT_B_IRQHandler
                0x0000000008081ba8                Reserved72_IRQHandler
                0x0000000008081ba8                ADMA_ASRC0_INT1_DriverIRQHandler
                0x0000000008081ba8                Reserved585_IRQHandler
                0x0000000008081ba8                Reserved259_IRQHandler
                0x0000000008081ba8                Reserved296_IRQHandler
                0x0000000008081ba8                DISPLAY0_INT_OUT4_IRQHandler
                0x0000000008081ba8                Reserved110_IRQHandler
                0x0000000008081ba8                Reserved187_IRQHandler
                0x0000000008081ba8                DISPLAY0_INT_OUT11_IRQHandler
                0x0000000008081ba8                Reserved174_IRQHandler
                0x0000000008081ba8                Reserved464_IRQHandler
                0x0000000008081ba8                Reserved603_IRQHandler
                0x0000000008081ba8                Reserved382_IRQHandler
                0x0000000008081ba8                LSIO_OCTASPI1_INT_DriverIRQHandler
                0x0000000008081ba8                Reserved20_IRQHandler
                0x0000000008081ba8                Reserved249_IRQHandler
                0x0000000008081ba8                Reserved107_IRQHandler
                0x0000000008081ba8                Reserved352_IRQHandler
                0x0000000008081ba8                Reserved37_IRQHandler
                0x0000000008081ba8                CONNECTIVITY_USB_OTG_INT_IRQHandler
                0x0000000008081ba8                Reserved173_IRQHandler
                0x0000000008081ba8                ADMA_SPI3_MOD_INT_DriverIRQHandler
                0x0000000008081ba8                Reserved125_IRQHandler
                0x0000000008081ba8                ADMA_ASRC1_INT2_DriverIRQHandler
                0x0000000008081ba8                M4_INTMUX_SOURCE_LPUART_DriverIRQHandler
                0x0000000008081ba8                IMAGING_MJPEG_DEC3_INT_IRQHandler
                0x0000000008081ba8                M4_INTMUX_SOURCE_MU0_A1_DriverIRQHandler
                0x0000000008081ba8                Reserved98_IRQHandler
                0x0000000008081ba8                Reserved17_IRQHandler
                0x0000000008081ba8                CONNECTIVITY_USDHC2_INT_DriverIRQHandler
                0x0000000008081ba8                CONNECTIVITY_ND_FLASH_GPMI_INT_IRQHandler
                0x0000000008081ba8                ADMA_FTM1_INT_DriverIRQHandler
                0x0000000008081ba8                IMAGING_PDMA_STREAM4_INT_DriverIRQHandler
                0x0000000008081ba8                Reserved189_IRQHandler
                0x0000000008081ba8                Reserved443_IRQHandler
                0x0000000008081ba8                SCU_INT_OUT6_IRQHandler
                0x0000000008081ba8                Reserved595_IRQHandler
                0x0000000008081ba8                Reserved47_IRQHandler
                0x0000000008081ba8                Reserved271_IRQHandler
                0x0000000008081ba8                Reserved258_IRQHandler
                0x0000000008081ba8                ADMA_EDMA2_INT_DriverIRQHandler
                0x0000000008081ba8                Reserved102_IRQHandler
                0x0000000008081ba8                M4_INT_OUT5_IRQHandler
                0x0000000008081ba8                IMAGING_PDMA_STREAM0_INT_DriverIRQHandler
                0x0000000008081ba8                Reserved599_IRQHandler
                0x0000000008081ba8                CONNECTIVITY_UTMI_INT_IRQHandler
                0x0000000008081ba8                Reserved32_IRQHandler
                0x0000000008081ba8                Reserved311_IRQHandler
                0x0000000008081ba8                Reserved354_IRQHandler
                0x0000000008081ba8                Reserved542_IRQHandler
                0x0000000008081ba8                Reserved190_IRQHandler
                0x0000000008081ba8                Reserved231_IRQHandler
                0x0000000008081ba8                Reserved282_IRQHandler
                0x0000000008081ba8                Reserved260_IRQHandler
                0x0000000008081ba8                Reserved386_IRQHandler
                0x0000000008081ba8                Reserved513_IRQHandler
                0x0000000008081ba8                DISPLAY0_INT_OUT6_IRQHandler
                0x0000000008081ba8                Reserved594_IRQHandler
                0x0000000008081ba8                Reserved105_IRQHandler
                0x0000000008081ba8                SECURITY_CAAM_RTIC_INT_IRQHandler
                0x0000000008081ba8                Reserved573_IRQHandler
                0x0000000008081ba8                ADMA_UART0_MOD_INT_DriverIRQHandler
                0x0000000008081ba8                Reserved269_IRQHandler
                0x0000000008081ba8                Reserved570_IRQHandler
                0x0000000008081ba8                IMAGING_MJPEG_ENC0_INT_IRQHandler
                0x0000000008081ba8                Reserved104_IRQHandler
                0x0000000008081ba8                Reserved31_IRQHandler
                0x0000000008081ba8                LSIO_MU10_INT_A_IRQHandler
                0x0000000008081ba8                Reserved101_IRQHandler
                0x0000000008081ba8                Reserved223_IRQHandler
                0x0000000008081ba8                HSIO_PCIEB_GPIO_WAKEUP0_IRQHandler
                0x0000000008081ba8                SCU_INT_OUT7_IRQHandler
                0x0000000008081ba8                Reserved569_IRQHandler
                0x0000000008081ba8                CONNECTIVITY_USDHC0_INT_DriverIRQHandler
                0x0000000008081ba8                ADMA_FTM1_MOD_INT_DriverIRQHandler
                0x0000000008081ba8                ADMA_ASRC1_INT1_DriverIRQHandler
                0x0000000008081ba8                HSIO_PCIEB_GPIO_WAKEUP1_IRQHandler
                0x0000000008081ba8                Reserved135_IRQHandler
                0x0000000008081ba8                IMAGING_MJPEG_ENC1_INT_IRQHandler
                0x0000000008081ba8                CONNECTIVITY_USB_HOST_INT_IRQHandler
                0x0000000008081ba8                A35_NEXTERRIRQ_IRQHandler
                0x0000000008081ba8                CONNECTIVITY_ENET0_FRAME1_INT_DriverIRQHandler
                0x0000000008081ba8                M4_INT_OUT2_IRQHandler
                0x0000000008081ba8                CONNECTIVITY_ENET0_FRAME2_INT_DriverIRQHandler
                0x0000000008081ba8                M4_INT_OUT6_IRQHandler
                0x0000000008081ba8                ADMA_SPDIF0_RX_INT_DriverIRQHandler
                0x0000000008081ba8                SECURITY_CAAM_INT2_IRQHandler
                0x0000000008081ba8                M4_LPIT_IRQHandler
                0x0000000008081ba8                Reserved511_IRQHandler
                0x0000000008081ba8                LSIO_MU13_INT_A_IRQHandler
                0x0000000008081ba8                CONNECTIVITY_MLB_AHB_INT_IRQHandler
                0x0000000008081ba8                MemManage_Handler
                0x0000000008081ba8                Reserved90_IRQHandler
                0x0000000008081ba8                HSIO_PCIEB_INT_B_IRQHandler
                0x0000000008081ba8                Reserved83_IRQHandler
                0x0000000008081ba8                LSIO_MU7_INT_B_IRQHandler
                0x0000000008081ba8                ADMA_GPT5_INT_DriverIRQHandler
                0x0000000008081ba8                Reserved133_IRQHandler
                0x0000000008081ba8                Reserved425_IRQHandler
                0x0000000008081ba8                CONNECTIVITY_DTCP_INT_IRQHandler
                0x0000000008081ba8                Reserved185_IRQHandler
                0x0000000008081ba8                Reserved421_IRQHandler
                0x0000000008081ba8                Reserved254_IRQHandler
                0x0000000008081ba8                Reserved109_IRQHandler
                0x0000000008081ba8                IRQSTEER_7_DriverIRQHandler
                0x0000000008081ba8                Reserved514_IRQHandler
                0x0000000008081ba8                Reserved379_IRQHandler
                0x0000000008081ba8                Reserved432_IRQHandler
                0x0000000008081ba8                Reserved244_IRQHandler
                0x0000000008081ba8                Reserved340_IRQHandler
                0x0000000008081ba8                Reserved255_IRQHandler
                0x0000000008081ba8                Reserved541_IRQHandler
                0x0000000008081ba8                Reserved420_IRQHandler
                0x0000000008081ba8                ADMA_SAI5_MOD_INT_DriverIRQHandler
                0x0000000008081ba8                Reserved160_IRQHandler
                0x0000000008081ba8                LSIO_PWM3_INT_IRQHandler
                0x0000000008081ba8                LSIO_GPT2_INT_IRQHandler
                0x0000000008081ba8                Reserved262_IRQHandler
                0x0000000008081ba8                Reserved171_IRQHandler
                0x0000000008081ba8                Reserved123_IRQHandler
                0x0000000008081ba8                DISPLAY0_INT_OUT7_IRQHandler
                0x0000000008081ba8                Reserved378_IRQHandler
                0x0000000008081ba8                ADMA_I2C2_INT_DriverIRQHandler
                0x0000000008081ba8                M4_INT_OUT1_IRQHandler
                0x0000000008081ba8                Reserved97_IRQHandler
                0x0000000008081ba8                LSIO_MU5_INT_A_IRQHandler
                0x0000000008081ba8                CONNECTIVITY_WAKEUP_INT_IRQHandler
                0x0000000008081ba8                ADMA_SPI3_INT_DriverIRQHandler
                0x0000000008081ba8                Reserved91_IRQHandler
                0x0000000008081ba8                Reserved127_IRQHandler
                0x0000000008081ba8                ADMA_I2C1_INT_DriverIRQHandler
                0x0000000008081ba8                M4_INT_OUT7_IRQHandler
                0x0000000008081ba8                VPU_VPU_INT_4_IRQHandler
                0x0000000008081ba8                Reserved390_IRQHandler
                0x0000000008081ba8                Reserved391_IRQHandler
                0x0000000008081ba8                Reserved26_IRQHandler
                0x0000000008081ba8                Reserved152_IRQHandler
                0x0000000008081ba8                Reserved245_IRQHandler
                0x0000000008081ba8                LCD_MOD_INT_IRQHandler
                0x0000000008081ba8                GPU0_XAQ2_INTR_IRQHandler
                0x0000000008081ba8                Reserved131_IRQHandler
                0x0000000008081ba8                M4_INTMUX_SOURCE_MU0_A3_DriverIRQHandler
                0x0000000008081ba8                Reserved81_IRQHandler
                0x0000000008081ba8                M4_INTMUX_SOURCE_MU0_A0_DriverIRQHandler
                0x0000000008081ba8                Reserved251_IRQHandler
                0x0000000008081ba8                Reserved46_IRQHandler
                0x0000000008081ba8                Reserved273_IRQHandler
                0x0000000008081ba8                SECURITY_CAAM_INT0_IRQHandler
                0x0000000008081ba8                Reserved246_IRQHandler
                0x0000000008081ba8                Reserved314_IRQHandler
                0x0000000008081ba8                A35_NINTERRIRQ_IRQHandler
                0x0000000008081ba8                Reserved597_IRQHandler
                0x0000000008081ba8                M4_MU1_A_IRQHandler
                0x0000000008081ba8                Reserved598_IRQHandler
                0x0000000008081ba8                CONNECTIVITY_APBHDMA_DriverIRQHandler
                0x0000000008081ba8                Reserved394_IRQHandler
                0x0000000008081ba8                Reserved270_IRQHandler
                0x0000000008081ba8                Reserved23_IRQHandler
                0x0000000008081ba8                IMAGING_MJPEG_ENC2_INT_IRQHandler
                0x0000000008081ba8                Reserved266_IRQHandler
                0x0000000008081ba8                LSIO_MU1_INT_IRQHandler
                0x0000000008081ba8                Reserved94_IRQHandler
                0x0000000008081ba8                M4_MU0_B2_IRQHandler
                0x0000000008081ba8                Reserved226_IRQHandler
                0x0000000008081ba8                LSIO_PWM7_INT_IRQHandler
                0x0000000008081ba8                ADMA_I2C1_MOD_INT_DriverIRQHandler
                0x0000000008081ba8                Reserved488_IRQHandler
                0x0000000008081ba8                Reserved574_IRQHandler
                0x0000000008081ba8                Reserved323_IRQHandler
                0x0000000008081ba8                IRQSTEER_3_DriverIRQHandler
                0x0000000008081ba8                LSIO_MU0_INT_IRQHandler
                0x0000000008081ba8                ADMA_GPT2_INT_DriverIRQHandler
                0x0000000008081ba8                ADMA_FLEXCAN0_INT_DriverIRQHandler
                0x0000000008081ba8                Reserved136_IRQHandler
                0x0000000008081ba8                ADMA_GPT1_INT_DriverIRQHandler
                0x0000000008081ba8                Reserved138_IRQHandler
                0x0000000008081ba8                VPU_VPU_INT_3_IRQHandler
                0x0000000008081ba8                Reserved112_IRQHandler
                0x0000000008081ba8                Reserved587_IRQHandler
                0x0000000008081ba8                Reserved434_IRQHandler
                0x0000000008081ba8                Reserved30_IRQHandler
                0x0000000008081ba8                ADMA_SAI2_MOD_INT_DriverIRQHandler
                0x0000000008081ba8                Reserved73_IRQHandler
                0x0000000008081ba8                Reserved605_IRQHandler
                0x0000000008081ba8                HSIO_PCIEB_INT_A_IRQHandler
                0x0000000008081ba8                Reserved393_IRQHandler
                0x0000000008081ba8                Reserved130_IRQHandler
                0x0000000008081ba8                Reserved600_IRQHandler
                0x0000000008081ba8                Reserved546_IRQHandler
                0x0000000008081ba8                Reserved531_IRQHandler
                0x0000000008081ba8                LSIO_MU3_INT_IRQHandler
                0x0000000008081ba8                SCU_SYS_COUNT_INT1_IRQHandler
                0x0000000008081ba8                CONNECTIVITY_ENET0_TIMER_INT_DriverIRQHandler
                0x0000000008081ba8                Reserved186_IRQHandler
                0x0000000008081ba8                LSIO_GPT4_INT_IRQHandler
                0x0000000008081ba8                SCU_INT_OUT1_IRQHandler
                0x0000000008081ba8                DISPLAY0_INT_OUT5_IRQHandler
                0x0000000008081ba8                VPU_VPU_INT_2_IRQHandler
                0x0000000008081ba8                Reserved169_IRQHandler
                0x0000000008081ba8                SCU_INT_OUT0_IRQHandler
                0x0000000008081ba8                LSIO_MU9_INT_B_IRQHandler
                0x0000000008081ba8                LSIO_MU6_INT_A_IRQHandler
                0x0000000008081ba8                Reserved385_IRQHandler
                0x0000000008081ba8                Reserved601_IRQHandler
                0x0000000008081ba8                Reserved575_IRQHandler
                0x0000000008081ba8                Reserved106_IRQHandler
                0x0000000008081ba8                Reserved312_IRQHandler
                0x0000000008081ba8                Reserved313_IRQHandler
                0x0000000008081ba8                Reserved592_IRQHandler
                0x0000000008081ba8                ADMA_ADC0_MOD_INT_DriverIRQHandler
                0x0000000008081ba8                ADMA_SPI1_MOD_INT_DriverIRQHandler
                0x0000000008081ba8                LSIO_MU12_INT_B_IRQHandler
                0x0000000008081ba8                Reserved577_IRQHandler
                0x0000000008081ba8                LSIO_PWM0_INT_IRQHandler
                0x0000000008081ba8                SCU_INT_OUT5_IRQHandler
                0x0000000008081ba8                Reserved412_IRQHandler
                0x0000000008081ba8                M4_INTMUX_SOURCE_LPI2C_DriverIRQHandler
                0x0000000008081ba8                ADMA_SAI1_INT_DriverIRQHandler
                0x0000000008081ba8                Reserved175_IRQHandler
                0x0000000008081ba8                Reserved170_IRQHandler
                0x0000000008081ba8                Reserved292_IRQHandler
                0x0000000008081ba8                CONNECTIVITY_ENET1_FRAME0_EVENT_INT_DriverIRQHandler
                0x0000000008081ba8                Reserved28_IRQHandler
                0x0000000008081ba8                Reserved544_IRQHandler
                0x0000000008081ba8                Reserved80_IRQHandler
                0x0000000008081ba8                LSIO_GPIO_INT6_IRQHandler
                0x0000000008081ba8                LSIO_GPT1_INT_IRQHandler
                0x0000000008081ba8                Reserved353_IRQHandler
                0x0000000008081ba8                M4_LPI2C_DriverIRQHandler
                0x0000000008081ba8                Reserved543_IRQHandler
                0x0000000008081ba8                CONNECTIVITY_DMA_INT_DriverIRQHandler
                0x0000000008081ba8                Reserved124_IRQHandler
                0x0000000008081ba8                Reserved44_IRQHandler
                0x0000000008081ba8                Reserved63_IRQHandler
                0x0000000008081ba8                ADMA_FLEXCAN0_MOD_INT_DriverIRQHandler
                0x0000000008081ba8                HSIO_PCIEB_SMLH_REQ_RST_IRQHandler
                0x0000000008081ba8                Reserved507_IRQHandler
                0x0000000008081ba8                Reserved247_IRQHandler
                0x0000000008081ba8                Reserved40_IRQHandler
                0x0000000008081ba8                LSIO_GPIO_INT0_IRQHandler
                0x0000000008081ba8                ADMA_SAI0_MOD_INT_DriverIRQHandler
                0x0000000008081ba8                IRQSTEER_0_DriverIRQHandler
                0x0000000008081ba8                Reserved329_IRQHandler
                0x0000000008081ba8                Reserved351_IRQHandler
                0x0000000008081ba8                CONNECTIVITY_MLB_INT_IRQHandler
                0x0000000008081ba8                SECURITY_CAAM_INT3_IRQHandler
                0x0000000008081ba8                Reserved350_IRQHandler
                0x0000000008081ba8                SECURITY_CAAM_INT1_IRQHandler
                0x0000000008081ba8                M4_INT_OUT0_IRQHandler
                0x0000000008081ba8                IRQSTEER_6_DriverIRQHandler
                0x0000000008081ba8                Reserved56_IRQHandler
                0x0000000008081ba8                Reserved465_IRQHandler
                0x0000000008081ba8                DISPLAY0_INT_OUT0_IRQHandler
                0x0000000008081ba8                BusFault_Handler
                0x0000000008081ba8                Reserved87_IRQHandler
                0x0000000008081ba8                Reserved93_IRQHandler
                0x0000000008081ba8                DISPLAY0_RESERVED_IRQHandler
                0x0000000008081ba8                Reserved395_IRQHandler
                0x0000000008081ba8                CONNECTIVITY_ND_FLASH_BCH_INT_IRQHandler
                0x0000000008081ba8                MIPI_DSI1_INT_OUT_DriverIRQHandler
                0x0000000008081ba8                Reserved388_IRQHandler
                0x0000000008081ba8                Reserved383_IRQHandler
                0x0000000008081ba8                Reserved433_IRQHandler
                0x0000000008081ba8                DRC_ECC_CORRECT_INT_IRQHandler
                0x0000000008081ba8                Reserved593_IRQHandler
                0x0000000008081ba8                Reserved457_IRQHandler
                0x0000000008081ba8                HSIO_PCIEB_CLK_REQ_INT_IRQHandler
                0x0000000008081ba8                Reserved589_IRQHandler
                0x0000000008081ba8                IMAGING_PDMA_STREAM1_INT_DriverIRQHandler
                0x0000000008081ba8                ADMA_GPT0_INT_DriverIRQHandler
                0x0000000008081ba8                ADMA_FTM0_INT_DriverIRQHandler
                0x0000000008081ba8                Reserved348_IRQHandler
                0x0000000008081ba8                ADMA_I2C0_MOD_INT_DriverIRQHandler
                0x0000000008081ba8                CONNECTIVITY_ENET1_FRAME2_INT_DriverIRQHandler
                0x0000000008081ba8                Reserved568_IRQHandler
                0x0000000008081ba8                Reserved328_IRQHandler
                0x0000000008081ba8                LSIO_GPIO_INT4_IRQHandler
                0x0000000008081ba8                LSIO_GPIO_INT2_IRQHandler
                0x0000000008081ba8                Reserved281_IRQHandler
                0x0000000008081ba8                LCD_PWM_INT_IRQHandler
                0x0000000008081ba8                LSIO_MU5_INT_B_IRQHandler
                0x0000000008081ba8                Reserved380_IRQHandler
                0x0000000008081ba8                Reserved349_IRQHandler
                0x0000000008081ba8                CONNECTIVITY_ENET1_TIMER_INT_DriverIRQHandler
                0x0000000008081ba8                SCU_INT_OUT2_IRQHandler
                0x0000000008081ba8                ADMA_SAI3_MOD_INT_DriverIRQHandler
                0x0000000008081ba8                ADMA_ESAI0_MOD_INT_DriverIRQHandler
                0x0000000008081ba8                Reserved584_IRQHandler
                0x0000000008081ba8                Reserved572_IRQHandler
                0x0000000008081ba8                Reserved466_IRQHandler
                0x0000000008081ba8                ADMA_SAI2_INT_DriverIRQHandler
                0x0000000008081ba8                Reserved602_IRQHandler
                0x0000000008081ba8                HSIO_PCIEB_INT_C_IRQHandler
                0x0000000008081ba8                Reserved576_IRQHandler
                0x0000000008081ba8                ADMA_SPI2_INT_DriverIRQHandler
                0x0000000008081ba8                ADMA_FLEXCAN2_MOD_INT_DriverIRQHandler
                0x0000000008081ba8                Reserved113_IRQHandler
                0x0000000008081ba8                IMAGING_PDMA_STREAM7_INT_DriverIRQHandler
                0x0000000008081ba8                Reserved67_IRQHandler
                0x0000000008081bac                NMI_Handler
                0x0000000008081bb0                HardFault_Handler
                0x0000000008081bb4                SVC_Handler
                0x0000000008081bb8                PendSV_Handler
                0x0000000008081bbc                SysTick_Handler
                0x0000000008081bc0                M4_LPUART_IRQHandler
                0x0000000008081bc4                M4_LPI2C_IRQHandler
                0x0000000008081bc8                IRQSTEER_0_IRQHandler
                0x0000000008081bcc                IRQSTEER_1_IRQHandler
                0x0000000008081bd0                IRQSTEER_2_IRQHandler
                0x0000000008081bd4                IRQSTEER_3_IRQHandler
                0x0000000008081bd8                IRQSTEER_4_IRQHandler
                0x0000000008081bdc                IRQSTEER_5_IRQHandler
                0x0000000008081be0                IRQSTEER_6_IRQHandler
                0x0000000008081be4                IRQSTEER_7_IRQHandler
                0x0000000008081be8                MIPI_DSI0_INT_OUT_IRQHandler
                0x0000000008081bec                MIPI_DSI1_INT_OUT_IRQHandler
                0x0000000008081bf0                ADMA_EDMA2_INT_IRQHandler
                0x0000000008081bf4                ADMA_EDMA2_ERR_INT_IRQHandler
                0x0000000008081bf8                ADMA_EDMA3_INT_IRQHandler
                0x0000000008081bfc                ADMA_EDMA3_ERR_INT_IRQHandler
                0x0000000008081c00                LSIO_OCTASPI0_INT_IRQHandler
                0x0000000008081c04                LSIO_OCTASPI1_INT_IRQHandler
                0x0000000008081c08                HSIO_PCIEB_DMA_INT_IRQHandler
                0x0000000008081c0c                ADMA_SPI0_INT_IRQHandler
                0x0000000008081c10                ADMA_SPI1_INT_IRQHandler
                0x0000000008081c14                ADMA_SPI2_INT_IRQHandler
                0x0000000008081c18                ADMA_SPI3_INT_IRQHandler
                0x0000000008081c1c                ADMA_I2C0_INT_IRQHandler
                0x0000000008081c20                ADMA_I2C1_INT_IRQHandler
                0x0000000008081c24                ADMA_I2C2_INT_IRQHandler
                0x0000000008081c28                ADMA_I2C3_INT_IRQHandler
                0x0000000008081c2c                ADMA_UART0_INT_IRQHandler
                0x0000000008081c30                ADMA_UART1_INT_IRQHandler
                0x0000000008081c34                ADMA_UART2_INT_IRQHandler
                0x0000000008081c38                ADMA_UART3_INT_IRQHandler
                0x0000000008081c3c                CONNECTIVITY_USDHC0_INT_IRQHandler
                0x0000000008081c40                CONNECTIVITY_USDHC1_INT_IRQHandler
                0x0000000008081c44                CONNECTIVITY_USDHC2_INT_IRQHandler
                0x0000000008081c48                ADMA_FLEXCAN0_INT_IRQHandler
                0x0000000008081c4c                ADMA_FLEXCAN1_INT_IRQHandler
                0x0000000008081c50                ADMA_FLEXCAN2_INT_IRQHandler
                0x0000000008081c54                ADMA_FTM0_INT_IRQHandler
                0x0000000008081c58                ADMA_FTM1_INT_IRQHandler
                0x0000000008081c5c                ADMA_ADC0_INT_IRQHandler
                0x0000000008081c60                ADMA_EXTERNAL_DMA_INT_0_IRQHandler
                0x0000000008081c64                ADMA_EXTERNAL_DMA_INT_1_IRQHandler
                0x0000000008081c68                ADMA_EXTERNAL_DMA_INT_2_IRQHandler
                0x0000000008081c6c                ADMA_EXTERNAL_DMA_INT_3_IRQHandler
                0x0000000008081c70                ADMA_EXTERNAL_DMA_INT_4_IRQHandler
                0x0000000008081c74                ADMA_EXTERNAL_DMA_INT_5_IRQHandler
                0x0000000008081c78                CONNECTIVITY_ENET0_FRAME1_INT_IRQHandler
                0x0000000008081c7c                CONNECTIVITY_ENET0_FRAME2_INT_IRQHandler
                0x0000000008081c80                CONNECTIVITY_ENET0_FRAME0_EVENT_INT_IRQHandler
                0x0000000008081c84                CONNECTIVITY_ENET0_TIMER_INT_IRQHandler
                0x0000000008081c88                CONNECTIVITY_ENET1_FRAME1_INT_IRQHandler
                0x0000000008081c8c                CONNECTIVITY_ENET1_FRAME2_INT_IRQHandler
                0x0000000008081c90                CONNECTIVITY_ENET1_FRAME0_EVENT_INT_IRQHandler
                0x0000000008081c94                CONNECTIVITY_ENET1_TIMER_INT_IRQHandler
                0x0000000008081c98                CONNECTIVITY_APBHDMA_IRQHandler
                0x0000000008081c9c                CONNECTIVITY_DMA_INT_IRQHandler
                0x0000000008081ca0                CONNECTIVITY_DMA_ERR_INT_IRQHandler
                0x0000000008081ca4                IMAGING_PDMA_STREAM0_INT_IRQHandler
                0x0000000008081ca8                IMAGING_PDMA_STREAM1_INT_IRQHandler
                0x0000000008081cac                IMAGING_PDMA_STREAM2_INT_IRQHandler
                0x0000000008081cb0                IMAGING_PDMA_STREAM3_INT_IRQHandler
                0x0000000008081cb4                IMAGING_PDMA_STREAM4_INT_IRQHandler
                0x0000000008081cb8                IMAGING_PDMA_STREAM5_INT_IRQHandler
                0x0000000008081cbc                IMAGING_PDMA_STREAM6_INT_IRQHandler
                0x0000000008081cc0                IMAGING_PDMA_STREAM7_INT_IRQHandler
                0x0000000008081cc4                ADMA_SAI0_MOD_INT_IRQHandler
                0x0000000008081cc8                ADMA_SAI0_DMA_INT_IRQHandler
                0x0000000008081ccc                ADMA_SAI1_MOD_INT_IRQHandler
                0x0000000008081cd0                ADMA_SAI1_DMA_INT_IRQHandler
                0x0000000008081cd4                ADMA_SAI2_MOD_INT_IRQHandler
                0x0000000008081cd8                ADMA_SAI2_DMA_INT_IRQHandler
                0x0000000008081cdc                ADMA_SAI3_MOD_INT_IRQHandler
                0x0000000008081ce0                ADMA_SAI3_DMA_INT_IRQHandler
                0x0000000008081ce4                ADMA_SAI4_MOD_INT_IRQHandler
                0x0000000008081ce8                ADMA_SAI4_DMA_INT_IRQHandler
                0x0000000008081cec                ADMA_SAI5_MOD_INT_IRQHandler
                0x0000000008081cf0                ADMA_SAI5_DMA_INT_IRQHandler
                0x0000000008081cf4                ADMA_SPI0_MOD_INT_IRQHandler
                0x0000000008081cf8                ADMA_SPI1_MOD_INT_IRQHandler
                0x0000000008081cfc                ADMA_SPI2_MOD_INT_IRQHandler
                0x0000000008081d00                ADMA_SPI3_MOD_INT_IRQHandler
                0x0000000008081d04                ADMA_I2C0_MOD_INT_IRQHandler
                0x0000000008081d08                ADMA_I2C1_MOD_INT_IRQHandler
                0x0000000008081d0c                ADMA_I2C2_MOD_INT_IRQHandler
                0x0000000008081d10                ADMA_I2C3_MOD_INT_IRQHandler
                0x0000000008081d14                ADMA_UART0_MOD_INT_IRQHandler
                0x0000000008081d18                ADMA_UART1_MOD_INT_IRQHandler
                0x0000000008081d1c                ADMA_UART2_MOD_INT_IRQHandler
                0x0000000008081d20                ADMA_UART3_MOD_INT_IRQHandler
                0x0000000008081d24                ADMA_FLEXCAN0_MOD_INT_IRQHandler
                0x0000000008081d28                ADMA_FLEXCAN1_MOD_INT_IRQHandler
                0x0000000008081d2c                ADMA_FLEXCAN2_MOD_INT_IRQHandler
                0x0000000008081d30                ADMA_FTM0_MOD_INT_IRQHandler
                0x0000000008081d34                ADMA_FTM1_MOD_INT_IRQHandler
                0x0000000008081d38                ADMA_ADC0_MOD_INT_IRQHandler
                0x0000000008081d3c                ADMA_FLEXCAN0_DMA_INT_IRQHandler
                0x0000000008081d40                ADMA_FLEXCAN1_DMA_INT_IRQHandler
                0x0000000008081d44                ADMA_FLEXCAN2_DMA_INT_IRQHandler
                0x0000000008081d48                ADMA_FTM0_DMA_INT_IRQHandler
                0x0000000008081d4c                ADMA_FTM1_DMA_INT_IRQHandler
                0x0000000008081d50                ADMA_ADC0_DMA_INT_IRQHandler
                0x0000000008081d54                ADMA_EDMA0_INT_IRQHandler
                0x0000000008081d58                ADMA_EDMA0_ERR_INT_IRQHandler
                0x0000000008081d5c                ADMA_EDMA1_INT_IRQHandler
                0x0000000008081d60                ADMA_EDMA1_ERR_INT_IRQHandler
                0x0000000008081d64                ADMA_ASRC0_INT1_IRQHandler
                0x0000000008081d68                ADMA_ASRC0_INT2_IRQHandler
                0x0000000008081d6c                ADMA_DMA0_CH0_INT_IRQHandler
                0x0000000008081d70                ADMA_DMA0_CH1_INT_IRQHandler
                0x0000000008081d74                ADMA_DMA0_CH2_INT_IRQHandler
                0x0000000008081d78                ADMA_DMA0_CH3_INT_IRQHandler
                0x0000000008081d7c                ADMA_DMA0_CH4_INT_IRQHandler
                0x0000000008081d80                ADMA_DMA0_CH5_INT_IRQHandler
                0x0000000008081d84                ADMA_ASRC1_INT1_IRQHandler
                0x0000000008081d88                ADMA_ASRC1_INT2_IRQHandler
                0x0000000008081d8c                ADMA_DMA1_CH0_INT_IRQHandler
                0x0000000008081d90                ADMA_DMA1_CH1_INT_IRQHandler
                0x0000000008081d94                ADMA_DMA1_CH2_INT_IRQHandler
                0x0000000008081d98                ADMA_DMA1_CH3_INT_IRQHandler
                0x0000000008081d9c                ADMA_DMA1_CH4_INT_IRQHandler
                0x0000000008081da0                ADMA_DMA1_CH5_INT_IRQHandler
                0x0000000008081da4                ADMA_ESAI0_INT_IRQHandler
                0x0000000008081da8                ADMA_GPT0_INT_IRQHandler
                0x0000000008081dac                ADMA_GPT1_INT_IRQHandler
                0x0000000008081db0                ADMA_GPT2_INT_IRQHandler
                0x0000000008081db4                ADMA_GPT3_INT_IRQHandler
                0x0000000008081db8                ADMA_GPT4_INT_IRQHandler
                0x0000000008081dbc                ADMA_GPT5_INT_IRQHandler
                0x0000000008081dc0                ADMA_SAI0_INT_IRQHandler
                0x0000000008081dc4                ADMA_SAI1_INT_IRQHandler
                0x0000000008081dc8                ADMA_SAI2_INT_IRQHandler
                0x0000000008081dcc                ADMA_SAI3_INT_IRQHandler
                0x0000000008081dd0                ADMA_SAI4_INT_IRQHandler
                0x0000000008081dd4                ADMA_SAI5_INT_IRQHandler
                0x0000000008081dd8                ADMA_SPDIF0_RX_INT_IRQHandler
                0x0000000008081ddc                ADMA_SPDIF0_TX_INT_IRQHandler
                0x0000000008081de0                ADMA_ESAI0_MOD_INT_IRQHandler
                0x0000000008081de4                ADMA_ESAI0_DMA_INT_IRQHandler
                0x0000000008081de8                ADMA_SPI0_DMA_RX_INT_IRQHandler
                0x0000000008081dec                ADMA_SPI0_DMA_TX_INT_IRQHandler
                0x0000000008081df0                ADMA_SPI1_DMA_RX_INT_IRQHandler
                0x0000000008081df4                ADMA_SPI1_DMA_TX_INT_IRQHandler
                0x0000000008081df8                ADMA_SPI2_DMA_RX_INT_IRQHandler
                0x0000000008081dfc                ADMA_SPI2_DMA_TX_INT_IRQHandler
                0x0000000008081e00                ADMA_SPI3_DMA_RX_INT_IRQHandler
                0x0000000008081e04                ADMA_SPI3_DMA_TX_INT_IRQHandler
                0x0000000008081e08                ADMA_I2C0_DMA_RX_INT_IRQHandler
                0x0000000008081e0c                ADMA_I2C0_DMA_TX_INT_IRQHandler
                0x0000000008081e10                ADMA_I2C1_DMA_RX_INT_IRQHandler
                0x0000000008081e14                ADMA_I2C1_DMA_TX_INT_IRQHandler
                0x0000000008081e18                ADMA_I2C2_DMA_RX_INT_IRQHandler
                0x0000000008081e1c                ADMA_I2C2_DMA_TX_INT_IRQHandler
                0x0000000008081e20                ADMA_I2C3_DMA_RX_INT_IRQHandler
                0x0000000008081e24                ADMA_I2C3_DMA_TX_INT_IRQHandler
                0x0000000008081e28                ADMA_UART0_DMA_RX_INT_IRQHandler
                0x0000000008081e2c                ADMA_UART0_DMA_TX_INT_IRQHandler
                0x0000000008081e30                ADMA_UART1_DMA_RX_INT_IRQHandler
                0x0000000008081e34                ADMA_UART1_DMA_TX_INT_IRQHandler
                0x0000000008081e38                ADMA_UART2_DMA_RX_INT_IRQHandler
                0x0000000008081e3c                ADMA_UART2_DMA_TX_INT_IRQHandler
                0x0000000008081e40                ADMA_UART3_DMA_RX_INT_IRQHandler
                0x0000000008081e44                ADMA_UART3_DMA_TX_INT_IRQHandler
                0x0000000008081e48                ADMA_SPDIF0_RX_MOD_INT_IRQHandler
                0x0000000008081e4c                ADMA_SPDIF0_RX_DMA_INT_IRQHandler
                0x0000000008081e50                ADMA_SPDIF0_TX_MOD_INT_IRQHandler
                0x0000000008081e54                ADMA_SPDIF0_TX_DMA_INT_IRQHandler
                0x0000000008081e58                M4_INTMUX_SOURCE_TPM_IRQHandler
                0x0000000008081e5c                M4_INTMUX_SOURCE_LPIT_IRQHandler
                0x0000000008081e60                M4_INTMUX_SOURCE_LPUART_IRQHandler
                0x0000000008081e64                M4_INTMUX_SOURCE_LPI2C_IRQHandler
                0x0000000008081e68                M4_INTMUX_SOURCE_MU0_A3_IRQHandler
                0x0000000008081e6c                M4_INTMUX_SOURCE_MU0_A2_IRQHandler
                0x0000000008081e70                M4_INTMUX_SOURCE_MU0_A1_IRQHandler
                0x0000000008081e74                M4_INTMUX_SOURCE_MU0_A0_IRQHandler
 .text          0x000000000808204c       0x10 /home/ben/Toradex/LinuxDevelop/FreeRTOS/Colibri-iMX8X/gcc-arm-none-eabi-9-2020-q2-update/bin/../lib/gcc/arm-none-eabi/9.3.1/../../../../arm-none-eabi/lib/thumb/v7e-m+fp/hard/libc_nano.a(lib_a-strlen.o)
                0x000000000808204c                strlen
 .text          0x000000000808205c       0x30 /home/ben/Toradex/LinuxDevelop/FreeRTOS/Colibri-iMX8X/gcc-arm-none-eabi-9-2020-q2-update/bin/../lib/gcc/arm-none-eabi/9.3.1/thumb/v7e-m+fp/hard/libgcc.a(_aeabi_uldivmod.o)
                0x000000000808205c                __aeabi_uldivmod
 .text          0x000000000808208c      0x2c4 /home/ben/Toradex/LinuxDevelop/FreeRTOS/Colibri-iMX8X/gcc-arm-none-eabi-9-2020-q2-update/bin/../lib/gcc/arm-none-eabi/9.3.1/thumb/v7e-m+fp/hard/libgcc.a(_udivmoddi4.o)
                0x000000000808208c                __udivmoddi4
 .text          0x0000000008082350        0x4 /home/ben/Toradex/LinuxDevelop/FreeRTOS/Colibri-iMX8X/gcc-arm-none-eabi-9-2020-q2-update/bin/../lib/gcc/arm-none-eabi/9.3.1/thumb/v7e-m+fp/hard/libgcc.a(_dvmd_tls.o)
                0x0000000008082350                __aeabi_ldiv0
                0x0000000008082350                __aeabi_idiv0
 *(.text*)
 .text.main     0x0000000008082354       0xac CMakeFiles/igpio_led_output.elf.dir/home/ben/Toradex/LinuxDevelop/FreeRTOS/Colibri-iMX8X/SDK_2_9_0_MEK-MIMX8QX/boards/mekmimx8qx/driver_examples/gpio/led_output/gpio_led_output.c.obj
                0x0000000008082354                main
 .text.BOARD_InitPins
                0x0000000008082400       0xac CMakeFiles/igpio_led_output.elf.dir/home/ben/Toradex/LinuxDevelop/FreeRTOS/Colibri-iMX8X/SDK_2_9_0_MEK-MIMX8QX/boards/mekmimx8qx/driver_examples/gpio/led_output/pin_mux.c.obj
                0x0000000008082400                BOARD_InitPins
 .text.BOARD_InitRpc
                0x00000000080824ac       0x5c CMakeFiles/igpio_led_output.elf.dir/home/ben/Toradex/LinuxDevelop/FreeRTOS/Colibri-iMX8X/SDK_2_9_0_MEK-MIMX8QX/boards/mekmimx8qx/driver_examples/gpio/led_output/board.c.obj
                0x00000000080824ac                BOARD_InitRpc
 .text.BOARD_InitDebugConsole
                0x0000000008082508       0x50 CMakeFiles/igpio_led_output.elf.dir/home/ben/Toradex/LinuxDevelop/FreeRTOS/Colibri-iMX8X/SDK_2_9_0_MEK-MIMX8QX/boards/mekmimx8qx/driver_examples/gpio/led_output/board.c.obj
                0x0000000008082508                BOARD_InitDebugConsole
 .text.BOARD_InitMemory
                0x0000000008082558      0x120 CMakeFiles/igpio_led_output.elf.dir/home/ben/Toradex/LinuxDevelop/FreeRTOS/Colibri-iMX8X/SDK_2_9_0_MEK-MIMX8QX/boards/mekmimx8qx/driver_examples/gpio/led_output/board.c.obj
                0x0000000008082558                BOARD_InitMemory
 .text.BOARD_BootClockRUN
                0x0000000008082678        0xc CMakeFiles/igpio_led_output.elf.dir/home/ben/Toradex/LinuxDevelop/FreeRTOS/Colibri-iMX8X/SDK_2_9_0_MEK-MIMX8QX/boards/mekmimx8qx/driver_examples/gpio/led_output/clock_config.c.obj
                0x0000000008082678                BOARD_BootClockRUN
 .text.DbgConsole_Init
                0x0000000008082684       0x74 CMakeFiles/igpio_led_output.elf.dir/home/ben/Toradex/LinuxDevelop/FreeRTOS/Colibri-iMX8X/SDK_2_9_0_MEK-MIMX8QX/devices/MIMX8QX6/utilities/debug_console_lite/fsl_debug_console.c.obj
                0x0000000008082684                DbgConsole_Init
 .text.DbgConsole_Printf
                0x00000000080826f8       0x40 CMakeFiles/igpio_led_output.elf.dir/home/ben/Toradex/LinuxDevelop/FreeRTOS/Colibri-iMX8X/SDK_2_9_0_MEK-MIMX8QX/devices/MIMX8QX6/utilities/debug_console_lite/fsl_debug_console.c.obj
                0x00000000080826f8                DbgConsole_Printf
 .text.DbgConsole_Putchar
                0x0000000008082738       0x30 CMakeFiles/igpio_led_output.elf.dir/home/ben/Toradex/LinuxDevelop/FreeRTOS/Colibri-iMX8X/SDK_2_9_0_MEK-MIMX8QX/devices/MIMX8QX6/utilities/debug_console_lite/fsl_debug_console.c.obj
                0x0000000008082738                DbgConsole_Putchar
 .text.DbgConsole_PrintfPaddingCharacter
                0x0000000008082768       0x40 CMakeFiles/igpio_led_output.elf.dir/home/ben/Toradex/LinuxDevelop/FreeRTOS/Colibri-iMX8X/SDK_2_9_0_MEK-MIMX8QX/devices/MIMX8QX6/utilities/debug_console_lite/fsl_debug_console.c.obj
 .text.DbgConsole_ConvertRadixNumToString
                0x00000000080827a8      0x110 CMakeFiles/igpio_led_output.elf.dir/home/ben/Toradex/LinuxDevelop/FreeRTOS/Colibri-iMX8X/SDK_2_9_0_MEK-MIMX8QX/devices/MIMX8QX6/utilities/debug_console_lite/fsl_debug_console.c.obj
 .text.DbgConsole_PrintfFormattedData
                0x00000000080828b8      0x3bc CMakeFiles/igpio_led_output.elf.dir/home/ben/Toradex/LinuxDevelop/FreeRTOS/Colibri-iMX8X/SDK_2_9_0_MEK-MIMX8QX/devices/MIMX8QX6/utilities/debug_console_lite/fsl_debug_console.c.obj
 .text.HAL_UartGetStatus
                0x0000000008082c74       0x28 CMakeFiles/igpio_led_output.elf.dir/home/ben/Toradex/LinuxDevelop/FreeRTOS/Colibri-iMX8X/SDK_2_9_0_MEK-MIMX8QX/components/uart/fsl_adapter_lpuart.c.obj
 .text.HAL_UartInit
                0x0000000008082c9c      0x128 CMakeFiles/igpio_led_output.elf.dir/home/ben/Toradex/LinuxDevelop/FreeRTOS/Colibri-iMX8X/SDK_2_9_0_MEK-MIMX8QX/components/uart/fsl_adapter_lpuart.c.obj
                0x0000000008082c9c                HAL_UartInit
 .text.HAL_UartReceiveBlocking
                0x0000000008082dc4       0x8c CMakeFiles/igpio_led_output.elf.dir/home/ben/Toradex/LinuxDevelop/FreeRTOS/Colibri-iMX8X/SDK_2_9_0_MEK-MIMX8QX/components/uart/fsl_adapter_lpuart.c.obj
                0x0000000008082dc4                HAL_UartReceiveBlocking
 .text.HAL_UartSendBlocking
                0x0000000008082e50       0x84 CMakeFiles/igpio_led_output.elf.dir/home/ben/Toradex/LinuxDevelop/FreeRTOS/Colibri-iMX8X/SDK_2_9_0_MEK-MIMX8QX/components/uart/fsl_adapter_lpuart.c.obj
                0x0000000008082e50                HAL_UartSendBlocking
 .text.DelayLoop
                0x0000000008082ed4       0x20 CMakeFiles/igpio_led_output.elf.dir/home/ben/Toradex/LinuxDevelop/FreeRTOS/Colibri-iMX8X/SDK_2_9_0_MEK-MIMX8QX/devices/MIMX8QX6/drivers/fsl_common.c.obj
 .text.SDK_DelayAtLeastUs
                0x0000000008082ef4       0xa8 CMakeFiles/igpio_led_output.elf.dir/home/ben/Toradex/LinuxDevelop/FreeRTOS/Colibri-iMX8X/SDK_2_9_0_MEK-MIMX8QX/devices/MIMX8QX6/drivers/fsl_common.c.obj
                0x0000000008082ef4                SDK_DelayAtLeastUs
 .text.CLOCK_Init
                0x0000000008082f9c       0x20 CMakeFiles/igpio_led_output.elf.dir/home/ben/Toradex/LinuxDevelop/FreeRTOS/Colibri-iMX8X/SDK_2_9_0_MEK-MIMX8QX/devices/MIMX8QX6/drivers/fsl_clock.c.obj
                0x0000000008082f9c                CLOCK_Init
 .text.CLOCK_EnableClockExt
                0x0000000008082fbc       0x60 CMakeFiles/igpio_led_output.elf.dir/home/ben/Toradex/LinuxDevelop/FreeRTOS/Colibri-iMX8X/SDK_2_9_0_MEK-MIMX8QX/devices/MIMX8QX6/drivers/fsl_clock.c.obj
                0x0000000008082fbc                CLOCK_EnableClockExt
 .text.CLOCK_SetIpFreq
                0x000000000808301c       0x44 CMakeFiles/igpio_led_output.elf.dir/home/ben/Toradex/LinuxDevelop/FreeRTOS/Colibri-iMX8X/SDK_2_9_0_MEK-MIMX8QX/devices/MIMX8QX6/drivers/fsl_clock.c.obj
                0x000000000808301c                CLOCK_SetIpFreq
 .text.CLOCK_SetLpcgGate
                0x0000000008083060       0x78 CMakeFiles/igpio_led_output.elf.dir/home/ben/Toradex/LinuxDevelop/FreeRTOS/Colibri-iMX8X/SDK_2_9_0_MEK-MIMX8QX/devices/MIMX8QX6/drivers/fsl_clock.c.obj
                0x0000000008083060                CLOCK_SetLpcgGate
 .text.CLOCK_ConfigLPCG
                0x00000000080830d8      0x904 CMakeFiles/igpio_led_output.elf.dir/home/ben/Toradex/LinuxDevelop/FreeRTOS/Colibri-iMX8X/SDK_2_9_0_MEK-MIMX8QX/devices/MIMX8QX6/drivers/fsl_clock.c.obj
                0x00000000080830d8                CLOCK_ConfigLPCG
 .text.sc_call_rpc
                0x00000000080839dc       0x2c CMakeFiles/igpio_led_output.elf.dir/home/ben/Toradex/LinuxDevelop/FreeRTOS/Colibri-iMX8X/SDK_2_9_0_MEK-MIMX8QX/devices/MIMX8QX6/scfw_api/main/ipc_imx8qx.c.obj
                0x00000000080839dc                sc_call_rpc
 .text.sc_ipc_open
                0x0000000008083a08       0x40 CMakeFiles/igpio_led_output.elf.dir/home/ben/Toradex/LinuxDevelop/FreeRTOS/Colibri-iMX8X/SDK_2_9_0_MEK-MIMX8QX/devices/MIMX8QX6/scfw_api/main/ipc_imx8qx.c.obj
                0x0000000008083a08                sc_ipc_open
 .text.sc_ipc_read
                0x0000000008083a48       0xa2 CMakeFiles/igpio_led_output.elf.dir/home/ben/Toradex/LinuxDevelop/FreeRTOS/Colibri-iMX8X/SDK_2_9_0_MEK-MIMX8QX/devices/MIMX8QX6/scfw_api/main/ipc_imx8qx.c.obj
                0x0000000008083a48                sc_ipc_read
 .text.sc_ipc_write
                0x0000000008083aea       0x9e CMakeFiles/igpio_led_output.elf.dir/home/ben/Toradex/LinuxDevelop/FreeRTOS/Colibri-iMX8X/SDK_2_9_0_MEK-MIMX8QX/devices/MIMX8QX6/scfw_api/main/ipc_imx8qx.c.obj
                0x0000000008083aea                sc_ipc_write
 .text.sc_misc_boot_done
                0x0000000008083b88       0x40 CMakeFiles/igpio_led_output.elf.dir/home/ben/Toradex/LinuxDevelop/FreeRTOS/Colibri-iMX8X/SDK_2_9_0_MEK-MIMX8QX/devices/MIMX8QX6/scfw_api/svc/misc/misc_rpc_clnt.c.obj
                0x0000000008083b88                sc_misc_boot_done
 .text.sc_pad_set_all
                0x0000000008083bc8       0x66 CMakeFiles/igpio_led_output.elf.dir/home/ben/Toradex/LinuxDevelop/FreeRTOS/Colibri-iMX8X/SDK_2_9_0_MEK-MIMX8QX/devices/MIMX8QX6/scfw_api/svc/pad/pad_rpc_clnt.c.obj
                0x0000000008083bc8                sc_pad_set_all
 .text.sc_pm_set_resource_power_mode
                0x0000000008083c2e       0x48 CMakeFiles/igpio_led_output.elf.dir/home/ben/Toradex/LinuxDevelop/FreeRTOS/Colibri-iMX8X/SDK_2_9_0_MEK-MIMX8QX/devices/MIMX8QX6/scfw_api/svc/pm/pm_rpc_clnt.c.obj
                0x0000000008083c2e                sc_pm_set_resource_power_mode
 .text.sc_pm_set_clock_rate
                0x0000000008083c76       0x56 CMakeFiles/igpio_led_output.elf.dir/home/ben/Toradex/LinuxDevelop/FreeRTOS/Colibri-iMX8X/SDK_2_9_0_MEK-MIMX8QX/devices/MIMX8QX6/scfw_api/svc/pm/pm_rpc_clnt.c.obj
                0x0000000008083c76                sc_pm_set_clock_rate
 .text.sc_pm_get_clock_rate
                0x0000000008083ccc       0x56 CMakeFiles/igpio_led_output.elf.dir/home/ben/Toradex/LinuxDevelop/FreeRTOS/Colibri-iMX8X/SDK_2_9_0_MEK-MIMX8QX/devices/MIMX8QX6/scfw_api/svc/pm/pm_rpc_clnt.c.obj
                0x0000000008083ccc                sc_pm_get_clock_rate
 .text.sc_pm_clock_enable
                0x0000000008083d22       0x70 CMakeFiles/igpio_led_output.elf.dir/home/ben/Toradex/LinuxDevelop/FreeRTOS/Colibri-iMX8X/SDK_2_9_0_MEK-MIMX8QX/devices/MIMX8QX6/scfw_api/svc/pm/pm_rpc_clnt.c.obj
                0x0000000008083d22                sc_pm_clock_enable
 .text.CLOCK_EnableClock
                0x0000000008083d92       0x1a CMakeFiles/igpio_led_output.elf.dir/home/ben/Toradex/LinuxDevelop/FreeRTOS/Colibri-iMX8X/SDK_2_9_0_MEK-MIMX8QX/devices/MIMX8QX6/drivers/fsl_lpuart.c.obj
 .text.LPUART_SoftwareReset
                0x0000000008083dac       0x2c CMakeFiles/igpio_led_output.elf.dir/home/ben/Toradex/LinuxDevelop/FreeRTOS/Colibri-iMX8X/SDK_2_9_0_MEK-MIMX8QX/devices/MIMX8QX6/drivers/fsl_lpuart.c.obj
 .text.LPUART_GetInstance
                0x0000000008083dd8       0x58 CMakeFiles/igpio_led_output.elf.dir/home/ben/Toradex/LinuxDevelop/FreeRTOS/Colibri-iMX8X/SDK_2_9_0_MEK-MIMX8QX/devices/MIMX8QX6/drivers/fsl_lpuart.c.obj
                0x0000000008083dd8                LPUART_GetInstance
 .text.LPUART_Init
                0x0000000008083e30      0x3dc CMakeFiles/igpio_led_output.elf.dir/home/ben/Toradex/LinuxDevelop/FreeRTOS/Colibri-iMX8X/SDK_2_9_0_MEK-MIMX8QX/devices/MIMX8QX6/drivers/fsl_lpuart.c.obj
                0x0000000008083e30                LPUART_Init
 .text.LPUART_GetDefaultConfig
                0x000000000808420c       0x98 CMakeFiles/igpio_led_output.elf.dir/home/ben/Toradex/LinuxDevelop/FreeRTOS/Colibri-iMX8X/SDK_2_9_0_MEK-MIMX8QX/devices/MIMX8QX6/drivers/fsl_lpuart.c.obj
                0x000000000808420c                LPUART_GetDefaultConfig
 .text.LPUART_GetStatusFlags
                0x00000000080842a4       0x2c CMakeFiles/igpio_led_output.elf.dir/home/ben/Toradex/LinuxDevelop/FreeRTOS/Colibri-iMX8X/SDK_2_9_0_MEK-MIMX8QX/devices/MIMX8QX6/drivers/fsl_lpuart.c.obj
                0x00000000080842a4                LPUART_GetStatusFlags
 .text.LPUART_ClearStatusFlags
                0x00000000080842d0       0xa4 CMakeFiles/igpio_led_output.elf.dir/home/ben/Toradex/LinuxDevelop/FreeRTOS/Colibri-iMX8X/SDK_2_9_0_MEK-MIMX8QX/devices/MIMX8QX6/drivers/fsl_lpuart.c.obj
                0x00000000080842d0                LPUART_ClearStatusFlags
 .text.LPUART_WriteBlocking
                0x0000000008084374       0x78 CMakeFiles/igpio_led_output.elf.dir/home/ben/Toradex/LinuxDevelop/FreeRTOS/Colibri-iMX8X/SDK_2_9_0_MEK-MIMX8QX/devices/MIMX8QX6/drivers/fsl_lpuart.c.obj
                0x0000000008084374                LPUART_WriteBlocking
 .text.LPUART_ReadBlocking
                0x00000000080843ec      0x170 CMakeFiles/igpio_led_output.elf.dir/home/ben/Toradex/LinuxDevelop/FreeRTOS/Colibri-iMX8X/SDK_2_9_0_MEK-MIMX8QX/devices/MIMX8QX6/drivers/fsl_lpuart.c.obj
                0x00000000080843ec                LPUART_ReadBlocking
 .text.M4_LPUART_DriverIRQHandler
                0x000000000808455c       0x34 CMakeFiles/igpio_led_output.elf.dir/home/ben/Toradex/LinuxDevelop/FreeRTOS/Colibri-iMX8X/SDK_2_9_0_MEK-MIMX8QX/devices/MIMX8QX6/drivers/fsl_lpuart.c.obj
                0x000000000808455c                M4_LPUART_DriverIRQHandler
 .text.ADMA_UART0_INT_DriverIRQHandler
                0x0000000008084590       0x34 CMakeFiles/igpio_led_output.elf.dir/home/ben/Toradex/LinuxDevelop/FreeRTOS/Colibri-iMX8X/SDK_2_9_0_MEK-MIMX8QX/devices/MIMX8QX6/drivers/fsl_lpuart.c.obj
                0x0000000008084590                ADMA_UART0_INT_DriverIRQHandler
 .text.ADMA_UART1_INT_DriverIRQHandler
                0x00000000080845c4       0x34 CMakeFiles/igpio_led_output.elf.dir/home/ben/Toradex/LinuxDevelop/FreeRTOS/Colibri-iMX8X/SDK_2_9_0_MEK-MIMX8QX/devices/MIMX8QX6/drivers/fsl_lpuart.c.obj
                0x00000000080845c4                ADMA_UART1_INT_DriverIRQHandler
 .text.ADMA_UART2_INT_DriverIRQHandler
                0x00000000080845f8       0x34 CMakeFiles/igpio_led_output.elf.dir/home/ben/Toradex/LinuxDevelop/FreeRTOS/Colibri-iMX8X/SDK_2_9_0_MEK-MIMX8QX/devices/MIMX8QX6/drivers/fsl_lpuart.c.obj
                0x00000000080845f8                ADMA_UART2_INT_DriverIRQHandler
 .text.ADMA_UART3_INT_DriverIRQHandler
                0x000000000808462c       0x34 CMakeFiles/igpio_led_output.elf.dir/home/ben/Toradex/LinuxDevelop/FreeRTOS/Colibri-iMX8X/SDK_2_9_0_MEK-MIMX8QX/devices/MIMX8QX6/drivers/fsl_lpuart.c.obj
                0x000000000808462c                ADMA_UART3_INT_DriverIRQHandler
 .text.__assert_func
                0x0000000008084660       0x28 CMakeFiles/igpio_led_output.elf.dir/home/ben/Toradex/LinuxDevelop/FreeRTOS/Colibri-iMX8X/SDK_2_9_0_MEK-MIMX8QX/devices/MIMX8QX6/utilities/debug_console_lite/fsl_assert.c.obj
                0x0000000008084660                __assert_func
 .text.CLOCK_EnableClock
                0x0000000008084688       0x1a CMakeFiles/igpio_led_output.elf.dir/home/ben/Toradex/LinuxDevelop/FreeRTOS/Colibri-iMX8X/SDK_2_9_0_MEK-MIMX8QX/devices/MIMX8QX6/drivers/fsl_gpio.c.obj
 .text.GPIO_SetPinInterruptConfig
                0x00000000080846a2       0x22 CMakeFiles/igpio_led_output.elf.dir/home/ben/Toradex/LinuxDevelop/FreeRTOS/Colibri-iMX8X/SDK_2_9_0_MEK-MIMX8QX/devices/MIMX8QX6/drivers/fsl_gpio.c.obj
 .text.GPIO_GetInstance
                0x00000000080846c4       0x58 CMakeFiles/igpio_led_output.elf.dir/home/ben/Toradex/LinuxDevelop/FreeRTOS/Colibri-iMX8X/SDK_2_9_0_MEK-MIMX8QX/devices/MIMX8QX6/drivers/fsl_gpio.c.obj
 .text.GPIO_PinInit
                0x000000000808471c       0xa4 CMakeFiles/igpio_led_output.elf.dir/home/ben/Toradex/LinuxDevelop/FreeRTOS/Colibri-iMX8X/SDK_2_9_0_MEK-MIMX8QX/devices/MIMX8QX6/drivers/fsl_gpio.c.obj
                0x000000000808471c                GPIO_PinInit
 .text.GPIO_PinWrite
                0x00000000080847c0       0x64 CMakeFiles/igpio_led_output.elf.dir/home/ben/Toradex/LinuxDevelop/FreeRTOS/Colibri-iMX8X/SDK_2_9_0_MEK-MIMX8QX/devices/MIMX8QX6/drivers/fsl_gpio.c.obj
                0x00000000080847c0                GPIO_PinWrite
 .text.GPIO_PinSetInterruptConfig
                0x0000000008084824       0xfc CMakeFiles/igpio_led_output.elf.dir/home/ben/Toradex/LinuxDevelop/FreeRTOS/Colibri-iMX8X/SDK_2_9_0_MEK-MIMX8QX/devices/MIMX8QX6/drivers/fsl_gpio.c.obj
                0x0000000008084824                GPIO_PinSetInterruptConfig
 .text.SystemInit
                0x0000000008084920       0xb8 CMakeFiles/igpio_led_output.elf.dir/home/ben/Toradex/LinuxDevelop/FreeRTOS/Colibri-iMX8X/SDK_2_9_0_MEK-MIMX8QX/devices/MIMX8QX6/system_MIMX8QX6_cm4.c.obj
                0x0000000008084920                SystemInit
 .text.SystemCoreClockUpdate
                0x00000000080849d8       0x3c CMakeFiles/igpio_led_output.elf.dir/home/ben/Toradex/LinuxDevelop/FreeRTOS/Colibri-iMX8X/SDK_2_9_0_MEK-MIMX8QX/devices/MIMX8QX6/system_MIMX8QX6_cm4.c.obj
                0x00000000080849d8                SystemCoreClockUpdate
 .text.SystemInitScfwIpc
                0x0000000008084a14       0x38 CMakeFiles/igpio_led_output.elf.dir/home/ben/Toradex/LinuxDevelop/FreeRTOS/Colibri-iMX8X/SDK_2_9_0_MEK-MIMX8QX/devices/MIMX8QX6/system_MIMX8QX6_cm4.c.obj
                0x0000000008084a14                SystemInitScfwIpc
 .text.SystemGetScfwIpcHandle
                0x0000000008084a4c       0x18 CMakeFiles/igpio_led_output.elf.dir/home/ben/Toradex/LinuxDevelop/FreeRTOS/Colibri-iMX8X/SDK_2_9_0_MEK-MIMX8QX/devices/MIMX8QX6/system_MIMX8QX6_cm4.c.obj
                0x0000000008084a4c                SystemGetScfwIpcHandle
 .text.exit     0x0000000008084a64       0x28 /home/ben/Toradex/LinuxDevelop/FreeRTOS/Colibri-iMX8X/gcc-arm-none-eabi-9-2020-q2-update/bin/../lib/gcc/arm-none-eabi/9.3.1/../../../../arm-none-eabi/lib/thumb/v7e-m+fp/hard/libc_nano.a(lib_a-exit.o)
                0x0000000008084a64                exit
 .text.__libc_init_array
                0x0000000008084a8c       0x48 /home/ben/Toradex/LinuxDevelop/FreeRTOS/Colibri-iMX8X/gcc-arm-none-eabi-9-2020-q2-update/bin/../lib/gcc/arm-none-eabi/9.3.1/../../../../arm-none-eabi/lib/thumb/v7e-m+fp/hard/libc_nano.a(lib_a-init.o)
                0x0000000008084a8c                __libc_init_array
 .text.memset   0x0000000008084ad4       0x10 /home/ben/Toradex/LinuxDevelop/FreeRTOS/Colibri-iMX8X/gcc-arm-none-eabi-9-2020-q2-update/bin/../lib/gcc/arm-none-eabi/9.3.1/../../../../arm-none-eabi/lib/thumb/v7e-m+fp/hard/libc_nano.a(lib_a-memset.o)
                0x0000000008084ad4                memset
 .text._exit    0x0000000008084ae4        0x4 /home/ben/Toradex/LinuxDevelop/FreeRTOS/Colibri-iMX8X/gcc-arm-none-eabi-9-2020-q2-update/bin/../lib/gcc/arm-none-eabi/9.3.1/../../../../arm-none-eabi/lib/thumb/v7e-m+fp/hard/libnosys.a(_exit.o)
                0x0000000008084ae4                _exit
 *(.rodata)
 .rodata        0x0000000008084ae8       0x5a CMakeFiles/igpio_led_output.elf.dir/home/ben/Toradex/LinuxDevelop/FreeRTOS/Colibri-iMX8X/SDK_2_9_0_MEK-MIMX8QX/boards/mekmimx8qx/driver_examples/gpio/led_output/gpio_led_output.c.obj
 *fill*         0x0000000008084b42        0x2 
 .rodata        0x0000000008084b44       0x90 CMakeFiles/igpio_led_output.elf.dir/home/ben/Toradex/LinuxDevelop/FreeRTOS/Colibri-iMX8X/SDK_2_9_0_MEK-MIMX8QX/boards/mekmimx8qx/driver_examples/gpio/led_output/pin_mux.c.obj
 .rodata        0x0000000008084bd4       0xe3 CMakeFiles/igpio_led_output.elf.dir/home/ben/Toradex/LinuxDevelop/FreeRTOS/Colibri-iMX8X/SDK_2_9_0_MEK-MIMX8QX/boards/mekmimx8qx/driver_examples/gpio/led_output/board.c.obj
 *fill*         0x0000000008084cb7        0x1 
 .rodata        0x0000000008084cb8      0x107 CMakeFiles/igpio_led_output.elf.dir/home/ben/Toradex/LinuxDevelop/FreeRTOS/Colibri-iMX8X/SDK_2_9_0_MEK-MIMX8QX/components/uart/fsl_adapter_lpuart.c.obj
 *fill*         0x0000000008084dbf        0x1 
 .rodata        0x0000000008084dc0       0x9c CMakeFiles/igpio_led_output.elf.dir/home/ben/Toradex/LinuxDevelop/FreeRTOS/Colibri-iMX8X/SDK_2_9_0_MEK-MIMX8QX/devices/MIMX8QX6/drivers/fsl_common.c.obj
 .rodata        0x0000000008084e5c       0x79 CMakeFiles/igpio_led_output.elf.dir/home/ben/Toradex/LinuxDevelop/FreeRTOS/Colibri-iMX8X/SDK_2_9_0_MEK-MIMX8QX/devices/MIMX8QX6/drivers/fsl_clock.c.obj
 *fill*         0x0000000008084ed5        0x3 
 .rodata        0x0000000008084ed8      0x1fa CMakeFiles/igpio_led_output.elf.dir/home/ben/Toradex/LinuxDevelop/FreeRTOS/Colibri-iMX8X/SDK_2_9_0_MEK-MIMX8QX/devices/MIMX8QX6/drivers/fsl_lpuart.c.obj
 *fill*         0x00000000080850d2        0x2 
 .rodata        0x00000000080850d4       0x3e CMakeFiles/igpio_led_output.elf.dir/home/ben/Toradex/LinuxDevelop/FreeRTOS/Colibri-iMX8X/SDK_2_9_0_MEK-MIMX8QX/devices/MIMX8QX6/utilities/debug_console_lite/fsl_assert.c.obj
 *fill*         0x0000000008085112        0x2 
 .rodata        0x0000000008085114       0x9e CMakeFiles/igpio_led_output.elf.dir/home/ben/Toradex/LinuxDevelop/FreeRTOS/Colibri-iMX8X/SDK_2_9_0_MEK-MIMX8QX/devices/MIMX8QX6/drivers/fsl_gpio.c.obj
 *(.rodata*)
 *fill*         0x00000000080851b2        0x2 
 .rodata.__func__.13683
                0x00000000080851b4        0xf CMakeFiles/igpio_led_output.elf.dir/home/ben/Toradex/LinuxDevelop/FreeRTOS/Colibri-iMX8X/SDK_2_9_0_MEK-MIMX8QX/boards/mekmimx8qx/driver_examples/gpio/led_output/pin_mux.c.obj
 *fill*         0x00000000080851c3        0x1 
 .rodata.__func__.13912
                0x00000000080851c4        0xe CMakeFiles/igpio_led_output.elf.dir/home/ben/Toradex/LinuxDevelop/FreeRTOS/Colibri-iMX8X/SDK_2_9_0_MEK-MIMX8QX/boards/mekmimx8qx/driver_examples/gpio/led_output/board.c.obj
 *fill*         0x00000000080851d2        0x2 
 .rodata.__func__.13937
                0x00000000080851d4       0x11 CMakeFiles/igpio_led_output.elf.dir/home/ben/Toradex/LinuxDevelop/FreeRTOS/Colibri-iMX8X/SDK_2_9_0_MEK-MIMX8QX/boards/mekmimx8qx/driver_examples/gpio/led_output/board.c.obj
 *fill*         0x00000000080851e5        0x3 
 .rodata.s_LpuartAdapterBase
                0x00000000080851e8       0x18 CMakeFiles/igpio_led_output.elf.dir/home/ben/Toradex/LinuxDevelop/FreeRTOS/Colibri-iMX8X/SDK_2_9_0_MEK-MIMX8QX/components/uart/fsl_adapter_lpuart.c.obj
 .rodata.__func__.13879
                0x0000000008085200        0xd CMakeFiles/igpio_led_output.elf.dir/home/ben/Toradex/LinuxDevelop/FreeRTOS/Colibri-iMX8X/SDK_2_9_0_MEK-MIMX8QX/components/uart/fsl_adapter_lpuart.c.obj
 *fill*         0x000000000808520d        0x3 
 .rodata.__func__.13892
                0x0000000008085210       0x18 CMakeFiles/igpio_led_output.elf.dir/home/ben/Toradex/LinuxDevelop/FreeRTOS/Colibri-iMX8X/SDK_2_9_0_MEK-MIMX8QX/components/uart/fsl_adapter_lpuart.c.obj
 .rodata.__func__.13899
                0x0000000008085228       0x15 CMakeFiles/igpio_led_output.elf.dir/home/ben/Toradex/LinuxDevelop/FreeRTOS/Colibri-iMX8X/SDK_2_9_0_MEK-MIMX8QX/components/uart/fsl_adapter_lpuart.c.obj
 *fill*         0x000000000808523d        0x3 
 .rodata.__func__.13580
                0x0000000008085240       0x13 CMakeFiles/igpio_led_output.elf.dir/home/ben/Toradex/LinuxDevelop/FreeRTOS/Colibri-iMX8X/SDK_2_9_0_MEK-MIMX8QX/devices/MIMX8QX6/drivers/fsl_common.c.obj
 *fill*         0x0000000008085253        0x1 
 .rodata.__func__.13001
                0x0000000008085254       0x11 CMakeFiles/igpio_led_output.elf.dir/home/ben/Toradex/LinuxDevelop/FreeRTOS/Colibri-iMX8X/SDK_2_9_0_MEK-MIMX8QX/devices/MIMX8QX6/drivers/fsl_clock.c.obj
 *fill*         0x0000000008085265        0x3 
 .rodata.s_lpuartBases
                0x0000000008085268       0x18 CMakeFiles/igpio_led_output.elf.dir/home/ben/Toradex/LinuxDevelop/FreeRTOS/Colibri-iMX8X/SDK_2_9_0_MEK-MIMX8QX/devices/MIMX8QX6/drivers/fsl_lpuart.c.obj
 .rodata.s_lpuartClock
                0x0000000008085280       0x18 CMakeFiles/igpio_led_output.elf.dir/home/ben/Toradex/LinuxDevelop/FreeRTOS/Colibri-iMX8X/SDK_2_9_0_MEK-MIMX8QX/devices/MIMX8QX6/drivers/fsl_lpuart.c.obj
 .rodata.__func__.13838
                0x0000000008085298       0x13 CMakeFiles/igpio_led_output.elf.dir/home/ben/Toradex/LinuxDevelop/FreeRTOS/Colibri-iMX8X/SDK_2_9_0_MEK-MIMX8QX/devices/MIMX8QX6/drivers/fsl_lpuart.c.obj
 *fill*         0x00000000080852ab        0x1 
 .rodata.__func__.13881
                0x00000000080852ac        0xc CMakeFiles/igpio_led_output.elf.dir/home/ben/Toradex/LinuxDevelop/FreeRTOS/Colibri-iMX8X/SDK_2_9_0_MEK-MIMX8QX/devices/MIMX8QX6/drivers/fsl_lpuart.c.obj
 .rodata.__func__.13909
                0x00000000080852b8       0x18 CMakeFiles/igpio_led_output.elf.dir/home/ben/Toradex/LinuxDevelop/FreeRTOS/Colibri-iMX8X/SDK_2_9_0_MEK-MIMX8QX/devices/MIMX8QX6/drivers/fsl_lpuart.c.obj
 .rodata.__func__.13968
                0x00000000080852d0       0x15 CMakeFiles/igpio_led_output.elf.dir/home/ben/Toradex/LinuxDevelop/FreeRTOS/Colibri-iMX8X/SDK_2_9_0_MEK-MIMX8QX/devices/MIMX8QX6/drivers/fsl_lpuart.c.obj
 *fill*         0x00000000080852e5        0x3 
 .rodata.__func__.13985
                0x00000000080852e8       0x14 CMakeFiles/igpio_led_output.elf.dir/home/ben/Toradex/LinuxDevelop/FreeRTOS/Colibri-iMX8X/SDK_2_9_0_MEK-MIMX8QX/devices/MIMX8QX6/drivers/fsl_lpuart.c.obj
 .rodata.s_gpioBases
                0x00000000080852fc       0x34 CMakeFiles/igpio_led_output.elf.dir/home/ben/Toradex/LinuxDevelop/FreeRTOS/Colibri-iMX8X/SDK_2_9_0_MEK-MIMX8QX/devices/MIMX8QX6/drivers/fsl_gpio.c.obj
 .rodata.s_gpioClock
                0x0000000008085330       0x34 CMakeFiles/igpio_led_output.elf.dir/home/ben/Toradex/LinuxDevelop/FreeRTOS/Colibri-iMX8X/SDK_2_9_0_MEK-MIMX8QX/devices/MIMX8QX6/drivers/fsl_gpio.c.obj
 .rodata.__func__.13668
                0x0000000008085364       0x11 CMakeFiles/igpio_led_output.elf.dir/home/ben/Toradex/LinuxDevelop/FreeRTOS/Colibri-iMX8X/SDK_2_9_0_MEK-MIMX8QX/devices/MIMX8QX6/drivers/fsl_gpio.c.obj
 *fill*         0x0000000008085375        0x3 
 .rodata.__func__.13680
                0x0000000008085378        0xe CMakeFiles/igpio_led_output.elf.dir/home/ben/Toradex/LinuxDevelop/FreeRTOS/Colibri-iMX8X/SDK_2_9_0_MEK-MIMX8QX/devices/MIMX8QX6/drivers/fsl_gpio.c.obj
 *fill*         0x0000000008085386        0x2 
 .rodata._global_impure_ptr
                0x0000000008085388        0x4 /home/ben/Toradex/LinuxDevelop/FreeRTOS/Colibri-iMX8X/gcc-arm-none-eabi-9-2020-q2-update/bin/../lib/gcc/arm-none-eabi/9.3.1/../../../../arm-none-eabi/lib/thumb/v7e-m+fp/hard/libc_nano.a(lib_a-impure.o)
                0x0000000008085388                _global_impure_ptr
 *(.glue_7)
 .glue_7        0x000000000808538c        0x0 linker stubs
 *(.glue_7t)
 .glue_7t       0x000000000808538c        0x0 linker stubs
 *(.eh_frame)
 .eh_frame      0x000000000808538c        0x0 /home/ben/Toradex/LinuxDevelop/FreeRTOS/Colibri-iMX8X/gcc-arm-none-eabi-9-2020-q2-update/bin/../lib/gcc/arm-none-eabi/9.3.1/thumb/v7e-m+fp/hard/crtbegin.o
 *(.init)
 .init          0x000000000808538c        0x4 /home/ben/Toradex/LinuxDevelop/FreeRTOS/Colibri-iMX8X/gcc-arm-none-eabi-9-2020-q2-update/bin/../lib/gcc/arm-none-eabi/9.3.1/thumb/v7e-m+fp/hard/crti.o
                0x000000000808538c                _init
 .init          0x0000000008085390        0x8 /home/ben/Toradex/LinuxDevelop/FreeRTOS/Colibri-iMX8X/gcc-arm-none-eabi-9-2020-q2-update/bin/../lib/gcc/arm-none-eabi/9.3.1/thumb/v7e-m+fp/hard/crtn.o
 *(.fini)
 .fini          0x0000000008085398        0x4 /home/ben/Toradex/LinuxDevelop/FreeRTOS/Colibri-iMX8X/gcc-arm-none-eabi-9-2020-q2-update/bin/../lib/gcc/arm-none-eabi/9.3.1/thumb/v7e-m+fp/hard/crti.o
                0x0000000008085398                _fini
 .fini          0x000000000808539c        0x8 /home/ben/Toradex/LinuxDevelop/FreeRTOS/Colibri-iMX8X/gcc-arm-none-eabi-9-2020-q2-update/bin/../lib/gcc/arm-none-eabi/9.3.1/thumb/v7e-m+fp/hard/crtn.o
                0x00000000080853a8                . = ALIGN (0x8)
 *fill*         0x00000000080853a4        0x4 

.vfp11_veneer   0x00000000080853a8        0x0
 .vfp11_veneer  0x00000000080853a8        0x0 linker stubs

.v4_bx          0x00000000080853a8        0x0
 .v4_bx         0x00000000080853a8        0x0 linker stubs

.iplt           0x00000000080853a8        0x0
 .iplt          0x00000000080853a8        0x0 /home/ben/Toradex/LinuxDevelop/FreeRTOS/Colibri-iMX8X/gcc-arm-none-eabi-9-2020-q2-update/bin/../lib/gcc/arm-none-eabi/9.3.1/thumb/v7e-m+fp/hard/crtbegin.o

.ARM.extab
 *(.ARM.extab* .gnu.linkonce.armextab.*)

.ARM            0x00000000080853a8        0x8
                0x00000000080853a8                __exidx_start = .
 *(.ARM.exidx*)
 .ARM.exidx     0x00000000080853a8        0x8 /home/ben/Toradex/LinuxDevelop/FreeRTOS/Colibri-iMX8X/gcc-arm-none-eabi-9-2020-q2-update/bin/../lib/gcc/arm-none-eabi/9.3.1/../../../../arm-none-eabi/lib/thumb/v7e-m+fp/hard/crt0.o
                                         0x10 (size before relaxing)
 .ARM.exidx     0x00000000080853b0        0x0 /home/ben/Toradex/LinuxDevelop/FreeRTOS/Colibri-iMX8X/gcc-arm-none-eabi-9-2020-q2-update/bin/../lib/gcc/arm-none-eabi/9.3.1/thumb/v7e-m+fp/hard/libgcc.a(_udivmoddi4.o)
                                          0x8 (size before relaxing)
                0x00000000080853b0                __exidx_end = .

.rel.dyn        0x00000000080853b0        0x0
 .rel.iplt      0x00000000080853b0        0x0 /home/ben/Toradex/LinuxDevelop/FreeRTOS/Colibri-iMX8X/gcc-arm-none-eabi-9-2020-q2-update/bin/../lib/gcc/arm-none-eabi/9.3.1/thumb/v7e-m+fp/hard/crtbegin.o

.ctors          0x00000000080853b0        0x0
                0x00000000080853b0                __CTOR_LIST__ = .
 *crtbegin.o(.ctors)
 *crtbegin?.o(.ctors)
 *(EXCLUDE_FILE(*crtend.o *crtend?.o) .ctors)
 *(SORT_BY_NAME(.ctors.*))
 *(.ctors)