Archive member included to satisfy reference by file (symbol)

/home/ben/Toradex/LinuxDevelop/FreeRTOS/Colibri-iMX8X/gcc-arm-none-eabi-9-2020-q2-update/bin/../lib/gcc/arm-none-eabi/9.3.1/../../../../arm-none-eabi/lib/thumb/v7e-m+fp/hard/libc_nano.a(lib_a-errno.o)
                              CMakeFiles/hello_world.elf.dir/home/ben/Toradex/LinuxDevelop/FreeRTOS/Colibri-iMX8X/SDK_2_9_0_MEK-MIMX8QX/devices/MIMX8QX6/utilities/fsl_sbrk.c.obj (__errno)
/home/ben/Toradex/LinuxDevelop/FreeRTOS/Colibri-iMX8X/gcc-arm-none-eabi-9-2020-q2-update/bin/../lib/gcc/arm-none-eabi/9.3.1/../../../../arm-none-eabi/lib/thumb/v7e-m+fp/hard/libc_nano.a(lib_a-exit.o)
                              /home/ben/Toradex/LinuxDevelop/FreeRTOS/Colibri-iMX8X/gcc-arm-none-eabi-9-2020-q2-update/bin/../lib/gcc/arm-none-eabi/9.3.1/../../../../arm-none-eabi/lib/thumb/v7e-m+fp/hard/crt0.o (exit)
/home/ben/Toradex/LinuxDevelop/FreeRTOS/Colibri-iMX8X/gcc-arm-none-eabi-9-2020-q2-update/bin/../lib/gcc/arm-none-eabi/9.3.1/../../../../arm-none-eabi/lib/thumb/v7e-m+fp/hard/libc_nano.a(lib_a-impure.o)
                              /home/ben/Toradex/LinuxDevelop/FreeRTOS/Colibri-iMX8X/gcc-arm-none-eabi-9-2020-q2-update/bin/../lib/gcc/arm-none-eabi/9.3.1/../../../../arm-none-eabi/lib/thumb/v7e-m+fp/hard/libc_nano.a(lib_a-exit.o) (_global_impure_ptr)
/home/ben/Toradex/LinuxDevelop/FreeRTOS/Colibri-iMX8X/gcc-arm-none-eabi-9-2020-q2-update/bin/../lib/gcc/arm-none-eabi/9.3.1/../../../../arm-none-eabi/lib/thumb/v7e-m+fp/hard/libc_nano.a(lib_a-init.o)
                              /home/ben/Toradex/LinuxDevelop/FreeRTOS/Colibri-iMX8X/gcc-arm-none-eabi-9-2020-q2-update/bin/../lib/gcc/arm-none-eabi/9.3.1/../../../../arm-none-eabi/lib/thumb/v7e-m+fp/hard/crt0.o (__libc_init_array)
/home/ben/Toradex/LinuxDevelop/FreeRTOS/Colibri-iMX8X/gcc-arm-none-eabi-9-2020-q2-update/bin/../lib/gcc/arm-none-eabi/9.3.1/../../../../arm-none-eabi/lib/thumb/v7e-m+fp/hard/libc_nano.a(lib_a-malloc.o)
                              CMakeFiles/hello_world.elf.dir/home/ben/Toradex/LinuxDevelop/FreeRTOS/Colibri-iMX8X/SDK_2_9_0_MEK-MIMX8QX/devices/MIMX8QX6/drivers/fsl_common.c.obj (malloc)
/home/ben/Toradex/LinuxDevelop/FreeRTOS/Colibri-iMX8X/gcc-arm-none-eabi-9-2020-q2-update/bin/../lib/gcc/arm-none-eabi/9.3.1/../../../../arm-none-eabi/lib/thumb/v7e-m+fp/hard/libc_nano.a(lib_a-memset.o)
                              /home/ben/Toradex/LinuxDevelop/FreeRTOS/Colibri-iMX8X/gcc-arm-none-eabi-9-2020-q2-update/bin/../lib/gcc/arm-none-eabi/9.3.1/../../../../arm-none-eabi/lib/thumb/v7e-m+fp/hard/crt0.o (memset)
/home/ben/Toradex/LinuxDevelop/FreeRTOS/Colibri-iMX8X/gcc-arm-none-eabi-9-2020-q2-update/bin/../lib/gcc/arm-none-eabi/9.3.1/../../../../arm-none-eabi/lib/thumb/v7e-m+fp/hard/libc_nano.a(lib_a-nano-freer.o)
                              /home/ben/Toradex/LinuxDevelop/FreeRTOS/Colibri-iMX8X/gcc-arm-none-eabi-9-2020-q2-update/bin/../lib/gcc/arm-none-eabi/9.3.1/../../../../arm-none-eabi/lib/thumb/v7e-m+fp/hard/libc_nano.a(lib_a-malloc.o) (_free_r)
/home/ben/Toradex/LinuxDevelop/FreeRTOS/Colibri-iMX8X/gcc-arm-none-eabi-9-2020-q2-update/bin/../lib/gcc/arm-none-eabi/9.3.1/../../../../arm-none-eabi/lib/thumb/v7e-m+fp/hard/libc_nano.a(lib_a-nano-mallocr.o)
                              /home/ben/Toradex/LinuxDevelop/FreeRTOS/Colibri-iMX8X/gcc-arm-none-eabi-9-2020-q2-update/bin/../lib/gcc/arm-none-eabi/9.3.1/../../../../arm-none-eabi/lib/thumb/v7e-m+fp/hard/libc_nano.a(lib_a-malloc.o) (_malloc_r)
/home/ben/Toradex/LinuxDevelop/FreeRTOS/Colibri-iMX8X/gcc-arm-none-eabi-9-2020-q2-update/bin/../lib/gcc/arm-none-eabi/9.3.1/../../../../arm-none-eabi/lib/thumb/v7e-m+fp/hard/libc_nano.a(lib_a-sbrkr.o)
                              /home/ben/Toradex/LinuxDevelop/FreeRTOS/Colibri-iMX8X/gcc-arm-none-eabi-9-2020-q2-update/bin/../lib/gcc/arm-none-eabi/9.3.1/../../../../arm-none-eabi/lib/thumb/v7e-m+fp/hard/libc_nano.a(lib_a-nano-mallocr.o) (_sbrk_r)
/home/ben/Toradex/LinuxDevelop/FreeRTOS/Colibri-iMX8X/gcc-arm-none-eabi-9-2020-q2-update/bin/../lib/gcc/arm-none-eabi/9.3.1/../../../../arm-none-eabi/lib/thumb/v7e-m+fp/hard/libc_nano.a(lib_a-strlen.o)
                              CMakeFiles/hello_world.elf.dir/home/ben/Toradex/LinuxDevelop/FreeRTOS/Colibri-iMX8X/SDK_2_9_0_MEK-MIMX8QX/devices/MIMX8QX6/utilities/debug_console_lite/fsl_debug_console.c.obj (strlen)
/home/ben/Toradex/LinuxDevelop/FreeRTOS/Colibri-iMX8X/gcc-arm-none-eabi-9-2020-q2-update/bin/../lib/gcc/arm-none-eabi/9.3.1/../../../../arm-none-eabi/lib/thumb/v7e-m+fp/hard/libc_nano.a(lib_a-mlock.o)
                              /home/ben/Toradex/LinuxDevelop/FreeRTOS/Colibri-iMX8X/gcc-arm-none-eabi-9-2020-q2-update/bin/../lib/gcc/arm-none-eabi/9.3.1/../../../../arm-none-eabi/lib/thumb/v7e-m+fp/hard/libc_nano.a(lib_a-nano-freer.o) (__malloc_lock)
/home/ben/Toradex/LinuxDevelop/FreeRTOS/Colibri-iMX8X/gcc-arm-none-eabi-9-2020-q2-update/bin/../lib/gcc/arm-none-eabi/9.3.1/../../../../arm-none-eabi/lib/thumb/v7e-m+fp/hard/libc_nano.a(lib_a-reent.o)
[...]
Memory Configuration

Name             Origin             Length             Attributes
m_interrupts     0x0000000008081000 0x0000000000000a00 xr
m_text           0x0000000008081a00 0x00000000000ff600 xr
m_data           0x0000000020000000 0x0000000000020000 rw
m_data2          0x0000000088000000 0x0000000008000000 rw
m_tcml           0x000000001ffe0020 0x000000000001ffe0 rw
*default*        0x0000000000000000 0xffffffffffffffff

Linker script and memory map

LOAD /home/ben/Toradex/LinuxDevelop/FreeRTOS/Colibri-iMX8X/gcc-arm-none-eabi-9-2020-q2-update/bin/../lib/gcc/arm-none-eabi/9.3.1/thumb/v7e-m+fp/hard/crti.o
LOAD /home/ben/Toradex/LinuxDevelop/FreeRTOS/Colibri-iMX8X/gcc-arm-none-eabi-9-2020-q2-update/bin/../lib/gcc/arm-none-eabi/9.3.1/thumb/v7e-m+fp/hard/crtbegin.o
LOAD /home/ben/Toradex/LinuxDevelop/FreeRTOS/Colibri-iMX8X/gcc-arm-none-eabi-9-2020-q2-update/bin/../lib/gcc/arm-none-eabi/9.3.1/../../../../arm-none-eabi/lib/thumb/v7e-m+fp/hard/crt0.o
LOAD CMakeFiles/hello_world.elf.dir/home/ben/Toradex/LinuxDevelop/FreeRTOS/Colibri-iMX8X/SDK_2_9_0_MEK-MIMX8QX/boards/mekmimx8qx/demo_apps/hello_world/hello_world.c.obj
LOAD CMakeFiles/hello_world.elf.dir/home/ben/Toradex/LinuxDevelop/FreeRTOS/Colibri-iMX8X/SDK_2_9_0_MEK-MIMX8QX/boards/mekmimx8qx/demo_apps/hello_world/pin_mux.c.obj
LOAD CMakeFiles/hello_world.elf.dir/home/ben/Toradex/LinuxDevelop/FreeRTOS/Colibri-iMX8X/SDK_2_9_0_MEK-MIMX8QX/boards/mekmimx8qx/demo_apps/hello_world/board.c.obj
LOAD CMakeFiles/hello_world.elf.dir/home/ben/Toradex/LinuxDevelop/FreeRTOS/Colibri-iMX8X/SDK_2_9_0_MEK-MIMX8QX/boards/mekmimx8qx/demo_apps/hello_world/clock_config.c.obj
LOAD CMakeFiles/hello_world.elf.dir/home/ben/Toradex/LinuxDevelop/FreeRTOS/Colibri-iMX8X/SDK_2_9_0_MEK-MIMX8QX/boards/mekmimx8qx/demo_apps/hello_world/empty_rsc_table.c.obj
LOAD CMakeFiles/hello_world.elf.dir/home/ben/Toradex/LinuxDevelop/FreeRTOS/Colibri-iMX8X/SDK_2_9_0_MEK-MIMX8QX/devices/MIMX8QX6/utilities/debug_console_lite/fsl_debug_console.c.obj
LOAD CMakeFiles/hello_world.elf.dir/home/ben/Toradex/LinuxDevelop/FreeRTOS/Colibri-iMX8X/SDK_2_9_0_MEK-MIMX8QX/components/uart/fsl_adapter_lpuart.c.obj
LOAD CMakeFiles/hello_world.elf.dir/home/ben/Toradex/LinuxDevelop/FreeRTOS/Colibri-iMX8X/SDK_2_9_0_MEK-MIMX8QX/devices/MIMX8QX6/drivers/fsl_common.c.obj
LOAD CMakeFiles/hello_world.elf.dir/home/ben/Toradex/LinuxDevelop/FreeRTOS/Colibri-iMX8X/SDK_2_9_0_MEK-MIMX8QX/devices/MIMX8QX6/drivers/fsl_clock.c.obj
LOAD CMakeFiles/hello_world.elf.dir/home/ben/Toradex/LinuxDevelop/FreeRTOS/Colibri-iMX8X/SDK_2_9_0_MEK-MIMX8QX/devices/MIMX8QX6/scfw_api/main/ipc_imx8qx.c.obj
LOAD CMakeFiles/hello_world.elf.dir/home/ben/Toradex/LinuxDevelop/FreeRTOS/Colibri-iMX8X/SDK_2_9_0_MEK-MIMX8QX/devices/MIMX8QX6/scfw_api/svc/irq/irq_rpc_clnt.c.obj
LOAD CMakeFiles/hello_world.elf.dir/home/ben/Toradex/LinuxDevelop/FreeRTOS/Colibri-iMX8X/SDK_2_9_0_MEK-MIMX8QX/devices/MIMX8QX6/scfw_api/svc/misc/misc_rpc_clnt.c.obj
LOAD CMakeFiles/hello_world.elf.dir/home/ben/Toradex/LinuxDevelop/FreeRTOS/Colibri-iMX8X/SDK_2_9_0_MEK-MIMX8QX/devices/MIMX8QX6/scfw_api/svc/pad/pad_rpc_clnt.c.obj
LOAD CMakeFiles/hello_world.elf.dir/home/ben/Toradex/LinuxDevelop/FreeRTOS/Colibri-iMX8X/SDK_2_9_0_MEK-MIMX8QX/devices/MIMX8QX6/scfw_api/svc/pm/pm_rpc_clnt.c.obj
LOAD CMakeFiles/hello_world.elf.dir/home/ben/Toradex/LinuxDevelop/FreeRTOS/Colibri-iMX8X/SDK_2_9_0_MEK-MIMX8QX/devices/MIMX8QX6/scfw_api/svc/rm/rm_rpc_clnt.c.obj
LOAD CMakeFiles/hello_world.elf.dir/home/ben/Toradex/LinuxDevelop/FreeRTOS/Colibri-iMX8X/SDK_2_9_0_MEK-MIMX8QX/devices/MIMX8QX6/scfw_api/svc/seco/seco_rpc_clnt.c.obj
LOAD CMakeFiles/hello_world.elf.dir/home/ben/Toradex/LinuxDevelop/FreeRTOS/Colibri-iMX8X/SDK_2_9_0_MEK-MIMX8QX/devices/MIMX8QX6/scfw_api/svc/timer/timer_rpc_clnt.c.obj
LOAD CMakeFiles/hello_world.elf.dir/home/ben/Toradex/LinuxDevelop/FreeRTOS/Colibri-iMX8X/SDK_2_9_0_MEK-MIMX8QX/devices/MIMX8QX6/drivers/fsl_lpuart.c.obj
LOAD CMakeFiles/hello_world.elf.dir/home/ben/Toradex/LinuxDevelop/FreeRTOS/Colibri-iMX8X/SDK_2_9_0_MEK-MIMX8QX/devices/MIMX8QX6/utilities/debug_console_lite/fsl_assert.c.obj
LOAD CMakeFiles/hello_world.elf.dir/home/ben/Toradex/LinuxDevelop/FreeRTOS/Colibri-iMX8X/SDK_2_9_0_MEK-MIMX8QX/components/lists/fsl_component_generic_list.c.obj
LOAD CMakeFiles/hello_world.elf.dir/home/ben/Toradex/LinuxDevelop/FreeRTOS/Colibri-iMX8X/SDK_2_9_0_MEK-MIMX8QX/devices/MIMX8QX6/gcc/startup_MIMX8QX6_cm4.S.obj
LOAD CMakeFiles/hello_world.elf.dir/home/ben/Toradex/LinuxDevelop/FreeRTOS/Colibri-iMX8X/SDK_2_9_0_MEK-MIMX8QX/devices/MIMX8QX6/system_MIMX8QX6_cm4.c.obj
LOAD CMakeFiles/hello_world.elf.dir/home/ben/Toradex/LinuxDevelop/FreeRTOS/Colibri-iMX8X/SDK_2_9_0_MEK-MIMX8QX/devices/MIMX8QX6/drivers/fsl_gpio.c.obj
LOAD CMakeFiles/hello_world.elf.dir/home/ben/Toradex/LinuxDevelop/FreeRTOS/Colibri-iMX8X/SDK_2_9_0_MEK-MIMX8QX/devices/MIMX8QX6/utilities/fsl_sbrk.c.obj
START GROUP
LOAD /home/ben/Toradex/LinuxDevelop/FreeRTOS/Colibri-iMX8X/gcc-arm-none-eabi-9-2020-q2-update/bin/../lib/gcc/arm-none-eabi/9.3.1/../../../../arm-none-eabi/lib/thumb/v7e-m+fp/hard/libm.a
LOAD /home/ben/Toradex/LinuxDevelop/FreeRTOS/Colibri-iMX8X/gcc-arm-none-eabi-9-2020-q2-update/bin/../lib/gcc/arm-none-eabi/9.3.1/../../../../arm-none-eabi/lib/thumb/v7e-m+fp/hard/libc_nano.a
LOAD /home/ben/Toradex/LinuxDevelop/FreeRTOS/Colibri-iMX8X/gcc-arm-none-eabi-9-2020-q2-update/bin/../lib/gcc/arm-none-eabi/9.3.1/thumb/v7e-m+fp/hard/libgcc.a
LOAD /home/ben/Toradex/LinuxDevelop/FreeRTOS/Colibri-iMX8X/gcc-arm-none-eabi-9-2020-q2-update/bin/../lib/gcc/arm-none-eabi/9.3.1/../../../../arm-none-eabi/lib/thumb/v7e-m+fp/hard/libnosys.a
END GROUP
START GROUP
LOAD /home/ben/Toradex/LinuxDevelop/FreeRTOS/Colibri-iMX8X/gcc-arm-none-eabi-9-2020-q2-update/bin/../lib/gcc/arm-none-eabi/9.3.1/thumb/v7e-m+fp/hard/libgcc.a
LOAD /home/ben/Toradex/LinuxDevelop/FreeRTOS/Colibri-iMX8X/gcc-arm-none-eabi-9-2020-q2-update/bin/../lib/gcc/arm-none-eabi/9.3.1/../../../../arm-none-eabi/lib/thumb/v7e-m+fp/hard/libc_nano.a
END GROUP
START GROUP
LOAD /home/ben/Toradex/LinuxDevelop/FreeRTOS/Colibri-iMX8X/gcc-arm-none-eabi-9-2020-q2-update/bin/../lib/gcc/arm-none-eabi/9.3.1/thumb/v7e-m+fp/hard/libgcc.a
LOAD /home/ben/Toradex/LinuxDevelop/FreeRTOS/Colibri-iMX8X/gcc-arm-none-eabi-9-2020-q2-update/bin/../lib/gcc/arm-none-eabi/9.3.1/../../../../arm-none-eabi/lib/thumb/v7e-m+fp/hard/libc_nano.a
LOAD /home/ben/Toradex/LinuxDevelop/FreeRTOS/Colibri-iMX8X/gcc-arm-none-eabi-9-2020-q2-update/bin/../lib/gcc/arm-none-eabi/9.3.1/../../../../arm-none-eabi/lib/thumb/v7e-m+fp/hard/libnosys.a
END GROUP
START GROUP
LOAD /home/ben/Toradex/LinuxDevelop/FreeRTOS/Colibri-iMX8X/gcc-arm-none-eabi-9-2020-q2-update/bin/../lib/gcc/arm-none-eabi/9.3.1/thumb/v7e-m+fp/hard/libgcc.a
LOAD /home/ben/Toradex/LinuxDevelop/FreeRTOS/Colibri-iMX8X/gcc-arm-none-eabi-9-2020-q2-update/bin/../lib/gcc/arm-none-eabi/9.3.1/../../../../arm-none-eabi/lib/thumb/v7e-m+fp/hard/libc_nano.a
LOAD /home/ben/Toradex/LinuxDevelop/FreeRTOS/Colibri-iMX8X/gcc-arm-none-eabi-9-2020-q2-update/bin/../lib/gcc/arm-none-eabi/9.3.1/../../../../arm-none-eabi/lib/thumb/v7e-m+fp/hard/libnosys.a
END GROUP
LOAD /home/ben/Toradex/LinuxDevelop/FreeRTOS/Colibri-iMX8X/gcc-arm-none-eabi-9-2020-q2-update/bin/../lib/gcc/arm-none-eabi/9.3.1/thumb/v7e-m+fp/hard/crtend.o
LOAD /home/ben/Toradex/LinuxDevelop/FreeRTOS/Colibri-iMX8X/gcc-arm-none-eabi-9-2020-q2-update/bin/../lib/gcc/arm-none-eabi/9.3.1/thumb/v7e-m+fp/hard/crtn.o
                0x0000000000000400                HEAP_SIZE = DEFINED (__heap_size__)?__heap_size__:0x400
                0x0000000000000400                STACK_SIZE = DEFINED (__stack_size__)?__stack_size__:0x400
                0x000000000000000c                SAFE_BOUNDARY_LEN = 0xc

.interrupts     0x0000000008081000      0xa00
                0x0000000008081000                . = ALIGN (0x8)
 *(.isr_vector)
 .isr_vector    0x0000000008081000      0xa00 CMakeFiles/hello_world.elf.dir/home/ben/Toradex/LinuxDevelop/FreeRTOS/Colibri-iMX8X/SDK_2_9_0_MEK-MIMX8QX/devices/MIMX8QX6/gcc/startup_MIMX8QX6_cm4.S.obj
                0x0000000008081000                __isr_vector
                0x0000000008081a00                . = ALIGN (0x8)

.resource_table
                0x0000000008081a00       0x10
                0x0000000008081a00                . = ALIGN (0x8)
 *(.resource_table)
 .resource_table
                0x0000000008081a00       0x10 CMakeFiles/hello_world.elf.dir/home/ben/Toradex/LinuxDevelop/FreeRTOS/Colibri-iMX8X/SDK_2_9_0_MEK-MIMX8QX/boards/mekmimx8qx/demo_apps/hello_world/empty_rsc_table.c.obj
                0x0000000008081a00                resource_table
                0x0000000008081a10                . = ALIGN (0x8)

.text           0x0000000008081a10     0x30a0
                0x0000000008081a10                . = ALIGN (0x8)
 *(.text)
 .text          0x0000000008081a10       0x40 /home/ben/Toradex/LinuxDevelop/FreeRTOS/Colibri-iMX8X/gcc-arm-none-eabi-9-2020-q2-update/bin/../lib/gcc/arm-none-eabi/9.3.1/thumb/v7e-m+fp/hard/crtbegin.o
 .text          0x0000000008081a50       0x7c /home/ben/Toradex/LinuxDevelop/FreeRTOS/Colibri-iMX8X/gcc-arm-none-eabi-9-2020-q2-update/bin/../lib/gcc/arm-none-eabi/9.3.1/../../../../arm-none-eabi/lib/thumb/v7e-m+fp/hard/crt0.o
                0x0000000008081a50                _stack_init
                0x0000000008081a58                _mainCRTStartup
                0x0000000008081a58                _start
 .text          0x0000000008081acc      0x580 CMakeFiles/hello_world.elf.dir/home/ben/Toradex/LinuxDevelop/FreeRTOS/Colibri-iMX8X/SDK_2_9_0_MEK-MIMX8QX/devices/MIMX8QX6/gcc/startup_MIMX8QX6_cm4.S.obj
                0x0000000008081acc                Reset_Handler
                0x0000000008081ba8                Reserved18_IRQHandler
                0x0000000008081ba8                Reserved96_IRQHandler
                0x0000000008081ba8                IMAGING_MJPEG_DEC2_INT_IRQHandler
                0x0000000008081ba8                CONNECTIVITY_USB3_INT_IRQHandler
                0x0000000008081ba8                LSIO_MU10_INT_B_IRQHandler
                0x0000000008081ba8                Reserved512_IRQHandler
                0x0000000008081ba8                CONNECTIVITY_USDHC1_INT_DriverIRQHandler
                0x0000000008081ba8                Reserved134_IRQHandler
                0x0000000008081ba8                ADMA_GPT3_INT_DriverIRQHandler
                0x0000000008081ba8                LSIO_MU2_INT_IRQHandler
                0x0000000008081ba8                Reserved16_IRQHandler
                0x0000000008081ba8                ADMA_ADC0_INT_DriverIRQHandler
                0x0000000008081ba8                Reserved448_IRQHandler
                0x0000000008081ba8                Reserved111_IRQHandler
                0x0000000008081ba8                DebugMon_Handler
                0x0000000008081ba8                IRQSTEER_1_DriverIRQHandler
                0x0000000008081ba8                Reserved178_IRQHandler
                0x0000000008081ba8                Reserved88_IRQHandler
                0x0000000008081ba8                DRC_SBR_DONE_INT_IRQHandler
                0x0000000008081ba8                ADMA_EDMA1_INT_DriverIRQHandler
                0x0000000008081ba8                Reserved243_IRQHandler
                0x0000000008081ba8                SECURITY_MU2_A_INT_IRQHandler
                0x0000000008081ba8                M4_MU0_B3_IRQHandler
                0x0000000008081ba8                ADMA_SPDIF0_RX_MOD_INT_DriverIRQHandler
                0x0000000008081ba8                Reserved347_IRQHandler
                0x0000000008081ba8                Reserved153_IRQHandler
                0x0000000008081ba8                DISPLAY0_INT_OUT1_IRQHandler
                0x0000000008081ba8                ADMA_I2C2_MOD_INT_DriverIRQHandler
                0x0000000008081ba8                ADMA_SPI1_INT_DriverIRQHandler
                0x0000000008081ba8                ADMA_SPDIF0_TX_INT_DriverIRQHandler
                0x0000000008081ba8                LSIO_MU13_INT_B_IRQHandler
                0x0000000008081ba8                ADMA_UART1_MOD_INT_DriverIRQHandler
                0x0000000008081ba8                HSIO_PCIEB_DMA_INT_DriverIRQHandler
                0x0000000008081ba8                Reserved76_IRQHandler
                0x0000000008081ba8                Reserved86_IRQHandler
                0x0000000008081ba8                Reserved295_IRQHandler
                0x0000000008081ba8                Reserved506_IRQHandler
                0x0000000008081ba8                LSIO_PWM1_INT_IRQHandler
                0x0000000008081ba8                Reserved248_IRQHandler
                0x0000000008081ba8                Reserved85_IRQHandler
                0x0000000008081ba8                Reserved64_IRQHandler
                0x0000000008081ba8                Reserved376_IRQHandler
                0x0000000008081ba8                Reserved234_IRQHandler
                0x0000000008081ba8                Reserved225_IRQHandler
                0x0000000008081ba8                ADMA_ESAI0_INT_DriverIRQHandler
                0x0000000008081ba8                M4_INTMUX_SOURCE_MU0_A2_DriverIRQHandler
                0x0000000008081ba8                ADMA_SAI1_MOD_INT_DriverIRQHandler
                0x0000000008081ba8                Reserved188_IRQHandler
                0x0000000008081ba8                Reserved545_IRQHandler
                0x0000000008081ba8                IRQSTEER_5_DriverIRQHandler
                0x0000000008081ba8                Reserved103_IRQHandler
                0x0000000008081ba8                ADMA_SAI3_INT_DriverIRQHandler
                0x0000000008081ba8                IMAGING_MJPEG_DEC1_INT_IRQHandler
                0x0000000008081ba8                ADMA_SPI0_INT_DriverIRQHandler
                0x0000000008081ba8                Reserved308_IRQHandler
                0x0000000008081ba8                Reserved293_IRQHandler
                0x0000000008081ba8                IRQSTEER_4_DriverIRQHandler
                0x0000000008081ba8                Reserved114_IRQHandler
                0x0000000008081ba8                ADMA_I2C3_MOD_INT_DriverIRQHandler
                0x0000000008081ba8                LSIO_MU6_INT_B_IRQHandler
                0x0000000008081ba8                Reserved604_IRQHandler
                0x0000000008081ba8                SCU_INT_OUT4_IRQHandler
                0x0000000008081ba8                Reserved19_IRQHandler
                0x0000000008081ba8                LSIO_GPIO_INT3_IRQHandler
                0x0000000008081ba8                Reserved578_IRQHandler
                0x0000000008081ba8                LSIO_MU8_INT_A_IRQHandler
                0x0000000008081ba8                Reserved74_IRQHandler
                0x0000000008081ba8                Reserved89_IRQHandler
                0x0000000008081ba8                LSIO_KPP_INT_IRQHandler
                0x0000000008081ba8                Reserved59_IRQHandler
                0x0000000008081ba8                ADMA_SAI0_INT_DriverIRQHandler
                0x0000000008081ba8                Reserved79_IRQHandler
                0x0000000008081ba8                Reserved137_IRQHandler
                0x0000000008081ba8                DISPLAY0_INT_OUT9_IRQHandler
                0x0000000008081ba8                LSIO_MU11_INT_B_IRQHandler
                0x0000000008081ba8                Reserved29_IRQHandler
                0x0000000008081ba8                Reserved272_IRQHandler
                0x0000000008081ba8                IMAGING_PDMA_STREAM3_INT_DriverIRQHandler
                0x0000000008081ba8                Reserved263_IRQHandler
                0x0000000008081ba8                SCU_SYS_COUNT_INT3_IRQHandler
                0x0000000008081ba8                M4_INTMUX_SOURCE_LPIT_DriverIRQHandler
                0x0000000008081ba8                Reserved571_IRQHandler
                0x0000000008081ba8                ADMA_FLEXCAN1_INT_DriverIRQHandler
                0x0000000008081ba8                ADMA_I2C0_INT_DriverIRQHandler
                0x0000000008081ba8                ADMA_UART3_MOD_INT_DriverIRQHandler
                0x0000000008081ba8                SECURITY_MU1_A_INT_IRQHandler
                0x0000000008081ba8                Reserved309_IRQHandler
                0x0000000008081ba8                DISPLAY0_INT_OUT2_IRQHandler
                0x0000000008081ba8                Reserved68_IRQHandler
                0x0000000008081ba8                IMAGING_MJPEG_DEC0_INT_IRQHandler
                0x0000000008081ba8                Reserved77_IRQHandler
                0x0000000008081ba8                Reserved559_IRQHandler
                0x0000000008081ba8                Reserved424_IRQHandler
                0x0000000008081ba8                Reserved560_IRQHandler
                0x0000000008081ba8                Reserved84_IRQHandler
                0x0000000008081ba8                Reserved381_IRQHandler
                0x0000000008081ba8                LSIO_MU4_INT_IRQHandler
                0x0000000008081ba8                Reserved426_IRQHandler
                0x0000000008081ba8                Reserved450_IRQHandler
                0x0000000008081ba8                Reserved155_IRQHandler
                0x0000000008081ba8                Reserved157_IRQHandler
                0x0000000008081ba8                IMAGING_MJPEG_ENC3_INT_IRQHandler
                0x0000000008081ba8                Reserved92_IRQHandler
                0x0000000008081ba8                ADMA_SAI4_INT_DriverIRQHandler
                0x0000000008081ba8                M4_MU0_B1_IRQHandler
                0x0000000008081ba8                IMAGING_PDMA_STREAM5_INT_DriverIRQHandler
                0x0000000008081ba8                Reserved42_IRQHandler
                0x0000000008081ba8                Reserved36_IRQHandler
                0x0000000008081ba8                Reserved22_IRQHandler
                0x0000000008081ba8                CONNECTIVITY_ENET1_FRAME1_INT_DriverIRQHandler
                0x0000000008081ba8                SCU_INT_OUT3_IRQHandler
                0x0000000008081ba8                Reserved75_IRQHandler
                0x0000000008081ba8                DRC_ECC_NCORRECT_INT_IRQHandler
                0x0000000008081ba8                Reserved280_IRQHandler
                0x0000000008081ba8                LSIO_MU7_INT_A_IRQHandler
                0x0000000008081ba8                Reserved268_IRQHandler
                0x0000000008081ba8                LSIO_PWM2_INT_IRQHandler
                0x0000000008081ba8                ADMA_SAI5_INT_DriverIRQHandler
                0x0000000008081ba8                Reserved176_IRQHandler
                0x0000000008081ba8                Reserved294_IRQHandler
                0x0000000008081ba8                ADMA_FLEXCAN2_INT_DriverIRQHandler
                0x0000000008081ba8                Reserved233_IRQHandler
                0x0000000008081ba8                ADMA_UART2_MOD_INT_DriverIRQHandler
                0x0000000008081ba8                Reserved596_IRQHandler
                0x0000000008081ba8                Reserved224_IRQHandler
                0x0000000008081ba8                Reserved489_IRQHandler
                0x0000000008081ba8                Reserved39_IRQHandler
                0x0000000008081ba8                Reserved427_IRQHandler
                0x0000000008081ba8                Reserved310_IRQHandler
                0x0000000008081ba8                DRC_PERF_CNT_INT_IRQHandler
                0x0000000008081ba8                VPU_VPU_INT_0_IRQHandler
                0x0000000008081ba8                UsageFault_Handler
                0x0000000008081ba8                Reserved562_IRQHandler
                0x0000000008081ba8                ADMA_ASRC0_INT2_DriverIRQHandler
                0x0000000008081ba8                Reserved265_IRQHandler
                0x0000000008081ba8                LSIO_MU9_INT_A_IRQHandler
                0x0000000008081ba8                Reserved330_IRQHandler
                0x0000000008081ba8                Reserved156_IRQHandler
                0x0000000008081ba8                M4_INTMUX_SOURCE_TPM_DriverIRQHandler
                0x0000000008081ba8                LSIO_MU11_INT_A_IRQHandler
                0x0000000008081ba8                Reserved57_IRQHandler
                0x0000000008081ba8                Reserved257_IRQHandler
                0x0000000008081ba8                ADMA_SPI0_MOD_INT_DriverIRQHandler
                0x0000000008081ba8                Reserved500_IRQHandler
                0x0000000008081ba8                ADMA_FLEXCAN1_MOD_INT_DriverIRQHandler
                0x0000000008081ba8                VPU_VPU_INT_1_IRQHandler
                0x0000000008081ba8                DefaultISR
                0x0000000008081ba8                MIPI_DSI0_INT_OUT_DriverIRQHandler
                0x0000000008081ba8                Reserved250_IRQHandler
                0x0000000008081ba8                Reserved34_IRQHandler
                0x0000000008081ba8                Reserved58_IRQHandler
                0x0000000008081ba8                Reserved264_IRQHandler
                0x0000000008081ba8                Reserved261_IRQHandler
                0x0000000008081ba8                ADMA_SPI2_MOD_INT_DriverIRQHandler
                0x0000000008081ba8                Reserved392_IRQHandler
                0x0000000008081ba8                Reserved82_IRQHandler
                0x0000000008081ba8                Reserved25_IRQHandler
                0x0000000008081ba8                Reserved298_IRQHandler
                0x0000000008081ba8                Reserved24_IRQHandler
                0x0000000008081ba8                Reserved582_IRQHandler
                0x0000000008081ba8                Reserved581_IRQHandler
                0x0000000008081ba8                Reserved129_IRQHandler
                0x0000000008081ba8                Reserved591_IRQHandler
                0x0000000008081ba8                Reserved267_IRQHandler
                0x0000000008081ba8                Reserved71_IRQHandler
                0x0000000008081ba8                LSIO_PWM4_INT_IRQHandler
                0x0000000008081ba8                Reserved177_IRQHandler
                0x0000000008081ba8                Reserved69_IRQHandler
                0x0000000008081ba8                Reserved132_IRQHandler
                0x0000000008081ba8                DISPLAY0_INT_OUT12_IRQHandler
                0x0000000008081ba8                IRQSTEER_2_DriverIRQHandler
                0x0000000008081ba8                ADMA_EDMA3_INT_DriverIRQHandler
                0x0000000008081ba8                SCU_SYS_COUNT_INT2_IRQHandler
                0x0000000008081ba8                Reserved33_IRQHandler
                0x0000000008081ba8                ADMA_I2C3_INT_DriverIRQHandler
                0x0000000008081ba8                ADMA_GPT4_INT_DriverIRQHandler
                0x0000000008081ba8                ADMA_SPDIF0_TX_MOD_INT_DriverIRQHandler
                0x0000000008081ba8                Reserved253_IRQHandler
                0x0000000008081ba8                Reserved449_IRQHandler
                0x0000000008081ba8                Reserved164_IRQHandler
                0x0000000008081ba8                Reserved274_IRQHandler
                0x0000000008081ba8                Reserved70_IRQHandler
                0x0000000008081ba8                HSIO_PCIEB_MSI_CTRL_INT_IRQHandler
                0x0000000008081ba8                LSIO_GPT0_INT_IRQHandler
                0x0000000008081ba8                Reserved590_IRQHandler
                0x0000000008081ba8                M4_INT_OUT4_IRQHandler
                0x0000000008081ba8                SCU_SYS_COUNT_INT0_IRQHandler
                0x0000000008081ba8                Reserved377_IRQHandler
                0x0000000008081ba8                MIPI_CSI0_OUT_INT_IRQHandler
                0x0000000008081ba8                LSIO_GPT3_INT_IRQHandler
                0x0000000008081ba8                ADMA_EDMA0_INT_DriverIRQHandler
                0x0000000008081ba8                Reserved232_IRQHandler
                0x0000000008081ba8                Reserved389_IRQHandler
                0x0000000008081ba8                HSIO_PCIEB_INT_D_IRQHandler
                0x0000000008081ba8                LSIO_PWM5_INT_IRQHandler
                0x0000000008081ba8                LSIO_GPIO_INT5_IRQHandler
                0x0000000008081ba8                Reserved510_IRQHandler
                0x0000000008081ba8                CONNECTIVITY_ENET0_FRAME0_EVENT_INT_DriverIRQHandler
                0x0000000008081ba8                DISPLAY0_INT_OUT10_IRQHandler
                0x0000000008081ba8                Reserved128_IRQHandler
                0x0000000008081ba8                Reserved78_IRQHandler
                0x0000000008081ba8                LSIO_OCTASPI0_INT_DriverIRQHandler
                0x0000000008081ba8                Reserved501_IRQHandler
                0x0000000008081ba8                IMAGING_PDMA_STREAM2_INT_DriverIRQHandler
                0x0000000008081ba8                Reserved606_IRQHandler
                0x0000000008081ba8                Reserved95_IRQHandler
                0x0000000008081ba8                LSIO_PWM6_INT_IRQHandler
                0x0000000008081ba8                Reserved384_IRQHandler
                0x0000000008081ba8                Reserved27_IRQHandler
                0x0000000008081ba8                Reserved154_IRQHandler
                0x0000000008081ba8                LSIO_GPIO_INT1_IRQHandler
                0x0000000008081ba8                LSIO_MU12_INT_A_IRQHandler
                0x0000000008081ba8                Reserved126_IRQHandler
                0x0000000008081ba8                Reserved561_IRQHandler
                0x0000000008081ba8                IMAGING_PDMA_STREAM6_INT_DriverIRQHandler
                0x0000000008081ba8                M4_TPM_IRQHandler
                0x0000000008081ba8                Reserved256_IRQHandler
                0x0000000008081ba8                DISPLAY0_INT_OUT3_IRQHandler
                0x0000000008081ba8                ADMA_SAI4_MOD_INT_DriverIRQHandler
                0x0000000008081ba8                Reserved252_IRQHandler
                0x0000000008081ba8                M4_SW_IRQHandler
                0x0000000008081ba8                Reserved579_IRQHandler
                0x0000000008081ba8                SECURITY_MU3_A_INT_IRQHandler
                0x0000000008081ba8                IMAGING_MSI_INT_IRQHandler
                0x0000000008081ba8                Reserved532_IRQHandler
                0x0000000008081ba8                Reserved297_IRQHandler
                0x0000000008081ba8                LSIO_GPIO_INT7_IRQHandler
                0x0000000008081ba8                Reserved172_IRQHandler
                0x0000000008081ba8                M4_MU0_B0_IRQHandler
                0x0000000008081ba8                M4_INT_OUT3_IRQHandler
                0x0000000008081ba8                Reserved108_IRQHandler
                0x0000000008081ba8                M4_MCM_IRQHandler
                0x0000000008081ba8                ADMA_FTM0_MOD_INT_DriverIRQHandler
                0x0000000008081ba8                LSIO_MU8_INT_B_IRQHandler
                0x0000000008081ba8                Reserved72_IRQHandler
                0x0000000008081ba8                ADMA_ASRC0_INT1_DriverIRQHandler
                0x0000000008081ba8                Reserved585_IRQHandler
                0x0000000008081ba8                Reserved259_IRQHandler
                0x0000000008081ba8                Reserved296_IRQHandler
                0x0000000008081ba8                DISPLAY0_INT_OUT4_IRQHandler
                0x0000000008081ba8                Reserved110_IRQHandler
                0x0000000008081ba8                Reserved187_IRQHandler
                0x0000000008081ba8                DISPLAY0_INT_OUT11_IRQHandler
                0x0000000008081ba8                Reserved174_IRQHandler
                0x0000000008081ba8                Reserved464_IRQHandler
                0x0000000008081ba8                Reserved603_IRQHandler
                0x0000000008081ba8                Reserved382_IRQHandler
                0x0000000008081ba8                LSIO_OCTASPI1_INT_DriverIRQHandler
                0x0000000008081ba8                Reserved20_IRQHandler
                0x0000000008081ba8                Reserved249_IRQHandler
                0x0000000008081ba8                Reserved107_IRQHandler
                0x0000000008081ba8                Reserved352_IRQHandler
                0x0000000008081ba8                Reserved37_IRQHandler
                0x0000000008081ba8                CONNECTIVITY_USB_OTG_INT_IRQHandler
                0x0000000008081ba8                Reserved173_IRQHandler
                0x0000000008081ba8                ADMA_SPI3_MOD_INT_DriverIRQHandler
                0x0000000008081ba8                Reserved125_IRQHandler
                0x0000000008081ba8                ADMA_ASRC1_INT2_DriverIRQHandler
                0x0000000008081ba8                M4_INTMUX_SOURCE_LPUART_DriverIRQHandler
                0x0000000008081ba8                IMAGING_MJPEG_DEC3_INT_IRQHandler
                0x0000000008081ba8                M4_INTMUX_SOURCE_MU0_A1_DriverIRQHandler
                0x0000000008081ba8                Reserved98_IRQHandler
                0x0000000008081ba8                Reserved17_IRQHandler
                0x0000000008081ba8                CONNECTIVITY_USDHC2_INT_DriverIRQHandler
                0x0000000008081ba8                CONNECTIVITY_ND_FLASH_GPMI_INT_IRQHandler
                0x0000000008081ba8                ADMA_FTM1_INT_DriverIRQHandler
                0x0000000008081ba8                IMAGING_PDMA_STREAM4_INT_DriverIRQHandler
                0x0000000008081ba8                Reserved189_IRQHandler
                0x0000000008081ba8                Reserved443_IRQHandler
                0x0000000008081ba8                SCU_INT_OUT6_IRQHandler
                0x0000000008081ba8                Reserved595_IRQHandler
                0x0000000008081ba8                Reserved47_IRQHandler
                0x0000000008081ba8                Reserved271_IRQHandler
                0x0000000008081ba8                Reserved258_IRQHandler
                0x0000000008081ba8                ADMA_EDMA2_INT_DriverIRQHandler
                0x0000000008081ba8                Reserved102_IRQHandler
                0x0000000008081ba8                M4_INT_OUT5_IRQHandler
                0x0000000008081ba8                IMAGING_PDMA_STREAM0_INT_DriverIRQHandler
                0x0000000008081ba8                Reserved599_IRQHandler
                0x0000000008081ba8                CONNECTIVITY_UTMI_INT_IRQHandler
                0x0000000008081ba8                Reserved32_IRQHandler
                0x0000000008081ba8                Reserved311_IRQHandler
                0x0000000008081ba8                Reserved354_IRQHandler
                0x0000000008081ba8                Reserved542_IRQHandler
                0x0000000008081ba8                Reserved190_IRQHandler
                0x0000000008081ba8                Reserved231_IRQHandler
                0x0000000008081ba8                Reserved282_IRQHandler
                0x0000000008081ba8                Reserved260_IRQHandler
                0x0000000008081ba8                Reserved386_IRQHandler
                0x0000000008081ba8                Reserved513_IRQHandler
                0x0000000008081ba8                DISPLAY0_INT_OUT6_IRQHandler
                0x0000000008081ba8                Reserved594_IRQHandler
                0x0000000008081ba8                Reserved105_IRQHandler
                0x0000000008081ba8                SECURITY_CAAM_RTIC_INT_IRQHandler
                0x0000000008081ba8                Reserved573_IRQHandler
                0x0000000008081ba8                ADMA_UART0_MOD_INT_DriverIRQHandler
                0x0000000008081ba8                Reserved269_IRQHandler
                0x0000000008081ba8                Reserved570_IRQHandler
                0x0000000008081ba8                IMAGING_MJPEG_ENC0_INT_IRQHandler
                0x0000000008081ba8                Reserved104_IRQHandler
                0x0000000008081ba8                Reserved31_IRQHandler
                0x0000000008081ba8                LSIO_MU10_INT_A_IRQHandler
                0x0000000008081ba8                Reserved101_IRQHandler
                0x0000000008081ba8                Reserved223_IRQHandler
                0x0000000008081ba8                HSIO_PCIEB_GPIO_WAKEUP0_IRQHandler
                0x0000000008081ba8                SCU_INT_OUT7_IRQHandler
                0x0000000008081ba8                Reserved569_IRQHandler
                0x0000000008081ba8                CONNECTIVITY_USDHC0_INT_DriverIRQHandler
                0x0000000008081ba8                ADMA_FTM1_MOD_INT_DriverIRQHandler
                0x0000000008081ba8                ADMA_ASRC1_INT1_DriverIRQHandler
                0x0000000008081ba8                HSIO_PCIEB_GPIO_WAKEUP1_IRQHandler
                0x0000000008081ba8                Reserved135_IRQHandler
                0x0000000008081ba8                IMAGING_MJPEG_ENC1_INT_IRQHandler
                0x0000000008081ba8                CONNECTIVITY_USB_HOST_INT_IRQHandler
                0x0000000008081ba8                A35_NEXTERRIRQ_IRQHandler
                0x0000000008081ba8                CONNECTIVITY_ENET0_FRAME1_INT_DriverIRQHandler
                0x0000000008081ba8                M4_INT_OUT2_IRQHandler
                0x0000000008081ba8                CONNECTIVITY_ENET0_FRAME2_INT_DriverIRQHandler
                0x0000000008081ba8                M4_INT_OUT6_IRQHandler
                0x0000000008081ba8                ADMA_SPDIF0_RX_INT_DriverIRQHandler
                0x0000000008081ba8                SECURITY_CAAM_INT2_IRQHandler
                0x0000000008081ba8                M4_LPIT_IRQHandler
                0x0000000008081ba8                Reserved511_IRQHandler
                0x0000000008081ba8                LSIO_MU13_INT_A_IRQHandler
                0x0000000008081ba8                CONNECTIVITY_MLB_AHB_INT_IRQHandler
                0x0000000008081ba8                MemManage_Handler
                0x0000000008081ba8                Reserved90_IRQHandler
                0x0000000008081ba8                HSIO_PCIEB_INT_B_IRQHandler
                0x0000000008081ba8                Reserved83_IRQHandler
                0x0000000008081ba8                LSIO_MU7_INT_B_IRQHandler
                0x0000000008081ba8                ADMA_GPT5_INT_DriverIRQHandler
                0x0000000008081ba8                Reserved133_IRQHandler
                0x0000000008081ba8                Reserved425_IRQHandler
                0x0000000008081ba8                CONNECTIVITY_DTCP_INT_IRQHandler
                0x0000000008081ba8                Reserved185_IRQHandler
                0x0000000008081ba8                Reserved421_IRQHandler
                0x0000000008081ba8                Reserved254_IRQHandler
                0x0000000008081ba8                Reserved109_IRQHandler
                0x0000000008081ba8                IRQSTEER_7_DriverIRQHandler
                0x0000000008081ba8                Reserved514_IRQHandler
                0x0000000008081ba8                Reserved379_IRQHandler
                0x0000000008081ba8                Reserved432_IRQHandler
                0x0000000008081ba8                Reserved244_IRQHandler
                0x0000000008081ba8                Reserved340_IRQHandler
                0x0000000008081ba8                Reserved255_IRQHandler
                0x0000000008081ba8                Reserved541_IRQHandler
                0x0000000008081ba8                Reserved420_IRQHandler
                0x0000000008081ba8                ADMA_SAI5_MOD_INT_DriverIRQHandler
                0x0000000008081ba8                Reserved160_IRQHandler
                0x0000000008081ba8                LSIO_PWM3_INT_IRQHandler
                0x0000000008081ba8                LSIO_GPT2_INT_IRQHandler
                0x0000000008081ba8                Reserved262_IRQHandler
                0x0000000008081ba8                Reserved171_IRQHandler
                0x0000000008081ba8                Reserved123_IRQHandler
                0x0000000008081ba8                DISPLAY0_INT_OUT7_IRQHandler
                0x0000000008081ba8                Reserved378_IRQHandler
                0x0000000008081ba8                ADMA_I2C2_INT_DriverIRQHandler
                0x0000000008081ba8                M4_INT_OUT1_IRQHandler
                0x0000000008081ba8                Reserved97_IRQHandler
                0x0000000008081ba8                LSIO_MU5_INT_A_IRQHandler
                0x0000000008081ba8                CONNECTIVITY_WAKEUP_INT_IRQHandler
                0x0000000008081ba8                ADMA_SPI3_INT_DriverIRQHandler
                0x0000000008081ba8                Reserved91_IRQHandler
                0x0000000008081ba8                Reserved127_IRQHandler
                0x0000000008081ba8                ADMA_I2C1_INT_DriverIRQHandler
                0x0000000008081ba8                M4_INT_OUT7_IRQHandler
                0x0000000008081ba8                VPU_VPU_INT_4_IRQHandler
                0x0000000008081ba8                Reserved390_IRQHandler
                0x0000000008081ba8                Reserved391_IRQHandler
                0x0000000008081ba8                Reserved26_IRQHandler
                0x0000000008081ba8                Reserved152_IRQHandler
                0x0000000008081ba8                Reserved245_IRQHandler
                0x0000000008081ba8                LCD_MOD_INT_IRQHandler
                0x0000000008081ba8                GPU0_XAQ2_INTR_IRQHandler
                0x0000000008081ba8                Reserved131_IRQHandler
                0x0000000008081ba8                M4_INTMUX_SOURCE_MU0_A3_DriverIRQHandler
                0x0000000008081ba8                Reserved81_IRQHandler
                0x0000000008081ba8                M4_INTMUX_SOURCE_MU0_A0_DriverIRQHandler
                0x0000000008081ba8                Reserved251_IRQHandler
                0x0000000008081ba8                Reserved46_IRQHandler
                0x0000000008081ba8                Reserved273_IRQHandler
                0x0000000008081ba8                SECURITY_CAAM_INT0_IRQHandler
                0x0000000008081ba8                Reserved246_IRQHandler
                0x0000000008081ba8                Reserved314_IRQHandler
                0x0000000008081ba8                A35_NINTERRIRQ_IRQHandler
                0x0000000008081ba8                Reserved597_IRQHandler
                0x0000000008081ba8                M4_MU1_A_IRQHandler
                0x0000000008081ba8                Reserved598_IRQHandler
                0x0000000008081ba8                CONNECTIVITY_APBHDMA_DriverIRQHandler
                0x0000000008081ba8                Reserved394_IRQHandler
                0x0000000008081ba8                Reserved270_IRQHandler
                0x0000000008081ba8                Reserved23_IRQHandler
                0x0000000008081ba8                IMAGING_MJPEG_ENC2_INT_IRQHandler
                0x0000000008081ba8                Reserved266_IRQHandler
                0x0000000008081ba8                LSIO_MU1_INT_IRQHandler
                0x0000000008081ba8                Reserved94_IRQHandler
                0x0000000008081ba8                M4_MU0_B2_IRQHandler
                0x0000000008081ba8                Reserved226_IRQHandler
                0x0000000008081ba8                LSIO_PWM7_INT_IRQHandler
                0x0000000008081ba8                ADMA_I2C1_MOD_INT_DriverIRQHandler
                0x0000000008081ba8                Reserved488_IRQHandler
                0x0000000008081ba8                Reserved574_IRQHandler
                0x0000000008081ba8                Reserved323_IRQHandler
                0x0000000008081ba8                IRQSTEER_3_DriverIRQHandler
                0x0000000008081ba8                LSIO_MU0_INT_IRQHandler
                0x0000000008081ba8                ADMA_GPT2_INT_DriverIRQHandler
                0x0000000008081ba8                ADMA_FLEXCAN0_INT_DriverIRQHandler
                0x0000000008081ba8                Reserved136_IRQHandler
                0x0000000008081ba8                ADMA_GPT1_INT_DriverIRQHandler
                0x0000000008081ba8                Reserved138_IRQHandler
                0x0000000008081ba8                VPU_VPU_INT_3_IRQHandler
                0x0000000008081ba8                Reserved112_IRQHandler
                0x0000000008081ba8                Reserved587_IRQHandler
                0x0000000008081ba8                Reserved434_IRQHandler
                0x0000000008081ba8                Reserved30_IRQHandler
                0x0000000008081ba8                ADMA_SAI2_MOD_INT_DriverIRQHandler
                0x0000000008081ba8                Reserved73_IRQHandler
                0x0000000008081ba8                Reserved605_IRQHandler
                0x0000000008081ba8                HSIO_PCIEB_INT_A_IRQHandler
                0x0000000008081ba8                Reserved393_IRQHandler
                0x0000000008081ba8                Reserved130_IRQHandler
                0x0000000008081ba8                Reserved600_IRQHandler
                0x0000000008081ba8                Reserved546_IRQHandler
                0x0000000008081ba8                Reserved531_IRQHandler
                0x0000000008081ba8                LSIO_MU3_INT_IRQHandler
                0x0000000008081ba8                SCU_SYS_COUNT_INT1_IRQHandler
                0x0000000008081ba8                CONNECTIVITY_ENET0_TIMER_INT_DriverIRQHandler
                0x0000000008081ba8                Reserved186_IRQHandler
                0x0000000008081ba8                LSIO_GPT4_INT_IRQHandler
                0x0000000008081ba8                SCU_INT_OUT1_IRQHandler
                0x0000000008081ba8                DISPLAY0_INT_OUT5_IRQHandler
                0x0000000008081ba8                VPU_VPU_INT_2_IRQHandler
                0x0000000008081ba8                Reserved169_IRQHandler
                0x0000000008081ba8                SCU_INT_OUT0_IRQHandler
                0x0000000008081ba8                LSIO_MU9_INT_B_IRQHandler
                0x0000000008081ba8                LSIO_MU6_INT_A_IRQHandler
                0x0000000008081ba8                Reserved385_IRQHandler
                0x0000000008081ba8                Reserved601_IRQHandler
                0x0000000008081ba8                Reserved575_IRQHandler
                0x0000000008081ba8                Reserved106_IRQHandler
                0x0000000008081ba8                Reserved312_IRQHandler
                0x0000000008081ba8                Reserved313_IRQHandler
                0x0000000008081ba8                Reserved592_IRQHandler
                0x0000000008081ba8                ADMA_ADC0_MOD_INT_DriverIRQHandler
                0x0000000008081ba8                ADMA_SPI1_MOD_INT_DriverIRQHandler
                0x0000000008081ba8                LSIO_MU12_INT_B_IRQHandler
                0x0000000008081ba8                Reserved577_IRQHandler
                0x0000000008081ba8                LSIO_PWM0_INT_IRQHandler
                0x0000000008081ba8                SCU_INT_OUT5_IRQHandler
                0x0000000008081ba8                Reserved412_IRQHandler
                0x0000000008081ba8                M4_INTMUX_SOURCE_LPI2C_DriverIRQHandler
                0x0000000008081ba8                ADMA_SAI1_INT_DriverIRQHandler
                0x0000000008081ba8                Reserved175_IRQHandler
                0x0000000008081ba8                Reserved170_IRQHandler
                0x0000000008081ba8                Reserved292_IRQHandler
                0x0000000008081ba8                CONNECTIVITY_ENET1_FRAME0_EVENT_INT_DriverIRQHandler
                0x0000000008081ba8                Reserved28_IRQHandler
                0x0000000008081ba8                Reserved544_IRQHandler
                0x0000000008081ba8                Reserved80_IRQHandler
                0x0000000008081ba8                LSIO_GPIO_INT6_IRQHandler
                0x0000000008081ba8                LSIO_GPT1_INT_IRQHandler
                0x0000000008081ba8                Reserved353_IRQHandler
                0x0000000008081ba8                M4_LPI2C_DriverIRQHandler
                0x0000000008081ba8                Reserved543_IRQHandler
                0x0000000008081ba8                CONNECTIVITY_DMA_INT_DriverIRQHandler
                0x0000000008081ba8                Reserved124_IRQHandler
                0x0000000008081ba8                Reserved44_IRQHandler
                0x0000000008081ba8                Reserved63_IRQHandler
                0x0000000008081ba8                ADMA_FLEXCAN0_MOD_INT_DriverIRQHandler
                0x0000000008081ba8                HSIO_PCIEB_SMLH_REQ_RST_IRQHandler
                0x0000000008081ba8                Reserved507_IRQHandler
                0x0000000008081ba8                Reserved247_IRQHandler
                0x0000000008081ba8                Reserved40_IRQHandler
                0x0000000008081ba8                LSIO_GPIO_INT0_IRQHandler
                0x0000000008081ba8                ADMA_SAI0_MOD_INT_DriverIRQHandler
                0x0000000008081ba8                IRQSTEER_0_DriverIRQHandler
                0x0000000008081ba8                Reserved329_IRQHandler
                0x0000000008081ba8                Reserved351_IRQHandler
                0x0000000008081ba8                CONNECTIVITY_MLB_INT_IRQHandler
                0x0000000008081ba8                SECURITY_CAAM_INT3_IRQHandler
                0x0000000008081ba8                Reserved350_IRQHandler
                0x0000000008081ba8                SECURITY_CAAM_INT1_IRQHandler
                0x0000000008081ba8                M4_INT_OUT0_IRQHandler
                0x0000000008081ba8                IRQSTEER_6_DriverIRQHandler
                0x0000000008081ba8                Reserved56_IRQHandler
                0x0000000008081ba8                Reserved465_IRQHandler
                0x0000000008081ba8                DISPLAY0_INT_OUT0_IRQHandler
                0x0000000008081ba8                BusFault_Handler
                0x0000000008081ba8                Reserved87_IRQHandler
                0x0000000008081ba8                Reserved93_IRQHandler
                0x0000000008081ba8                DISPLAY0_RESERVED_IRQHandler
                0x0000000008081ba8                Reserved395_IRQHandler
                0x0000000008081ba8                CONNECTIVITY_ND_FLASH_BCH_INT_IRQHandler
                0x0000000008081ba8                MIPI_DSI1_INT_OUT_DriverIRQHandler
                0x0000000008081ba8                Reserved388_IRQHandler
                0x0000000008081ba8                Reserved383_IRQHandler
                0x0000000008081ba8                Reserved433_IRQHandler
                0x0000000008081ba8                DRC_ECC_CORRECT_INT_IRQHandler
                0x0000000008081ba8                Reserved593_IRQHandler
                0x0000000008081ba8                Reserved457_IRQHandler
                0x0000000008081ba8                HSIO_PCIEB_CLK_REQ_INT_IRQHandler
                0x0000000008081ba8                Reserved589_IRQHandler
                0x0000000008081ba8                IMAGING_PDMA_STREAM1_INT_DriverIRQHandler
                0x0000000008081ba8                ADMA_GPT0_INT_DriverIRQHandler
                0x0000000008081ba8                ADMA_FTM0_INT_DriverIRQHandler
                0x0000000008081ba8                Reserved348_IRQHandler
                0x0000000008081ba8                ADMA_I2C0_MOD_INT_DriverIRQHandler
                0x0000000008081ba8                CONNECTIVITY_ENET1_FRAME2_INT_DriverIRQHandler
                0x0000000008081ba8                Reserved568_IRQHandler
                0x0000000008081ba8                Reserved328_IRQHandler
                0x0000000008081ba8                LSIO_GPIO_INT4_IRQHandler
                0x0000000008081ba8                LSIO_GPIO_INT2_IRQHandler
                0x0000000008081ba8                Reserved281_IRQHandler
                0x0000000008081ba8                LCD_PWM_INT_IRQHandler
                0x0000000008081ba8                LSIO_MU5_INT_B_IRQHandler
                0x0000000008081ba8                Reserved380_IRQHandler
                0x0000000008081ba8                Reserved349_IRQHandler
                0x0000000008081ba8                CONNECTIVITY_ENET1_TIMER_INT_DriverIRQHandler
                0x0000000008081ba8                SCU_INT_OUT2_IRQHandler
                0x0000000008081ba8                ADMA_SAI3_MOD_INT_DriverIRQHandler
                0x0000000008081ba8                ADMA_ESAI0_MOD_INT_DriverIRQHandler
                0x0000000008081ba8                Reserved584_IRQHandler
                0x0000000008081ba8                Reserved572_IRQHandler
                0x0000000008081ba8                Reserved466_IRQHandler
                0x0000000008081ba8                ADMA_SAI2_INT_DriverIRQHandler
                0x0000000008081ba8                Reserved602_IRQHandler
                0x0000000008081ba8                HSIO_PCIEB_INT_C_IRQHandler
                0x0000000008081ba8                Reserved576_IRQHandler
                0x0000000008081ba8                ADMA_SPI2_INT_DriverIRQHandler
                0x0000000008081ba8                ADMA_FLEXCAN2_MOD_INT_DriverIRQHandler
                0x0000000008081ba8                Reserved113_IRQHandler
                0x0000000008081ba8                IMAGING_PDMA_STREAM7_INT_DriverIRQHandler
                0x0000000008081ba8                Reserved67_IRQHandler
                0x0000000008081bac                NMI_Handler
                0x0000000008081bb0                HardFault_Handler
                0x0000000008081bb4                SVC_Handler
                0x0000000008081bb8                PendSV_Handler
                0x0000000008081bbc                SysTick_Handler
                0x0000000008081bc0                M4_LPUART_IRQHandler
                0x0000000008081bc4                M4_LPI2C_IRQHandler
                0x0000000008081bc8                IRQSTEER_0_IRQHandler
                0x0000000008081bcc                IRQSTEER_1_IRQHandler
                0x0000000008081bd0                IRQSTEER_2_IRQHandler
                0x0000000008081bd4                IRQSTEER_3_IRQHandler
                0x0000000008081bd8                IRQSTEER_4_IRQHandler
                0x0000000008081bdc                IRQSTEER_5_IRQHandler
                0x0000000008081be0                IRQSTEER_6_IRQHandler
                0x0000000008081be4                IRQSTEER_7_IRQHandler
                0x0000000008081be8                MIPI_DSI0_INT_OUT_IRQHandler
                0x0000000008081bec                MIPI_DSI1_INT_OUT_IRQHandler
                0x0000000008081bf0                ADMA_EDMA2_INT_IRQHandler
                0x0000000008081bf4                ADMA_EDMA2_ERR_INT_IRQHandler
                0x0000000008081bf8                ADMA_EDMA3_INT_IRQHandler
                0x0000000008081bfc                ADMA_EDMA3_ERR_INT_IRQHandler
                0x0000000008081c00                LSIO_OCTASPI0_INT_IRQHandler
                0x0000000008081c04                LSIO_OCTASPI1_INT_IRQHandler
                0x0000000008081c08                HSIO_PCIEB_DMA_INT_IRQHandler
                0x0000000008081c0c                ADMA_SPI0_INT_IRQHandler
                0x0000000008081c10                ADMA_SPI1_INT_IRQHandler
                0x0000000008081c14                ADMA_SPI2_INT_IRQHandler
                0x0000000008081c18                ADMA_SPI3_INT_IRQHandler
                0x0000000008081c1c                ADMA_I2C0_INT_IRQHandler
                0x0000000008081c20                ADMA_I2C1_INT_IRQHandler
                0x0000000008081c24                ADMA_I2C2_INT_IRQHandler
                0x0000000008081c28                ADMA_I2C3_INT_IRQHandler
                0x0000000008081c2c                ADMA_UART0_INT_IRQHandler
                0x0000000008081c30                ADMA_UART1_INT_IRQHandler
                0x0000000008081c34                ADMA_UART2_INT_IRQHandler
                0x0000000008081c38                ADMA_UART3_INT_IRQHandler
                0x0000000008081c3c                CONNECTIVITY_USDHC0_INT_IRQHandler
                0x0000000008081c40                CONNECTIVITY_USDHC1_INT_IRQHandler
                0x0000000008081c44                CONNECTIVITY_USDHC2_INT_IRQHandler
                0x0000000008081c48                ADMA_FLEXCAN0_INT_IRQHandler
                0x0000000008081c4c                ADMA_FLEXCAN1_INT_IRQHandler
                0x0000000008081c50                ADMA_FLEXCAN2_INT_IRQHandler
                0x0000000008081c54                ADMA_FTM0_INT_IRQHandler
                0x0000000008081c58                ADMA_FTM1_INT_IRQHandler
                0x0000000008081c5c                ADMA_ADC0_INT_IRQHandler
                0x0000000008081c60                ADMA_EXTERNAL_DMA_INT_0_IRQHandler
                0x0000000008081c64                ADMA_EXTERNAL_DMA_INT_1_IRQHandler
                0x0000000008081c68                ADMA_EXTERNAL_DMA_INT_2_IRQHandler
                0x0000000008081c6c                ADMA_EXTERNAL_DMA_INT_3_IRQHandler
                0x0000000008081c70                ADMA_EXTERNAL_DMA_INT_4_IRQHandler
                0x0000000008081c74                ADMA_EXTERNAL_DMA_INT_5_IRQHandler
                0x0000000008081c78                CONNECTIVITY_ENET0_FRAME1_INT_IRQHandler
                0x0000000008081c7c                CONNECTIVITY_ENET0_FRAME2_INT_IRQHandler
                0x0000000008081c80                CONNECTIVITY_ENET0_FRAME0_EVENT_INT_IRQHandler
                0x0000000008081c84                CONNECTIVITY_ENET0_TIMER_INT_IRQHandler
                0x0000000008081c88                CONNECTIVITY_ENET1_FRAME1_INT_IRQHandler
                0x0000000008081c8c                CONNECTIVITY_ENET1_FRAME2_INT_IRQHandler
                0x0000000008081c90                CONNECTIVITY_ENET1_FRAME0_EVENT_INT_IRQHandler
                0x0000000008081c94                CONNECTIVITY_ENET1_TIMER_INT_IRQHandler
                0x0000000008081c98                CONNECTIVITY_APBHDMA_IRQHandler
                0x0000000008081c9c                CONNECTIVITY_DMA_INT_IRQHandler
                0x0000000008081ca0                CONNECTIVITY_DMA_ERR_INT_IRQHandler
                0x0000000008081ca4                IMAGING_PDMA_STREAM0_INT_IRQHandler
                0x0000000008081ca8                IMAGING_PDMA_STREAM1_INT_IRQHandler
                0x0000000008081cac                IMAGING_PDMA_STREAM2_INT_IRQHandler
                0x0000000008081cb0                IMAGING_PDMA_STREAM3_INT_IRQHandler
                0x0000000008081cb4                IMAGING_PDMA_STREAM4_INT_IRQHandler
                0x0000000008081cb8                IMAGING_PDMA_STREAM5_INT_IRQHandler
                0x0000000008081cbc                IMAGING_PDMA_STREAM6_INT_IRQHandler
                0x0000000008081cc0                IMAGING_PDMA_STREAM7_INT_IRQHandler
                0x0000000008081cc4                ADMA_SAI0_MOD_INT_IRQHandler
                0x0000000008081cc8                ADMA_SAI0_DMA_INT_IRQHandler
                0x0000000008081ccc                ADMA_SAI1_MOD_INT_IRQHandler
                0x0000000008081cd0                ADMA_SAI1_DMA_INT_IRQHandler
                0x0000000008081cd4                ADMA_SAI2_MOD_INT_IRQHandler
                0x0000000008081cd8                ADMA_SAI2_DMA_INT_IRQHandler
                0x0000000008081cdc                ADMA_SAI3_MOD_INT_IRQHandler
                0x0000000008081ce0                ADMA_SAI3_DMA_INT_IRQHandler
                0x0000000008081ce4                ADMA_SAI4_MOD_INT_IRQHandler
                0x0000000008081ce8                ADMA_SAI4_DMA_INT_IRQHandler
                0x0000000008081cec                ADMA_SAI5_MOD_INT_IRQHandler
                0x0000000008081cf0                ADMA_SAI5_DMA_INT_IRQHandler
                0x0000000008081cf4                ADMA_SPI0_MOD_INT_IRQHandler
                0x0000000008081cf8                ADMA_SPI1_MOD_INT_IRQHandler
                0x0000000008081cfc                ADMA_SPI2_MOD_INT_IRQHandler
                0x0000000008081d00                ADMA_SPI3_MOD_INT_IRQHandler
                0x0000000008081d04                ADMA_I2C0_MOD_INT_IRQHandler
                0x0000000008081d08                ADMA_I2C1_MOD_INT_IRQHandler
                0x0000000008081d0c                ADMA_I2C2_MOD_INT_IRQHandler
                0x0000000008081d10                ADMA_I2C3_MOD_INT_IRQHandler
                0x0000000008081d14                ADMA_UART0_MOD_INT_IRQHandler
                0x0000000008081d18                ADMA_UART1_MOD_INT_IRQHandler
                0x0000000008081d1c                ADMA_UART2_MOD_INT_IRQHandler
                0x0000000008081d20                ADMA_UART3_MOD_INT_IRQHandler
                0x0000000008081d24                ADMA_FLEXCAN0_MOD_INT_IRQHandler
                0x0000000008081d28                ADMA_FLEXCAN1_MOD_INT_IRQHandler
                0x0000000008081d2c                ADMA_FLEXCAN2_MOD_INT_IRQHandler
                0x0000000008081d30                ADMA_FTM0_MOD_INT_IRQHandler
                0x0000000008081d34                ADMA_FTM1_MOD_INT_IRQHandler
                0x0000000008081d38                ADMA_ADC0_MOD_INT_IRQHandler
                0x0000000008081d3c                ADMA_FLEXCAN0_DMA_INT_IRQHandler
                0x0000000008081d40                ADMA_FLEXCAN1_DMA_INT_IRQHandler
                0x0000000008081d44                ADMA_FLEXCAN2_DMA_INT_IRQHandler
                0x0000000008081d48                ADMA_FTM0_DMA_INT_IRQHandler
                0x0000000008081d4c                ADMA_FTM1_DMA_INT_IRQHandler
                0x0000000008081d50                ADMA_ADC0_DMA_INT_IRQHandler
                0x0000000008081d54                ADMA_EDMA0_INT_IRQHandler
                0x0000000008081d58                ADMA_EDMA0_ERR_INT_IRQHandler
                0x0000000008081d5c                ADMA_EDMA1_INT_IRQHandler
                0x0000000008081d60                ADMA_EDMA1_ERR_INT_IRQHandler
                0x0000000008081d64                ADMA_ASRC0_INT1_IRQHandler
                0x0000000008081d68                ADMA_ASRC0_INT2_IRQHandler
                0x0000000008081d6c                ADMA_DMA0_CH0_INT_IRQHandler
                0x0000000008081d70                ADMA_DMA0_CH1_INT_IRQHandler
                0x0000000008081d74                ADMA_DMA0_CH2_INT_IRQHandler
                0x0000000008081d78                ADMA_DMA0_CH3_INT_IRQHandler
                0x0000000008081d7c                ADMA_DMA0_CH4_INT_IRQHandler
                0x0000000008081d80                ADMA_DMA0_CH5_INT_IRQHandler
                0x0000000008081d84                ADMA_ASRC1_INT1_IRQHandler
                0x0000000008081d88                ADMA_ASRC1_INT2_IRQHandler
                0x0000000008081d8c                ADMA_DMA1_CH0_INT_IRQHandler
                0x0000000008081d90                ADMA_DMA1_CH1_INT_IRQHandler
                0x0000000008081d94                ADMA_DMA1_CH2_INT_IRQHandler
                0x0000000008081d98                ADMA_DMA1_CH3_INT_IRQHandler
                0x0000000008081d9c                ADMA_DMA1_CH4_INT_IRQHandler
                0x0000000008081da0                ADMA_DMA1_CH5_INT_IRQHandler
                0x0000000008081da4                ADMA_ESAI0_INT_IRQHandler
                0x0000000008081da8                ADMA_GPT0_INT_IRQHandler
                0x0000000008081dac                ADMA_GPT1_INT_IRQHandler
                0x0000000008081db0                ADMA_GPT2_INT_IRQHandler
                0x0000000008081db4                ADMA_GPT3_INT_IRQHandler
                0x0000000008081db8                ADMA_GPT4_INT_IRQHandler
                0x0000000008081dbc                ADMA_GPT5_INT_IRQHandler
                0x0000000008081dc0                ADMA_SAI0_INT_IRQHandler
                0x0000000008081dc4                ADMA_SAI1_INT_IRQHandler
                0x0000000008081dc8                ADMA_SAI2_INT_IRQHandler
                0x0000000008081dcc                ADMA_SAI3_INT_IRQHandler
                0x0000000008081dd0                ADMA_SAI4_INT_IRQHandler
                0x0000000008081dd4                ADMA_SAI5_INT_IRQHandler
                0x0000000008081dd8                ADMA_SPDIF0_RX_INT_IRQHandler
                0x0000000008081ddc                ADMA_SPDIF0_TX_INT_IRQHandler
                0x0000000008081de0                ADMA_ESAI0_MOD_INT_IRQHandler
                0x0000000008081de4                ADMA_ESAI0_DMA_INT_IRQHandler
                0x0000000008081de8                ADMA_SPI0_DMA_RX_INT_IRQHandler
                0x0000000008081dec                ADMA_SPI0_DMA_TX_INT_IRQHandler
                0x0000000008081df0                ADMA_SPI1_DMA_RX_INT_IRQHandler
                0x0000000008081df4                ADMA_SPI1_DMA_TX_INT_IRQHandler
                0x0000000008081df8                ADMA_SPI2_DMA_RX_INT_IRQHandler
                0x0000000008081dfc                ADMA_SPI2_DMA_TX_INT_IRQHandler
                0x0000000008081e00                ADMA_SPI3_DMA_RX_INT_IRQHandler
                0x0000000008081e04                ADMA_SPI3_DMA_TX_INT_IRQHandler
                0x0000000008081e08                ADMA_I2C0_DMA_RX_INT_IRQHandler
                0x0000000008081e0c                ADMA_I2C0_DMA_TX_INT_IRQHandler
                0x0000000008081e10                ADMA_I2C1_DMA_RX_INT_IRQHandler
                0x0000000008081e14                ADMA_I2C1_DMA_TX_INT_IRQHandler
                0x0000000008081e18                ADMA_I2C2_DMA_RX_INT_IRQHandler
                0x0000000008081e1c                ADMA_I2C2_DMA_TX_INT_IRQHandler
                0x0000000008081e20                ADMA_I2C3_DMA_RX_INT_IRQHandler
                0x0000000008081e24                ADMA_I2C3_DMA_TX_INT_IRQHandler
                0x0000000008081e28                ADMA_UART0_DMA_RX_INT_IRQHandler
                0x0000000008081e2c                ADMA_UART0_DMA_TX_INT_IRQHandler
                0x0000000008081e30                ADMA_UART1_DMA_RX_INT_IRQHandler
                0x0000000008081e34                ADMA_UART1_DMA_TX_INT_IRQHandler
                0x0000000008081e38                ADMA_UART2_DMA_RX_INT_IRQHandler
                0x0000000008081e3c                ADMA_UART2_DMA_TX_INT_IRQHandler
                0x0000000008081e40                ADMA_UART3_DMA_RX_INT_IRQHandler
                0x0000000008081e44                ADMA_UART3_DMA_TX_INT_IRQHandler
                0x0000000008081e48                ADMA_SPDIF0_RX_MOD_INT_IRQHandler
                0x0000000008081e4c                ADMA_SPDIF0_RX_DMA_INT_IRQHandler
                0x0000000008081e50                ADMA_SPDIF0_TX_MOD_INT_IRQHandler
                0x0000000008081e54                ADMA_SPDIF0_TX_DMA_INT_IRQHandler
                0x0000000008081e58                M4_INTMUX_SOURCE_TPM_IRQHandler
                0x0000000008081e5c                M4_INTMUX_SOURCE_LPIT_IRQHandler
                0x0000000008081e60                M4_INTMUX_SOURCE_LPUART_IRQHandler
                0x0000000008081e64                M4_INTMUX_SOURCE_LPI2C_IRQHandler
                0x0000000008081e68                M4_INTMUX_SOURCE_MU0_A3_IRQHandler
                0x0000000008081e6c                M4_INTMUX_SOURCE_MU0_A2_IRQHandler
                0x0000000008081e70                M4_INTMUX_SOURCE_MU0_A1_IRQHandler
                0x0000000008081e74                M4_INTMUX_SOURCE_MU0_A0_IRQHandler
 .text          0x000000000808204c       0x10 /home/ben/Toradex/LinuxDevelop/FreeRTOS/Colibri-iMX8X/gcc-arm-none-eabi-9-2020-q2-update/bin/../lib/gcc/arm-none-eabi/9.3.1/../../../../arm-none-eabi/lib/thumb/v7e-m+fp/hard/libc_nano.a(lib_a-strlen.o)
                0x000000000808204c                strlen
 *(.text*)
 .text.main     0x000000000808205c       0x3c CMakeFiles/hello_world.elf.dir/home/ben/Toradex/LinuxDevelop/FreeRTOS/Colibri-iMX8X/SDK_2_9_0_MEK-MIMX8QX/boards/mekmimx8qx/demo_apps/hello_world/hello_world.c.obj
                0x000000000808205c                main
 .text.BOARD_InitPins
                0x0000000008082098       0x7c CMakeFiles/hello_world.elf.dir/home/ben/Toradex/LinuxDevelop/FreeRTOS/Colibri-iMX8X/SDK_2_9_0_MEK-MIMX8QX/boards/mekmimx8qx/demo_apps/hello_world/pin_mux.c.obj
                0x0000000008082098                BOARD_InitPins
 .text.BOARD_InitRpc
                0x0000000008082114       0x5c CMakeFiles/hello_world.elf.dir/home/ben/Toradex/LinuxDevelop/FreeRTOS/Colibri-iMX8X/SDK_2_9_0_MEK-MIMX8QX/boards/mekmimx8qx/demo_apps/hello_world/board.c.obj
                0x0000000008082114                BOARD_InitRpc
 .text.BOARD_InitDebugConsole
                0x0000000008082170       0x50 CMakeFiles/hello_world.elf.dir/home/ben/Toradex/LinuxDevelop/FreeRTOS/Colibri-iMX8X/SDK_2_9_0_MEK-MIMX8QX/boards/mekmimx8qx/demo_apps/hello_world/board.c.obj
                0x0000000008082170                BOARD_InitDebugConsole
 .text.BOARD_InitMemory
                0x00000000080821c0      0x120 CMakeFiles/hello_world.elf.dir/home/ben/Toradex/LinuxDevelop/FreeRTOS/Colibri-iMX8X/SDK_2_9_0_MEK-MIMX8QX/boards/mekmimx8qx/demo_apps/hello_world/board.c.obj
                0x00000000080821c0                BOARD_InitMemory
 .text.BOARD_BootClockRUN
                0x00000000080822e0        0xc CMakeFiles/hello_world.elf.dir/home/ben/Toradex/LinuxDevelop/FreeRTOS/Colibri-iMX8X/SDK_2_9_0_MEK-MIMX8QX/boards/mekmimx8qx/demo_apps/hello_world/clock_config.c.obj
                0x00000000080822e0                BOARD_BootClockRUN
 .text.DbgConsole_Init
                0x00000000080822ec       0x74 CMakeFiles/hello_world.elf.dir/home/ben/Toradex/LinuxDevelop/FreeRTOS/Colibri-iMX8X/SDK_2_9_0_MEK-MIMX8QX/devices/MIMX8QX6/utilities/debug_console_lite/fsl_debug_console.c.obj
                0x00000000080822ec                DbgConsole_Init
 .text.DbgConsole_Printf
                0x0000000008082360       0x40 CMakeFiles/hello_world.elf.dir/home/ben/Toradex/LinuxDevelop/FreeRTOS/Colibri-iMX8X/SDK_2_9_0_MEK-MIMX8QX/devices/MIMX8QX6/utilities/debug_console_lite/fsl_debug_console.c.obj
                0x0000000008082360                DbgConsole_Printf
 .text.DbgConsole_Putchar
                0x00000000080823a0       0x30 CMakeFiles/hello_world.elf.dir/home/ben/Toradex/LinuxDevelop/FreeRTOS/Colibri-iMX8X/SDK_2_9_0_MEK-MIMX8QX/devices/MIMX8QX6/utilities/debug_console_lite/fsl_debug_console.c.obj
                0x00000000080823a0                DbgConsole_Putchar
 .text.DbgConsole_Getchar
                0x00000000080823d0       0x3c CMakeFiles/hello_world.elf.dir/home/ben/Toradex/LinuxDevelop/FreeRTOS/Colibri-iMX8X/SDK_2_9_0_MEK-MIMX8QX/devices/MIMX8QX6/utilities/debug_console_lite/fsl_debug_console.c.obj
                0x00000000080823d0                DbgConsole_Getchar
 .text.DbgConsole_PrintfPaddingCharacter
                0x000000000808240c       0x40 CMakeFiles/hello_world.elf.dir/home/ben/Toradex/LinuxDevelop/FreeRTOS/Colibri-iMX8X/SDK_2_9_0_MEK-MIMX8QX/devices/MIMX8QX6/utilities/debug_console_lite/fsl_debug_console.c.obj
 .text.DbgConsole_ConvertRadixNumToString
                0x000000000808244c      0x110 CMakeFiles/hello_world.elf.dir/home/ben/Toradex/LinuxDevelop/FreeRTOS/Colibri-iMX8X/SDK_2_9_0_MEK-MIMX8QX/devices/MIMX8QX6/utilities/debug_console_lite/fsl_debug_console.c.obj
 .text.DbgConsole_PrintfFormattedData
                0x000000000808255c      0x3bc CMakeFiles/hello_world.elf.dir/home/ben/Toradex/LinuxDevelop/FreeRTOS/Colibri-iMX8X/SDK_2_9_0_MEK-MIMX8QX/devices/MIMX8QX6/utilities/debug_console_lite/fsl_debug_console.c.obj
 .text.HAL_UartGetStatus
                0x0000000008082918       0x28 CMakeFiles/hello_world.elf.dir/home/ben/Toradex/LinuxDevelop/FreeRTOS/Colibri-iMX8X/SDK_2_9_0_MEK-MIMX8QX/components/uart/fsl_adapter_lpuart.c.obj
 .text.HAL_UartInit
                0x0000000008082940      0x128 CMakeFiles/hello_world.elf.dir/home/ben/Toradex/LinuxDevelop/FreeRTOS/Colibri-iMX8X/SDK_2_9_0_MEK-MIMX8QX/components/uart/fsl_adapter_lpuart.c.obj
                0x0000000008082940                HAL_UartInit
 .text.HAL_UartReceiveBlocking
                0x0000000008082a68       0x8c CMakeFiles/hello_world.elf.dir/home/ben/Toradex/LinuxDevelop/FreeRTOS/Colibri-iMX8X/SDK_2_9_0_MEK-MIMX8QX/components/uart/fsl_adapter_lpuart.c.obj
                0x0000000008082a68                HAL_UartReceiveBlocking
 .text.HAL_UartSendBlocking
                0x0000000008082af4       0x84 CMakeFiles/hello_world.elf.dir/home/ben/Toradex/LinuxDevelop/FreeRTOS/Colibri-iMX8X/SDK_2_9_0_MEK-MIMX8QX/components/uart/fsl_adapter_lpuart.c.obj
                0x0000000008082af4                HAL_UartSendBlocking
 .text.CLOCK_Init
                0x0000000008082b78       0x20 CMakeFiles/hello_world.elf.dir/home/ben/Toradex/LinuxDevelop/FreeRTOS/Colibri-iMX8X/SDK_2_9_0_MEK-MIMX8QX/devices/MIMX8QX6/drivers/fsl_clock.c.obj
                0x0000000008082b78                CLOCK_Init
 .text.CLOCK_EnableClockExt
                0x0000000008082b98       0x60 CMakeFiles/hello_world.elf.dir/home/ben/Toradex/LinuxDevelop/FreeRTOS/Colibri-iMX8X/SDK_2_9_0_MEK-MIMX8QX/devices/MIMX8QX6/drivers/fsl_clock.c.obj
                0x0000000008082b98                CLOCK_EnableClockExt
 .text.CLOCK_SetIpFreq
                0x0000000008082bf8       0x44 CMakeFiles/hello_world.elf.dir/home/ben/Toradex/LinuxDevelop/FreeRTOS/Colibri-iMX8X/SDK_2_9_0_MEK-MIMX8QX/devices/MIMX8QX6/drivers/fsl_clock.c.obj
                0x0000000008082bf8                CLOCK_SetIpFreq
 .text.CLOCK_SetLpcgGate
                0x0000000008082c3c       0x78 CMakeFiles/hello_world.elf.dir/home/ben/Toradex/LinuxDevelop/FreeRTOS/Colibri-iMX8X/SDK_2_9_0_MEK-MIMX8QX/devices/MIMX8QX6/drivers/fsl_clock.c.obj
                0x0000000008082c3c                CLOCK_SetLpcgGate
 .text.CLOCK_ConfigLPCG
                0x0000000008082cb4      0x904 CMakeFiles/hello_world.elf.dir/home/ben/Toradex/LinuxDevelop/FreeRTOS/Colibri-iMX8X/SDK_2_9_0_MEK-MIMX8QX/devices/MIMX8QX6/drivers/fsl_clock.c.obj
                0x0000000008082cb4                CLOCK_ConfigLPCG
 .text.sc_call_rpc
                0x00000000080835b8       0x2c CMakeFiles/hello_world.elf.dir/home/ben/Toradex/LinuxDevelop/FreeRTOS/Colibri-iMX8X/SDK_2_9_0_MEK-MIMX8QX/devices/MIMX8QX6/scfw_api/main/ipc_imx8qx.c.obj
                0x00000000080835b8                sc_call_rpc
 .text.sc_ipc_open
                0x00000000080835e4       0x40 CMakeFiles/hello_world.elf.dir/home/ben/Toradex/LinuxDevelop/FreeRTOS/Colibri-iMX8X/SDK_2_9_0_MEK-MIMX8QX/devices/MIMX8QX6/scfw_api/main/ipc_imx8qx.c.obj
                0x00000000080835e4                sc_ipc_open
 .text.sc_ipc_read
                0x0000000008083624       0xa2 CMakeFiles/hello_world.elf.dir/home/ben/Toradex/LinuxDevelop/FreeRTOS/Colibri-iMX8X/SDK_2_9_0_MEK-MIMX8QX/devices/MIMX8QX6/scfw_api/main/ipc_imx8qx.c.obj
                0x0000000008083624                sc_ipc_read
 .text.sc_ipc_write
                0x00000000080836c6       0x9e CMakeFiles/hello_world.elf.dir/home/ben/Toradex/LinuxDevelop/FreeRTOS/Colibri-iMX8X/SDK_2_9_0_MEK-MIMX8QX/devices/MIMX8QX6/scfw_api/main/ipc_imx8qx.c.obj
                0x00000000080836c6                sc_ipc_write
 .text.sc_misc_boot_done
                0x0000000008083764       0x40 CMakeFiles/hello_world.elf.dir/home/ben/Toradex/LinuxDevelop/FreeRTOS/Colibri-iMX8X/SDK_2_9_0_MEK-MIMX8QX/devices/MIMX8QX6/scfw_api/svc/misc/misc_rpc_clnt.c.obj
                0x0000000008083764                sc_misc_boot_done
 .text.sc_pad_set_all
                0x00000000080837a4       0x66 CMakeFiles/hello_world.elf.dir/home/ben/Toradex/LinuxDevelop/FreeRTOS/Colibri-iMX8X/SDK_2_9_0_MEK-MIMX8QX/devices/MIMX8QX6/scfw_api/svc/pad/pad_rpc_clnt.c.obj
                0x00000000080837a4                sc_pad_set_all
 .text.sc_pm_set_resource_power_mode
                0x000000000808380a       0x48 CMakeFiles/hello_world.elf.dir/home/ben/Toradex/LinuxDevelop/FreeRTOS/Colibri-iMX8X/SDK_2_9_0_MEK-MIMX8QX/devices/MIMX8QX6/scfw_api/svc/pm/pm_rpc_clnt.c.obj
                0x000000000808380a                sc_pm_set_resource_power_mode
 .text.sc_pm_set_clock_rate
                0x0000000008083852       0x56 CMakeFiles/hello_world.elf.dir/home/ben/Toradex/LinuxDevelop/FreeRTOS/Colibri-iMX8X/SDK_2_9_0_MEK-MIMX8QX/devices/MIMX8QX6/scfw_api/svc/pm/pm_rpc_clnt.c.obj
                0x0000000008083852                sc_pm_set_clock_rate
 .text.sc_pm_get_clock_rate
                0x00000000080838a8       0x56 CMakeFiles/hello_world.elf.dir/home/ben/Toradex/LinuxDevelop/FreeRTOS/Colibri-iMX8X/SDK_2_9_0_MEK-MIMX8QX/devices/MIMX8QX6/scfw_api/svc/pm/pm_rpc_clnt.c.obj
                0x00000000080838a8                sc_pm_get_clock_rate
 .text.sc_pm_clock_enable
                0x00000000080838fe       0x70 CMakeFiles/hello_world.elf.dir/home/ben/Toradex/LinuxDevelop/FreeRTOS/Colibri-iMX8X/SDK_2_9_0_MEK-MIMX8QX/devices/MIMX8QX6/scfw_api/svc/pm/pm_rpc_clnt.c.obj
                0x00000000080838fe                sc_pm_clock_enable
 .text.CLOCK_EnableClock
                0x000000000808396e       0x1a CMakeFiles/hello_world.elf.dir/home/ben/Toradex/LinuxDevelop/FreeRTOS/Colibri-iMX8X/SDK_2_9_0_MEK-MIMX8QX/devices/MIMX8QX6/drivers/fsl_lpuart.c.obj
 .text.LPUART_SoftwareReset
                0x0000000008083988       0x2c CMakeFiles/hello_world.elf.dir/home/ben/Toradex/LinuxDevelop/FreeRTOS/Colibri-iMX8X/SDK_2_9_0_MEK-MIMX8QX/devices/MIMX8QX6/drivers/fsl_lpuart.c.obj
 .text.LPUART_GetInstance
                0x00000000080839b4       0x58 CMakeFiles/hello_world.elf.dir/home/ben/Toradex/LinuxDevelop/FreeRTOS/Colibri-iMX8X/SDK_2_9_0_MEK-MIMX8QX/devices/MIMX8QX6/drivers/fsl_lpuart.c.obj
                0x00000000080839b4                LPUART_GetInstance
 .text.LPUART_Init
                0x0000000008083a0c      0x3dc CMakeFiles/hello_world.elf.dir/home/ben/Toradex/LinuxDevelop/FreeRTOS/Colibri-iMX8X/SDK_2_9_0_MEK-MIMX8QX/devices/MIMX8QX6/drivers/fsl_lpuart.c.obj
                0x0000000008083a0c                LPUART_Init
 .text.LPUART_GetDefaultConfig
                0x0000000008083de8       0x98 CMakeFiles/hello_world.elf.dir/home/ben/Toradex/LinuxDevelop/FreeRTOS/Colibri-iMX8X/SDK_2_9_0_MEK-MIMX8QX/devices/MIMX8QX6/drivers/fsl_lpuart.c.obj
                0x0000000008083de8                LPUART_GetDefaultConfig
 .text.LPUART_GetStatusFlags
                0x0000000008083e80       0x2c CMakeFiles/hello_world.elf.dir/home/ben/Toradex/LinuxDevelop/FreeRTOS/Colibri-iMX8X/SDK_2_9_0_MEK-MIMX8QX/devices/MIMX8QX6/drivers/fsl_lpuart.c.obj
                0x0000000008083e80                LPUART_GetStatusFlags
 .text.LPUART_ClearStatusFlags
                0x0000000008083eac       0xa4 CMakeFiles/hello_world.elf.dir/home/ben/Toradex/LinuxDevelop/FreeRTOS/Colibri-iMX8X/SDK_2_9_0_MEK-MIMX8QX/devices/MIMX8QX6/drivers/fsl_lpuart.c.obj
                0x0000000008083eac                LPUART_ClearStatusFlags
 .text.LPUART_WriteBlocking
                0x0000000008083f50       0x78 CMakeFiles/hello_world.elf.dir/home/ben/Toradex/LinuxDevelop/FreeRTOS/Colibri-iMX8X/SDK_2_9_0_MEK-MIMX8QX/devices/MIMX8QX6/drivers/fsl_lpuart.c.obj
                0x0000000008083f50                LPUART_WriteBlocking
 .text.LPUART_ReadBlocking
                0x0000000008083fc8      0x170 CMakeFiles/hello_world.elf.dir/home/ben/Toradex/LinuxDevelop/FreeRTOS/Colibri-iMX8X/SDK_2_9_0_MEK-MIMX8QX/devices/MIMX8QX6/drivers/fsl_lpuart.c.obj
                0x0000000008083fc8                LPUART_ReadBlocking
 .text.M4_LPUART_DriverIRQHandler
                0x0000000008084138       0x34 CMakeFiles/hello_world.elf.dir/home/ben/Toradex/LinuxDevelop/FreeRTOS/Colibri-iMX8X/SDK_2_9_0_MEK-MIMX8QX/devices/MIMX8QX6/drivers/fsl_lpuart.c.obj
                0x0000000008084138                M4_LPUART_DriverIRQHandler
 .text.ADMA_UART0_INT_DriverIRQHandler
                0x000000000808416c       0x34 CMakeFiles/hello_world.elf.dir/home/ben/Toradex/LinuxDevelop/FreeRTOS/Colibri-iMX8X/SDK_2_9_0_MEK-MIMX8QX/devices/MIMX8QX6/drivers/fsl_lpuart.c.obj
                0x000000000808416c                ADMA_UART0_INT_DriverIRQHandler
 .text.ADMA_UART1_INT_DriverIRQHandler
                0x00000000080841a0       0x34 CMakeFiles/hello_world.elf.dir/home/ben/Toradex/LinuxDevelop/FreeRTOS/Colibri-iMX8X/SDK_2_9_0_MEK-MIMX8QX/devices/MIMX8QX6/drivers/fsl_lpuart.c.obj
                0x00000000080841a0                ADMA_UART1_INT_DriverIRQHandler
 .text.ADMA_UART2_INT_DriverIRQHandler
                0x00000000080841d4       0x34 CMakeFiles/hello_world.elf.dir/home/ben/Toradex/LinuxDevelop/FreeRTOS/Colibri-iMX8X/SDK_2_9_0_MEK-MIMX8QX/devices/MIMX8QX6/drivers/fsl_lpuart.c.obj
                0x00000000080841d4                ADMA_UART2_INT_DriverIRQHandler
 .text.ADMA_UART3_INT_DriverIRQHandler
                0x0000000008084208       0x34 CMakeFiles/hello_world.elf.dir/home/ben/Toradex/LinuxDevelop/FreeRTOS/Colibri-iMX8X/SDK_2_9_0_MEK-MIMX8QX/devices/MIMX8QX6/drivers/fsl_lpuart.c.obj
                0x0000000008084208                ADMA_UART3_INT_DriverIRQHandler
 .text.__assert_func
                0x000000000808423c       0x28 CMakeFiles/hello_world.elf.dir/home/ben/Toradex/LinuxDevelop/FreeRTOS/Colibri-iMX8X/SDK_2_9_0_MEK-MIMX8QX/devices/MIMX8QX6/utilities/debug_console_lite/fsl_assert.c.obj
                0x000000000808423c                __assert_func
 .text.SystemInit
                0x0000000008084264       0xb8 CMakeFiles/hello_world.elf.dir/home/ben/Toradex/LinuxDevelop/FreeRTOS/Colibri-iMX8X/SDK_2_9_0_MEK-MIMX8QX/devices/MIMX8QX6/system_MIMX8QX6_cm4.c.obj
                0x0000000008084264                SystemInit
 .text.SystemCoreClockUpdate
                0x000000000808431c       0x3c CMakeFiles/hello_world.elf.dir/home/ben/Toradex/LinuxDevelop/FreeRTOS/Colibri-iMX8X/SDK_2_9_0_MEK-MIMX8QX/devices/MIMX8QX6/system_MIMX8QX6_cm4.c.obj
                0x000000000808431c                SystemCoreClockUpdate
 .text.SystemInitScfwIpc
                0x0000000008084358       0x38 CMakeFiles/hello_world.elf.dir/home/ben/Toradex/LinuxDevelop/FreeRTOS/Colibri-iMX8X/SDK_2_9_0_MEK-MIMX8QX/devices/MIMX8QX6/system_MIMX8QX6_cm4.c.obj
                0x0000000008084358                SystemInitScfwIpc
 .text.SystemGetScfwIpcHandle
                0x0000000008084390       0x18 CMakeFiles/hello_world.elf.dir/home/ben/Toradex/LinuxDevelop/FreeRTOS/Colibri-iMX8X/SDK_2_9_0_MEK-MIMX8QX/devices/MIMX8QX6/system_MIMX8QX6_cm4.c.obj
                0x0000000008084390                SystemGetScfwIpcHandle
 .text.exit     0x00000000080843a8       0x28 /home/ben/Toradex/LinuxDevelop/FreeRTOS/Colibri-iMX8X/gcc-arm-none-eabi-9-2020-q2-update/bin/../lib/gcc/arm-none-eabi/9.3.1/../../../../arm-none-eabi/lib/thumb/v7e-m+fp/hard/libc_nano.a(lib_a-exit.o)
                0x00000000080843a8                exit
 .text.__libc_init_array
                0x00000000080843d0       0x48 /home/ben/Toradex/LinuxDevelop/FreeRTOS/Colibri-iMX8X/gcc-arm-none-eabi-9-2020-q2-update/bin/../lib/gcc/arm-none-eabi/9.3.1/../../../../arm-none-eabi/lib/thumb/v7e-m+fp/hard/libc_nano.a(lib_a-init.o)
                0x00000000080843d0                __libc_init_array
 .text.memset   0x0000000008084418       0x10 /home/ben/Toradex/LinuxDevelop/FreeRTOS/Colibri-iMX8X/gcc-arm-none-eabi-9-2020-q2-update/bin/../lib/gcc/arm-none-eabi/9.3.1/../../../../arm-none-eabi/lib/thumb/v7e-m+fp/hard/libc_nano.a(lib_a-memset.o)
                0x0000000008084418                memset
 .text._exit    0x0000000008084428        0x4 /home/ben/Toradex/LinuxDevelop/FreeRTOS/Colibri-iMX8X/gcc-arm-none-eabi-9-2020-q2-update/bin/../lib/gcc/arm-none-eabi/9.3.1/../../../../arm-none-eabi/lib/thumb/v7e-m+fp/hard/libnosys.a(_exit.o)
                0x0000000008084428                _exit
 *(.rodata)
 .rodata        0x000000000808442c        0xf CMakeFiles/hello_world.elf.dir/home/ben/Toradex/LinuxDevelop/FreeRTOS/Colibri-iMX8X/SDK_2_9_0_MEK-MIMX8QX/boards/mekmimx8qx/demo_apps/hello_world/hello_world.c.obj
 *fill*         0x000000000808443b        0x1 
 .rodata        0x000000000808443c       0x86 CMakeFiles/hello_world.elf.dir/home/ben/Toradex/LinuxDevelop/FreeRTOS/Colibri-iMX8X/SDK_2_9_0_MEK-MIMX8QX/boards/mekmimx8qx/demo_apps/hello_world/pin_mux.c.obj
 *fill*         0x00000000080844c2        0x2 
 .rodata        0x00000000080844c4       0xd7 CMakeFiles/hello_world.elf.dir/home/ben/Toradex/LinuxDevelop/FreeRTOS/Colibri-iMX8X/SDK_2_9_0_MEK-MIMX8QX/boards/mekmimx8qx/demo_apps/hello_world/board.c.obj
 *fill*         0x000000000808459b        0x1 
 .rodata        0x000000000808459c      0x107 CMakeFiles/hello_world.elf.dir/home/ben/Toradex/LinuxDevelop/FreeRTOS/Colibri-iMX8X/SDK_2_9_0_MEK-MIMX8QX/components/uart/fsl_adapter_lpuart.c.obj
 *fill*         0x00000000080846a3        0x1 
 .rodata        0x00000000080846a4       0x79 CMakeFiles/hello_world.elf.dir/home/ben/Toradex/LinuxDevelop/FreeRTOS/Colibri-iMX8X/SDK_2_9_0_MEK-MIMX8QX/devices/MIMX8QX6/drivers/fsl_clock.c.obj
 *fill*         0x000000000808471d        0x3 
 .rodata        0x0000000008084720      0x1fa CMakeFiles/hello_world.elf.dir/home/ben/Toradex/LinuxDevelop/FreeRTOS/Colibri-iMX8X/SDK_2_9_0_MEK-MIMX8QX/devices/MIMX8QX6/drivers/fsl_lpuart.c.obj
 *fill*         0x000000000808491a        0x2 
 .rodata        0x000000000808491c       0x3e CMakeFiles/hello_world.elf.dir/home/ben/Toradex/LinuxDevelop/FreeRTOS/Colibri-iMX8X/SDK_2_9_0_MEK-MIMX8QX/devices/MIMX8QX6/utilities/debug_console_lite/fsl_assert.c.obj
 *(.rodata*)
 *fill*         0x000000000808495a        0x2 
 .rodata.__func__.13683
                0x000000000808495c        0xf CMakeFiles/hello_world.elf.dir/home/ben/Toradex/LinuxDevelop/FreeRTOS/Colibri-iMX8X/SDK_2_9_0_MEK-MIMX8QX/boards/mekmimx8qx/demo_apps/hello_world/pin_mux.c.obj
 *fill*         0x000000000808496b        0x1 
 .rodata.__func__.13912
                0x000000000808496c        0xe CMakeFiles/hello_world.elf.dir/home/ben/Toradex/LinuxDevelop/FreeRTOS/Colibri-iMX8X/SDK_2_9_0_MEK-MIMX8QX/boards/mekmimx8qx/demo_apps/hello_world/board.c.obj
 *fill*         0x000000000808497a        0x2 
 .rodata.__func__.13937
                0x000000000808497c       0x11 CMakeFiles/hello_world.elf.dir/home/ben/Toradex/LinuxDevelop/FreeRTOS/Colibri-iMX8X/SDK_2_9_0_MEK-MIMX8QX/boards/mekmimx8qx/demo_apps/hello_world/board.c.obj
 *fill*         0x000000000808498d        0x3 
 .rodata.s_LpuartAdapterBase
                0x0000000008084990       0x18 CMakeFiles/hello_world.elf.dir/home/ben/Toradex/LinuxDevelop/FreeRTOS/Colibri-iMX8X/SDK_2_9_0_MEK-MIMX8QX/components/uart/fsl_adapter_lpuart.c.obj
 .rodata.__func__.13879
                0x00000000080849a8        0xd CMakeFiles/hello_world.elf.dir/home/ben/Toradex/LinuxDevelop/FreeRTOS/Colibri-iMX8X/SDK_2_9_0_MEK-MIMX8QX/components/uart/fsl_adapter_lpuart.c.obj
 *fill*         0x00000000080849b5        0x3 
 .rodata.__func__.13892
                0x00000000080849b8       0x18 CMakeFiles/hello_world.elf.dir/home/ben/Toradex/LinuxDevelop/FreeRTOS/Colibri-iMX8X/SDK_2_9_0_MEK-MIMX8QX/components/uart/fsl_adapter_lpuart.c.obj
 .rodata.__func__.13899
                0x00000000080849d0       0x15 CMakeFiles/hello_world.elf.dir/home/ben/Toradex/LinuxDevelop/FreeRTOS/Colibri-iMX8X/SDK_2_9_0_MEK-MIMX8QX/components/uart/fsl_adapter_lpuart.c.obj
 *fill*         0x00000000080849e5        0x3 
 .rodata.__func__.13001
                0x00000000080849e8       0x11 CMakeFiles/hello_world.elf.dir/home/ben/Toradex/LinuxDevelop/FreeRTOS/Colibri-iMX8X/SDK_2_9_0_MEK-MIMX8QX/devices/MIMX8QX6/drivers/fsl_clock.c.obj
 *fill*         0x00000000080849f9        0x3 
 .rodata.s_lpuartBases
                0x00000000080849fc       0x18 CMakeFiles/hello_world.elf.dir/home/ben/Toradex/LinuxDevelop/FreeRTOS/Colibri-iMX8X/SDK_2_9_0_MEK-MIMX8QX/devices/MIMX8QX6/drivers/fsl_lpuart.c.obj
 .rodata.s_lpuartClock
                0x0000000008084a14       0x18 CMakeFiles/hello_world.elf.dir/home/ben/Toradex/LinuxDevelop/FreeRTOS/Colibri-iMX8X/SDK_2_9_0_MEK-MIMX8QX/devices/MIMX8QX6/drivers/fsl_lpuart.c.obj
 .rodata.__func__.13838
                0x0000000008084a2c       0x13 CMakeFiles/hello_world.elf.dir/home/ben/Toradex/LinuxDevelop/FreeRTOS/Colibri-iMX8X/SDK_2_9_0_MEK-MIMX8QX/devices/MIMX8QX6/drivers/fsl_lpuart.c.obj
 *fill*         0x0000000008084a3f        0x1 
 .rodata.__func__.13881
                0x0000000008084a40        0xc CMakeFiles/hello_world.elf.dir/home/ben/Toradex/LinuxDevelop/FreeRTOS/Colibri-iMX8X/SDK_2_9_0_MEK-MIMX8QX/devices/MIMX8QX6/drivers/fsl_lpuart.c.obj
 .rodata.__func__.13909
                0x0000000008084a4c       0x18 CMakeFiles/hello_world.elf.dir/home/ben/Toradex/LinuxDevelop/FreeRTOS/Colibri-iMX8X/SDK_2_9_0_MEK-MIMX8QX/devices/MIMX8QX6/drivers/fsl_lpuart.c.obj
 .rodata.__func__.13968
                0x0000000008084a64       0x15 CMakeFiles/hello_world.elf.dir/home/ben/Toradex/LinuxDevelop/FreeRTOS/Colibri-iMX8X/SDK_2_9_0_MEK-MIMX8QX/devices/MIMX8QX6/drivers/fsl_lpuart.c.obj
 *fill*         0x0000000008084a79        0x3 
 .rodata.__func__.13985
                0x0000000008084a7c       0x14 CMakeFiles/hello_world.elf.dir/home/ben/Toradex/LinuxDevelop/FreeRTOS/Colibri-iMX8X/SDK_2_9_0_MEK-MIMX8QX/devices/MIMX8QX6/drivers/fsl_lpuart.c.obj
 .rodata._global_impure_ptr
                0x0000000008084a90        0x4 /home/ben/Toradex/LinuxDevelop/FreeRTOS/Colibri-iMX8X/gcc-arm-none-eabi-9-2020-q2-update/bin/../lib/gcc/arm-none-eabi/9.3.1/../../../../arm-none-eabi/lib/thumb/v7e-m+fp/hard/libc_nano.a(lib_a-impure.o)
                0x0000000008084a90                _global_impure_ptr
 *(.glue_7)
 .glue_7        0x0000000008084a94        0x0 linker stubs
 *(.glue_7t)
 .glue_7t       0x0000000008084a94        0x0 linker stubs
 *(.eh_frame)
 .eh_frame      0x0000000008084a94        0x0 /home/ben/Toradex/LinuxDevelop/FreeRTOS/Colibri-iMX8X/gcc-arm-none-eabi-9-2020-q2-update/bin/../lib/gcc/arm-none-eabi/9.3.1/thumb/v7e-m+fp/hard/crtbegin.o
 *(.init)
 .init          0x0000000008084a94        0x4 /home/ben/Toradex/LinuxDevelop/FreeRTOS/Colibri-iMX8X/gcc-arm-none-eabi-9-2020-q2-update/bin/../lib/gcc/arm-none-eabi/9.3.1/thumb/v7e-m+fp/hard/crti.o
                0x0000000008084a94                _init
 .init          0x0000000008084a98        0x8 /home/ben/Toradex/LinuxDevelop/FreeRTOS/Colibri-iMX8X/gcc-arm-none-eabi-9-2020-q2-update/bin/../lib/gcc/arm-none-eabi/9.3.1/thumb/v7e-m+fp/hard/crtn.o
 *(.fini)
 .fini          0x0000000008084aa0        0x4 /home/ben/Toradex/LinuxDevelop/FreeRTOS/Colibri-iMX8X/gcc-arm-none-eabi-9-2020-q2-update/bin/../lib/gcc/arm-none-eabi/9.3.1/thumb/v7e-m+fp/hard/crti.o
                0x0000000008084aa0                _fini
 .fini          0x0000000008084aa4        0x8 /home/ben/Toradex/LinuxDevelop/FreeRTOS/Colibri-iMX8X/gcc-arm-none-eabi-9-2020-q2-update/bin/../lib/gcc/arm-none-eabi/9.3.1/thumb/v7e-m+fp/hard/crtn.o
                0x0000000008084ab0                . = ALIGN (0x8)
 *fill*         0x0000000008084aac        0x4 

.vfp11_veneer   0x0000000008084ab0        0x0
 .vfp11_veneer  0x0000000008084ab0        0x0 linker stubs

.v4_bx          0x0000000008084ab0        0x0
 .v4_bx         0x0000000008084ab0        0x0 linker stubs

.iplt           0x0000000008084ab0        0x0
 .iplt          0x0000000008084ab0        0x0 /home/ben/Toradex/LinuxDevelop/FreeRTOS/Colibri-iMX8X/gcc-arm-none-eabi-9-2020-q2-update/bin/../lib/gcc/arm-none-eabi/9.3.1/thumb/v7e-m+fp/hard/crtbegin.o

.ARM.extab
 *(.ARM.extab* .gnu.linkonce.armextab.*)

.ARM            0x0000000008084ab0        0x8
                0x0000000008084ab0                __exidx_start = .
 *(.ARM.exidx*)
 .ARM.exidx     0x0000000008084ab0        0x8 /home/ben/Toradex/LinuxDevelop/FreeRTOS/Colibri-iMX8X/gcc-arm-none-eabi-9-2020-q2-update/bin/../lib/gcc/arm-none-eabi/9.3.1/../../../../arm-none-eabi/lib/thumb/v7e-m+fp/hard/crt0.o
                                         0x10 (size before relaxing)
                0x0000000008084ab8                __exidx_end = .

.rel.dyn        0x0000000008084ab8        0x0
 .rel.iplt      0x0000000008084ab8        0x0 /home/ben/Toradex/LinuxDevelop/FreeRTOS/Colibri-iMX8X/gcc-arm-none-eabi-9-2020-q2-update/bin/../lib/gcc/arm-none-eabi/9.3.1/thumb/v7e-m+fp/hard/crtbegin.o

.ctors          0x0000000008084ab8        0x0
                0x0000000008084ab8                __CTOR_LIST__ = .
 *crtbegin.o(.ctors)
 *crtbegin?.o(.ctors)
 *(EXCLUDE_FILE(*crtend.o *crtend?.o) .ctors)
 *(SORT_BY_NAME(.ctors.*))
 *(.ctors)
                0x0000000008084ab8                __CTOR_END__ = .

.dtors          0x0000000008084ab8        0x0
                0x0000000008084ab8                __DTOR_LIST__ = .
 *crtbegin.o(.dtors)
 *crtbegin?.o(.dtors)
 *(EXCLUDE_FILE(*crtend.o *crtend?.o) .dtors)
 *(SORT_BY_NAME(.dtors.*))
 *(.dtors)
                0x0000000008084ab8                __DTOR_END__ = .

.preinit_array  0x0000000008084ab8        0x0
                0x0000000008084ab8                PROVIDE (__preinit_array_start = .)
 *(.preinit_array*)
                0x0000000008084ab8                PROVIDE (__preinit_array_end = .)

.init_array     0x0000000008084ab8        0x4
                0x0000000008084ab8                PROVIDE (__init_array_start = .)
 *(SORT_BY_NAME(.init_array.*))
 *(.init_array*)
 .init_array    0x0000000008084ab8        0x4 /home/ben/Toradex/LinuxDevelop/FreeRTOS/Colibri-iMX8X/gcc-arm-none-eabi-9-2020-q2-update/bin/../lib/gcc/arm-none-eabi/9.3.1/thumb/v7e-m+fp/hard/crtbegin.o
                0x0000000008084abc                PROVIDE (__init_array_end = .)

.fini_array     0x0000000008084abc        0x4
                [!provide]                        PROVIDE (__fini_array_start = .)
 *(SORT_BY_NAME(.fini_array.*))
 *(.fini_array*)
 .fini_array    0x0000000008084abc        0x4 /home/ben/Toradex/LinuxDevelop/FreeRTOS/Colibri-iMX8X/gcc-arm-none-eabi-9-2020-q2-update/bin/../lib/gcc/arm-none-eabi/9.3.1/thumb/v7e-m+fp/hard/crtbegin.o
                [!provide]                        PROVIDE (__fini_array_end = .)
                0x0000000008084ac0                __etext = .
                0x0000000008084ac0                __DATA_ROM = .

.data           0x0000000020000000       0x68 load address 0x0000000008084ac0
                0x0000000020000000                . = ALIGN (0x8)
                0x0000000020000000                __DATA_RAM = .
                0x0000000020000000                __data_start__ = .
 *(.data)
 *(.data*)
 .data.SystemCoreClock
                0x0000000020000000        0x4 CMakeFiles/hello_world.elf.dir/home/ben/Toradex/LinuxDevelop/FreeRTOS/Colibri-iMX8X/SDK_2_9_0_MEK-MIMX8QX/devices/MIMX8QX6/system_MIMX8QX6_cm4.c.obj
                0x0000000020000000                SystemCoreClock
 .data.impure_data
                0x0000000020000004       0x60 /home/ben/Toradex/LinuxDevelop/FreeRTOS/Colibri-iMX8X/gcc-arm-none-eabi-9-2020-q2-update/bin/../lib/gcc/arm-none-eabi/9.3.1/../../../../arm-none-eabi/lib/thumb/v7e-m+fp/hard/libc_nano.a(lib_a-impure.o)
 *(.jcr*)
                0x0000000020000068                . = ALIGN (0x8)
 *fill*         0x0000000020000064        0x4 
                0x0000000020000068                __data_end__ = .
                0x0000000008084b28                __TDATA_ROM = (__DATA_ROM + SIZEOF (.data))

.igot.plt       0x0000000020000068        0x0 load address 0x0000000008084b28
 .igot.plt      0x0000000020000068        0x0 /home/ben/Toradex/LinuxDevelop/FreeRTOS/Colibri-iMX8X/gcc-arm-none-eabi-9-2020-q2-update/bin/../lib/gcc/arm-none-eabi/9.3.1/thumb/v7e-m+fp/hard/crtbegin.o

.quickaccess    0x000000001ffe0020       0x60 load address 0x0000000008084b28
                0x000000001ffe0020                __quickaccess_start__ = .
                0x000000001ffe0020                . = ALIGN (0x20)
 *(CodeQuickAccess)
                0x000000001ffe002c                . = (. + SAFE_BOUNDARY_LEN)
 *fill*         0x000000001ffe0020        0xc 
 *(DataQuickAccess)
                0x000000001ffe0080                . = ALIGN (0x80)
 *fill*         0x000000001ffe002c       0x54 
                0x000000001ffe0080                __quickaccess_end__ = .
                0x0000000008081000                __CACHE_REGION_START = ORIGIN (m_interrupts)
                0x0000000000000000                __CACHE_REGION_SIZE = 0x0
                0x0000000008084b88                __NDATA_ROM = (__TDATA_ROM + SIZEOF (.quickaccess))

.ncache.init    0x0000000088000000        0x0 load address 0x0000000008084b88
                0x0000000088000000                __noncachedata_start__ = .
 *(NonCacheable.init)
                0x0000000088000000                . = ALIGN (0x4)
                0x0000000088000000                __noncachedata_init_end__ = .
                0x0000000088000000                . = __noncachedata_init_end__

.ncache         0x0000000088000000        0x0
 *(NonCacheable)
                0x0000000088000000                . = ALIGN (0x4)
                0x0000000088000000                __noncachedata_end__ = .
                0x0000000008084b88                __DATA_END = (__NDATA_ROM + SIZEOF (.ncache.init))
                0x0000000008181000                text_end = (ORIGIN (m_text) + LENGTH (m_text))
                0x0000000000000001                ASSERT ((__DATA_END <= text_end), region m_text overflowed with text and data)

.bss            0x0000000020000068       0x58 load address 0x0000000008084b28
                0x0000000020000068                . = ALIGN (0x8)
                0x0000000020000068                __START_BSS = .
                0x0000000020000068                __bss_start__ = .
 *(.bss)